#
# There is insufficient memory for the Java Runtime Environment to continue.
# Native memory allocation (malloc) failed to allocate 40704 bytes for Chunk::new
# Possible reasons:
#   The system is out of physical RAM or swap space
#   The process is running with CompressedOops enabled, and the Java Heap may be blocking the growth of the native heap
# Possible solutions:
#   Reduce memory load on the system
#   Increase physical memory or swap space
#   Check if swap backing store is full
#   Decrease Java heap size (-Xmx/-Xms)
#   Decrease number of Java threads
#   Decrease Java thread stack sizes (-Xss)
#   Set larger code cache with -XX:ReservedCodeCacheSize=
#   JVM is running with Zero Based Compressed Oops mode in which the Java heap is
#     placed in the first 32GB address space. The Java Heap base address is the
#     maximum limit for the native heap growth. Please use -XX:HeapBaseMinAddress
#     to set the Java Heap base and to place the Java Heap above 32GB virtual address.
# This output file may be truncated or incomplete.
#
#  Out of Memory Error (allocation.cpp:389), pid=9928, tid=0x0000000000004368
#
# JRE version: Java(TM) SE Runtime Environment (8.0_333-b02) (build 1.8.0_333-b02)
# Java VM: Java HotSpot(TM) 64-Bit Server VM (25.333-b02 mixed mode windows-amd64 compressed oops)
# Failed to write core dump. Minidumps are not enabled by default on client versions of Windows
#

---------------  T H R E A D  ---------------

Current thread (0x000001b6b3d31000):  JavaThread "C1 CompilerThread3" daemon [_thread_in_native, id=17256, stack(0x000000a1ef500000,0x000000a1ef600000)]

Stack: [0x000000a1ef500000,0x000000a1ef600000]
Native frames: (J=compiled Java code, j=interpreted, Vv=VM code, C=native code)
V  [jvm.dll+0x32fc49]


Current CompileTask:
C1:   5443 5777       1       org.springframework.asm.ClassReader::readCode (5085 bytes)


---------------  P R O C E S S  ---------------

Java Threads: ( => current thread )
  0x000001b6bbeca000 JavaThread "nacos-grpc-client-executor-3" daemon [_thread_blocked, id=1576, stack(0x000000a1f2800000,0x000000a1f2900000)]
  0x000001b6bbec2000 JavaThread "nacos-grpc-client-executor-2" daemon [_thread_blocked, id=23320, stack(0x000000a1f2700000,0x000000a1f2800000)]
  0x000001b6bbec9000 JavaThread "nacos-grpc-client-executor-1" daemon [_thread_blocked, id=17236, stack(0x000000a1f2600000,0x000000a1f2700000)]
  0x000001b6bbec7800 JavaThread "nacos-grpc-client-executor-0" daemon [_thread_blocked, id=22348, stack(0x000000a1f2500000,0x000000a1f2600000)]
  0x000001b6bbec7000 JavaThread "grpc-nio-worker-ELG-1-4" daemon [_thread_in_native, id=22428, stack(0x000000a1f2400000,0x000000a1f2500000)]
  0x000001b6bbec8800 JavaThread "grpc-nio-worker-ELG-1-3" daemon [_thread_in_native, id=6716, stack(0x000000a1f2300000,0x000000a1f2400000)]
  0x000001b6bbec4800 JavaThread "com.alibaba.nacos.client.remote.worker" daemon [_thread_blocked, id=19276, stack(0x000000a1f2200000,0x000000a1f2300000)]
  0x000001b6bbebf000 JavaThread "com.alibaba.nacos.client.remote.worker" daemon [_thread_blocked, id=22052, stack(0x000000a1f2100000,0x000000a1f2200000)]
  0x000001b6bbec1800 JavaThread "com.alibaba.nacos.client.naming.grpc.redo.0" daemon [_thread_blocked, id=8208, stack(0x000000a1f2000000,0x000000a1f2100000)]
  0x000001b6bbec6000 JavaThread "com.alibaba.nacos.naming.push.receiver" daemon [_thread_in_native, id=20612, stack(0x000000a1f1f00000,0x000000a1f2000000)]
  0x000001b6bbec0800 JavaThread "com.alibaba.nacos.client.naming.security" daemon [_thread_blocked, id=13616, stack(0x000000a1f1e00000,0x000000a1f1f00000)]
  0x000001b6bbec5800 JavaThread "com.alibaba.nacos.naming.failover" daemon [_thread_blocked, id=22352, stack(0x000000a1f1d00000,0x000000a1f1e00000)]
  0x000001b6bbec0000 JavaThread "nacos.publisher-com.alibaba.nacos.client.naming.event.InstancesChangeEvent" daemon [_thread_blocked, id=20164, stack(0x000000a1f1c00000,0x000000a1f1d00000)]
  0x000001b6b674f800 JavaThread "spring.cloud.inetutils" daemon [_thread_blocked, id=10188, stack(0x000000a1f1b00000,0x000000a1f1c00000)]
  0x000001b6b6756800 JavaThread "lettuce-eventExecutorLoop-1-1" daemon [_thread_blocked, id=21792, stack(0x000000a1f1a00000,0x000000a1f1b00000)]
  0x000001b6b6755000 JavaThread "Druid-ConnectionPool-Destroy-702531215" daemon [_thread_blocked, id=20200, stack(0x000000a1f1900000,0x000000a1f1a00000)]
  0x000001b6b6753800 JavaThread "Druid-ConnectionPool-Create-702531215" daemon [_thread_blocked, id=16320, stack(0x000000a1f1800000,0x000000a1f1900000)]
  0x000001b6b6756000 JavaThread "mysql-cj-abandoned-connection-cleanup" daemon [_thread_blocked, id=22188, stack(0x000000a1f1700000,0x000000a1f1800000)]
  0x000001b6b6753000 JavaThread "container-0" [_thread_blocked, id=19572, stack(0x000000a1f1600000,0x000000a1f1700000)]
  0x000001b6b6754800 JavaThread "Catalina-utility-2" [_thread_blocked, id=21596, stack(0x000000a1f1500000,0x000000a1f1600000)]
  0x000001b6b6750800 JavaThread "Catalina-utility-1" [_thread_blocked, id=9752, stack(0x000000a1f1400000,0x000000a1f1500000)]
  0x000001b6b6752000 JavaThread "nacos-grpc-client-executor-10" daemon [_thread_blocked, id=9264, stack(0x000000a1f1300000,0x000000a1f1400000)]
  0x000001b6b6748000 JavaThread "nacos-grpc-client-executor-9" daemon [_thread_blocked, id=18044, stack(0x000000a1f1200000,0x000000a1f1300000)]
  0x000001b6b6749800 JavaThread "nacos-grpc-client-executor-8" daemon [_thread_blocked, id=8016, stack(0x000000a1f1100000,0x000000a1f1200000)]
  0x000001b6b674e000 JavaThread "nacos-grpc-client-executor-7" daemon [_thread_blocked, id=19104, stack(0x000000a1f1000000,0x000000a1f1100000)]
  0x000001b6b674c800 JavaThread "nacos-grpc-client-executor-6" daemon [_thread_blocked, id=12380, stack(0x000000a1f0f00000,0x000000a1f1000000)]
  0x000001b6b674b000 JavaThread "nacos-grpc-client-executor-5" daemon [_thread_blocked, id=3312, stack(0x000000a1f0e00000,0x000000a1f0f00000)]
  0x000001b6b6749000 JavaThread "nacos-grpc-client-executor-4" daemon [_thread_blocked, id=23224, stack(0x000000a1f0d00000,0x000000a1f0e00000)]
  0x000001b6b674c000 JavaThread "nacos-grpc-client-executor-3" daemon [_thread_blocked, id=23148, stack(0x000000a1f0c00000,0x000000a1f0d00000)]
  0x000001b6b674f000 JavaThread "nacos-grpc-client-executor-2" daemon [_thread_blocked, id=20720, stack(0x000000a1f0b00000,0x000000a1f0c00000)]
  0x000001b6b6747800 JavaThread "nacos-grpc-client-executor-1" daemon [_thread_blocked, id=21500, stack(0x000000a1f0a00000,0x000000a1f0b00000)]
  0x000001b6b674d800 JavaThread "nacos-grpc-client-executor-0" daemon [_thread_blocked, id=22940, stack(0x000000a1f0900000,0x000000a1f0a00000)]
  0x000001b6b674a800 JavaThread "grpc-nio-worker-ELG-1-2" daemon [_thread_in_native, id=15472, stack(0x000000a1f0700000,0x000000a1f0800000)]
  0x000001b6b4a8e000 JavaThread "grpc-default-executor-0" daemon [_thread_blocked, id=16052, stack(0x000000a1f0600000,0x000000a1f0700000)]
  0x000001b6b4a8b800 JavaThread "grpc-nio-worker-ELG-1-1" daemon [_thread_in_native, id=16280, stack(0x000000a1f0500000,0x000000a1f0600000)]
  0x000001b6b4a8b000 JavaThread "com.alibaba.nacos.client.remote.worker" daemon [_thread_blocked, id=22048, stack(0x000000a1f0400000,0x000000a1f0500000)]
  0x000001b6b4a88800 JavaThread "com.alibaba.nacos.client.remote.worker" daemon [_thread_blocked, id=18292, stack(0x000000a1f0300000,0x000000a1f0400000)]
  0x000001b6b4a8a000 JavaThread "nacos.publisher-com.alibaba.nacos.common.notify.SlowEvent" daemon [_thread_blocked, id=18416, stack(0x000000a1efe00000,0x000000a1eff00000)]
  0x000001b6b4a88000 JavaThread "logback-7" daemon [_thread_blocked, id=5056, stack(0x000000a1efd00000,0x000000a1efe00000)]
  0x000001b6b4a87000 JavaThread "logback-6" daemon [_thread_blocked, id=7960, stack(0x000000a1efc00000,0x000000a1efd00000)]
  0x000001b6b4a8c800 JavaThread "AsyncAppender-Worker-dayLogAsyncAppender" daemon [_thread_blocked, id=5392, stack(0x000000a1efb00000,0x000000a1efc00000)]
  0x000001b6b4a89800 JavaThread "logback-5" daemon [_thread_blocked, id=19780, stack(0x000000a1ef900000,0x000000a1efa00000)]
  0x000001b6b4a82000 JavaThread "RMI Scheduler(0)" daemon [_thread_blocked, id=18256, stack(0x000000a1f0200000,0x000000a1f0300000)]
  0x000001b6b491e000 JavaThread "com.alibaba.nacos.client.Worker" daemon [_thread_blocked, id=13648, stack(0x000000a1f0100000,0x000000a1f0200000)]
  0x000001b6b4920000 JavaThread "com.alibaba.nacos.client.identify.watcher.0" daemon [_thread_blocked, id=20328, stack(0x000000a1f0000000,0x000000a1f0100000)]
  0x000001b6b4a39000 JavaThread "RMI TCP Connection(1)-192.168.1.136" daemon [_thread_in_native, id=21436, stack(0x000000a1eff00000,0x000000a1f0000000)]
  0x000001b6b45bc000 JavaThread "AsyncAppender-Worker-dayLogAsyncAppender" daemon [_thread_blocked, id=17296, stack(0x000000a1efa00000,0x000000a1efb00000)]
  0x000001b6b4070000 JavaThread "RMI TCP Accept-0" daemon [_thread_in_native, id=3888, stack(0x000000a1ef700000,0x000000a1ef800000)]
  0x000001b6b3dd3800 JavaThread "Service Thread" daemon [_thread_blocked, id=9904, stack(0x000000a1ef600000,0x000000a1ef700000)]
=>0x000001b6b3d31000 JavaThread "C1 CompilerThread3" daemon [_thread_in_native, id=17256, stack(0x000000a1ef500000,0x000000a1ef600000)]
  0x000001b6b3d30800 JavaThread "C2 CompilerThread2" daemon [_thread_blocked, id=5300, stack(0x000000a1ef400000,0x000000a1ef500000)]
  0x000001b6b3cd2000 JavaThread "C2 CompilerThread1" daemon [_thread_blocked, id=7040, stack(0x000000a1ef300000,0x000000a1ef400000)]
  0x000001b6b3cd1000 JavaThread "C2 CompilerThread0" daemon [_thread_blocked, id=17456, stack(0x000000a1ef200000,0x000000a1ef300000)]
  0x000001b6b3303800 JavaThread "JDWP Command Reader" daemon [_thread_in_native, id=21780, stack(0x000000a1ef100000,0x000000a1ef200000)]
  0x000001b6b32fe800 JavaThread "JDWP Event Helper Thread" daemon [_thread_blocked, id=23192, stack(0x000000a1ef000000,0x000000a1ef100000)]
  0x000001b6b103e800 JavaThread "JDWP Transport Listener: dt_socket" daemon [_thread_blocked, id=16200, stack(0x000000a1eef00000,0x000000a1ef000000)]
  0x000001b6b32d5000 JavaThread "Attach Listener" daemon [_thread_blocked, id=7748, stack(0x000000a1eee00000,0x000000a1eef00000)]
  0x000001b6b32d4000 JavaThread "Signal Dispatcher" daemon [_thread_blocked, id=19352, stack(0x000000a1eed00000,0x000000a1eee00000)]
  0x000001b6b1021000 JavaThread "Finalizer" daemon [_thread_blocked, id=13600, stack(0x000000a1eec00000,0x000000a1eed00000)]
  0x000001b6b1019800 JavaThread "Reference Handler" daemon [_thread_blocked, id=21776, stack(0x000000a1eeb00000,0x000000a1eec00000)]
  0x000001b696351000 JavaThread "main" [_thread_blocked, id=23248, stack(0x000000a1edf00000,0x000000a1ee000000)]

Other Threads:
  0x000001b6b0ff9000 VMThread [stack: 0x000000a1eea00000,0x000000a1eeb00000] [id=16040]
  0x000001b6b4081000 WatcherThread [stack: 0x000000a1ef800000,0x000000a1ef900000] [id=17372]

VM state:at safepoint (normal execution)

VM Mutex/Monitor currently owned by a thread:  ([mutex/lock_event])
[0x000001b696336090] Threads_lock - owner thread: 0x000001b6b0ff9000
[0x000001b696335f10] Heap_lock - owner thread: 0x000001b696351000

heap address: 0x00000006c6800000, size: 3992 MB, Compressed Oops mode: Zero based, Oop shift amount: 3
Narrow klass base: 0x0000000000000000, Narrow klass shift: 3
Compressed class space size: 1073741824 Address: 0x00000007c0000000

Heap:
 PSYoungGen      total 254976K, used 97882K [0x000000076cd80000, 0x000000077e600000, 0x00000007c0000000)
  eden space 238592K, 35% used [0x000000076cd80000,0x0000000771f30a20,0x000000077b680000)
  from space 16384K, 86% used [0x000000077ca00000,0x000000077d7e5f68,0x000000077da00000)
  to   space 19968K, 4% used [0x000000077b680000,0x000000077b780000,0x000000077ca00000)
 ParOldGen       total 176640K, used 25358K [0x00000006c6800000, 0x00000006d1480000, 0x000000076cd80000)
  object space 176640K, 14% used [0x00000006c6800000,0x00000006c80c3ac0,0x00000006d1480000)
 Metaspace       used 66114K, capacity 69460K, committed 69544K, reserved 1118208K
  class space    used 8980K, capacity 9596K, committed 9640K, reserved 1048576K

Card table byte_map: [0x000001b6a7170000,0x000001b6a7940000] byte_map_base: 0x000001b6a3b3c000

Marking Bits: (ParMarkBitMap*) 0x000000005c0a9030
 Begin Bits: [0x000001b6a7e80000, 0x000001b6abce0000)
 End Bits:   [0x000001b6abce0000, 0x000001b6afb40000)

Polling page: 0x000001b697d80000

CodeCache: size=245760Kb used=12082Kb max_used=12082Kb free=233677Kb
 bounds [0x000001b697db0000, 0x000001b698980000, 0x000001b6a6db0000]
 total_blobs=6313 nmethods=5737 adapters=495
 compilation: enabled

Compilation events (10 events):
Event: 5.423 Thread 0x000001b6b3d31000 nmethod 5772 0x000001b69897bf90 code [0x000001b69897c0e0, 0x000001b69897c238]
Event: 5.423 Thread 0x000001b6b3d31000 5773       1       org.springframework.data.util.Streamable$$Lambda$826/436600718::get$Lambda (9 bytes)
Event: 5.423 Thread 0x000001b6b3d31000 nmethod 5773 0x000001b69897c350 code [0x000001b69897c4a0, 0x000001b69897c5f8]
Event: 5.423 Thread 0x000001b6b3d31000 5774       1       org.springframework.data.util.Streamable$$Lambda$826/436600718::<init> (10 bytes)
Event: 5.423 Thread 0x000001b6b3d31000 nmethod 5774 0x000001b69897c690 code [0x000001b69897c7e0, 0x000001b69897c918]
Event: 5.424 Thread 0x000001b6b3d31000 5775       1       java.lang.reflect.Executable::getParameters (11 bytes)
Event: 5.424 Thread 0x000001b6b3d31000 nmethod 5775 0x000001b69897c990 code [0x000001b69897cb00, 0x000001b69897cca0]
Event: 5.424 Thread 0x000001b6b3d31000 5776   !   1       java.lang.reflect.Executable::privateGetParameters (62 bytes)
Event: 5.424 Thread 0x000001b6b3d31000 nmethod 5776 0x000001b69897cd50 code [0x000001b69897cee0, 0x000001b69897d180]
Event: 5.430 Thread 0x000001b6b3d31000 5777       1       org.springframework.asm.ClassReader::readCode (5085 bytes)

GC Heap History (10 events):
Event: 3.439 GC heap before
{Heap before GC invocations=13 (full 2):
 PSYoungGen      total 214528K, used 214102K [0x000000076cd80000, 0x000000077b400000, 0x00000007c0000000)
  eden space 203776K, 100% used [0x000000076cd80000,0x0000000779480000,0x0000000779480000)
  from space 10752K, 96% used [0x000000077a980000,0x000000077b395880,0x000000077b400000)
  to   space 13312K, 0% used [0x0000000779a00000,0x0000000779a00000,0x000000077a700000)
 ParOldGen       total 176640K, used 11504K [0x00000006c6800000, 0x00000006d1480000, 0x000000076cd80000)
  object space 176640K, 6% used [0x00000006c6800000,0x00000006c733c260,0x00000006d1480000)
 Metaspace       used 46500K, capacity 48524K, committed 48680K, reserved 1091584K
  class space    used 6231K, capacity 6620K, committed 6696K, reserved 1048576K
Event: 3.446 GC heap after
Heap after GC invocations=13 (full 2):
 PSYoungGen      total 222720K, used 13292K [0x000000076cd80000, 0x000000077da00000, 0x00000007c0000000)
  eden space 209408K, 0% used [0x000000076cd80000,0x000000076cd80000,0x0000000779a00000)
  from space 13312K, 99% used [0x0000000779a00000,0x000000077a6fb348,0x000000077a700000)
  to   space 16384K, 0% used [0x000000077ca00000,0x000000077ca00000,0x000000077da00000)
 ParOldGen       total 176640K, used 15586K [0x00000006c6800000, 0x00000006d1480000, 0x000000076cd80000)
  object space 176640K, 8% used [0x00000006c6800000,0x00000006c77388f0,0x00000006d1480000)
 Metaspace       used 46500K, capacity 48524K, committed 48680K, reserved 1091584K
  class space    used 6231K, capacity 6620K, committed 6696K, reserved 1048576K
}
Event: 4.132 GC heap before
{Heap before GC invocations=14 (full 2):
 PSYoungGen      total 222720K, used 222700K [0x000000076cd80000, 0x000000077da00000, 0x00000007c0000000)
  eden space 209408K, 100% used [0x000000076cd80000,0x0000000779a00000,0x0000000779a00000)
  from space 13312K, 99% used [0x0000000779a00000,0x000000077a6fb348,0x000000077a700000)
  to   space 16384K, 0% used [0x000000077ca00000,0x000000077ca00000,0x000000077da00000)
 ParOldGen       total 176640K, used 15586K [0x00000006c6800000, 0x00000006d1480000, 0x000000076cd80000)
  object space 176640K, 8% used [0x00000006c6800000,0x00000006c77388f0,0x00000006d1480000)
 Metaspace       used 53480K, capacity 55898K, committed 56104K, reserved 1097728K
  class space    used 7105K, capacity 7599K, committed 7720K, reserved 1048576K
Event: 4.141 GC heap after
Heap after GC invocations=14 (full 2):
 PSYoungGen      total 254976K, used 16362K [0x000000076cd80000, 0x000000077e600000, 0x00000007c0000000)
  eden space 238592K, 0% used [0x000000076cd80000,0x000000076cd80000,0x000000077b680000)
  from space 16384K, 99% used [0x000000077ca00000,0x000000077d9fa8b0,0x000000077da00000)
  to   space 19968K, 0% used [0x000000077b680000,0x000000077b680000,0x000000077ca00000)
 ParOldGen       total 176640K, used 18486K [0x00000006c6800000, 0x00000006d1480000, 0x000000076cd80000)
  object space 176640K, 10% used [0x00000006c6800000,0x00000006c7a0dbe8,0x00000006d1480000)
 Metaspace       used 53480K, capacity 55898K, committed 56104K, reserved 1097728K
  class space    used 7105K, capacity 7599K, committed 7720K, reserved 1048576K
}
Event: 4.333 GC heap before
{Heap before GC invocations=15 (full 2):
 PSYoungGen      total 254976K, used 71791K [0x000000076cd80000, 0x000000077e600000, 0x00000007c0000000)
  eden space 238592K, 23% used [0x000000076cd80000,0x00000007703a15e8,0x000000077b680000)
  from space 16384K, 99% used [0x000000077ca00000,0x000000077d9fa8b0,0x000000077da00000)
  to   space 19968K, 0% used [0x000000077b680000,0x000000077b680000,0x000000077ca00000)
 ParOldGen       total 176640K, used 18486K [0x00000006c6800000, 0x00000006d1480000, 0x000000076cd80000)
  object space 176640K, 10% used [0x00000006c6800000,0x00000006c7a0dbe8,0x00000006d1480000)
 Metaspace       used 56505K, capacity 59080K, committed 59160K, reserved 1099776K
  class space    used 7531K, capacity 8047K, committed 8104K, reserved 1048576K
Event: 4.340 GC heap after
Heap after GC invocations=15 (full 2):
 PSYoungGen      total 258560K, used 16038K [0x000000076cd80000, 0x000000077e600000, 0x00000007c0000000)
  eden space 238592K, 0% used [0x000000076cd80000,0x000000076cd80000,0x000000077b680000)
  from space 19968K, 80% used [0x000000077b680000,0x000000077c629b98,0x000000077ca00000)
  to   space 16384K, 0% used [0x000000077ca00000,0x000000077ca00000,0x000000077da00000)
 ParOldGen       total 176640K, used 18494K [0x00000006c6800000, 0x00000006d1480000, 0x000000076cd80000)
  object space 176640K, 10% used [0x00000006c6800000,0x00000006c7a0fbe8,0x00000006d1480000)
 Metaspace       used 56505K, capacity 59080K, committed 59160K, reserved 1099776K
  class space    used 7531K, capacity 8047K, committed 8104K, reserved 1048576K
}
Event: 4.340 GC heap before
{Heap before GC invocations=16 (full 3):
 PSYoungGen      total 258560K, used 16038K [0x000000076cd80000, 0x000000077e600000, 0x00000007c0000000)
  eden space 238592K, 0% used [0x000000076cd80000,0x000000076cd80000,0x000000077b680000)
  from space 19968K, 80% used [0x000000077b680000,0x000000077c629b98,0x000000077ca00000)
  to   space 16384K, 0% used [0x000000077ca00000,0x000000077ca00000,0x000000077da00000)
 ParOldGen       total 176640K, used 18494K [0x00000006c6800000, 0x00000006d1480000, 0x000000076cd80000)
  object space 176640K, 10% used [0x00000006c6800000,0x00000006c7a0fbe8,0x00000006d1480000)
 Metaspace       used 56505K, capacity 59080K, committed 59160K, reserved 1099776K
  class space    used 7531K, capacity 8047K, committed 8104K, reserved 1048576K
Event: 4.430 GC heap after
Heap after GC invocations=16 (full 3):
 PSYoungGen      total 258560K, used 0K [0x000000076cd80000, 0x000000077e600000, 0x00000007c0000000)
  eden space 238592K, 0% used [0x000000076cd80000,0x000000076cd80000,0x000000077b680000)
  from space 19968K, 0% used [0x000000077b680000,0x000000077b680000,0x000000077ca00000)
  to   space 16384K, 0% used [0x000000077ca00000,0x000000077ca00000,0x000000077da00000)
 ParOldGen       total 176640K, used 25350K [0x00000006c6800000, 0x00000006d1480000, 0x000000076cd80000)
  object space 176640K, 14% used [0x00000006c6800000,0x00000006c80c1ac0,0x00000006d1480000)
 Metaspace       used 56505K, capacity 59080K, committed 59160K, reserved 1099776K
  class space    used 7531K, capacity 8047K, committed 8104K, reserved 1048576K
}
Event: 5.220 GC heap before
{Heap before GC invocations=17 (full 3):
 PSYoungGen      total 258560K, used 238592K [0x000000076cd80000, 0x000000077e600000, 0x00000007c0000000)
  eden space 238592K, 100% used [0x000000076cd80000,0x000000077b680000,0x000000077b680000)
  from space 19968K, 0% used [0x000000077b680000,0x000000077b680000,0x000000077ca00000)
  to   space 16384K, 0% used [0x000000077ca00000,0x000000077ca00000,0x000000077da00000)
 ParOldGen       total 176640K, used 25350K [0x00000006c6800000, 0x00000006d1480000, 0x000000076cd80000)
  object space 176640K, 14% used [0x00000006c6800000,0x00000006c80c1ac0,0x00000006d1480000)
 Metaspace       used 64472K, capacity 67566K, committed 67752K, reserved 1107968K
  class space    used 8714K, capacity 9306K, committed 9384K, reserved 1048576K
Event: 5.226 GC heap after
Heap after GC invocations=17 (full 3):
 PSYoungGen      total 254976K, used 14231K [0x000000076cd80000, 0x000000077e600000, 0x00000007c0000000)
  eden space 238592K, 0% used [0x000000076cd80000,0x000000076cd80000,0x000000077b680000)
  from space 16384K, 86% used [0x000000077ca00000,0x000000077d7e5f68,0x000000077da00000)
  to   space 19968K, 0% used [0x000000077b680000,0x000000077b680000,0x000000077ca00000)
 ParOldGen       total 176640K, used 25358K [0x00000006c6800000, 0x00000006d1480000, 0x000000076cd80000)
  object space 176640K, 14% used [0x00000006c6800000,0x00000006c80c3ac0,0x00000006d1480000)
 Metaspace       used 64472K, capacity 67566K, committed 67752K, reserved 1107968K
  class space    used 8714K, capacity 9306K, committed 9384K, reserved 1048576K
}

Deoptimization events (0 events):
No events

Classes redefined (0 events):
No events

Internal exceptions (10 events):
Event: 4.792 Thread 0x000001b696351000 Exception <a 'java/lang/ClassNotFoundException': com/sun/org/glassfish/hk2/osgiresourcelocator/ServiceLoader> (0x00000007746580e8) thrown at [C:\jenkins\workspace\8-2-build-windows-amd64-cygwin\jdk8u333\2551\hotspot\src\share\vm\classfile\systemDictionary
Event: 4.913 Thread 0x000001b696351000 Exception <a 'java/security/PrivilegedActionException'> (0x00000007777a9998) thrown at [C:\jenkins\workspace\8-2-build-windows-amd64-cygwin\jdk8u333\2551\hotspot\src\share\vm\prims\jvm.cpp, line 1523]
Event: 4.913 Thread 0x000001b696351000 Exception <a 'java/security/PrivilegedActionException'> (0x00000007777a9d90) thrown at [C:\jenkins\workspace\8-2-build-windows-amd64-cygwin\jdk8u333\2551\hotspot\src\share\vm\prims\jvm.cpp, line 1523]
Event: 4.981 Thread 0x000001b696351000 Exception <a 'java/lang/IncompatibleClassChangeError': Found class java.lang.Object, but interface was expected> (0x00000007790f1288) thrown at [C:\jenkins\workspace\8-2-build-windows-amd64-cygwin\jdk8u333\2551\hotspot\src\share\vm\interpreter\linkResolve
Event: 5.254 Thread 0x000001b696351000 Exception <a 'java/lang/NoSuchMethodError': java.lang.Object.lambda$simple$0(Ljava/lang/String;)Ljava/lang/String;> (0x000000076dac8650) thrown at [C:\jenkins\workspace\8-2-build-windows-amd64-cygwin\jdk8u333\2551\hotspot\src\share\vm\interpreter\linkReso
Event: 5.327 Thread 0x000001b696351000 Exception <a 'java/lang/NoSuchMethodError': java.lang.Object.lambda$andThen$1(Ljava/util/function/Function;Ljava/lang/Object;)Ljava/lang/Object;> (0x000000076f121900) thrown at [C:\jenkins\workspace\8-2-build-windows-amd64-cygwin\jdk8u333\2551\hotspot\src
Event: 5.372 Thread 0x000001b696351000 Exception <a 'java/lang/ClassNotFoundException': java/lang/ObjectCustomizer> (0x000000076fce9598) thrown at [C:\jenkins\workspace\8-2-build-windows-amd64-cygwin\jdk8u333\2551\hotspot\src\share\vm\classfile\systemDictionary.cpp, line 212]
Event: 5.373 Thread 0x000001b696351000 Exception <a 'java/lang/ClassNotFoundException': org/springframework/boot/actuate/autoconfigure/metrics/jdbc/DataSourcePoolMetricsAutoConfiguration$HikariDataSourceMetricsConfigurationCustomizer> (0x000000076fd5e5d8) thrown at [C:\jenkins\workspace\8-2-bu
Event: 5.373 Thread 0x000001b696351000 Exception <a 'java/lang/ClassNotFoundException': java/lang/ObjectCustomizer> (0x000000076fd83428) thrown at [C:\jenkins\workspace\8-2-build-windows-amd64-cygwin\jdk8u333\2551\hotspot\src\share\vm\classfile\systemDictionary.cpp, line 212]
Event: 5.374 Thread 0x000001b696351000 Exception <a 'java/lang/ClassNotFoundException': org/springframework/boot/actuate/autoconfigure/metrics/jdbc/DataSourcePoolMetricsAutoConfiguration$DataSourcePoolMetadataMetricsConfigurationCustomizer> (0x000000076fdfc1d0) thrown at [C:\jenkins\workspace\

Events (10 events):
Event: 5.429 Thread 0x000001b696351000 DEOPT PACKING pc=0x000001b69814e72c sp=0x000000a1edffd6f0
Event: 5.429 Thread 0x000001b696351000 DEOPT UNPACKING pc=0x000001b697df7918 sp=0x000000a1edffd4a8 mode 1
Event: 5.429 Thread 0x000001b696351000 DEOPT PACKING pc=0x000001b69814e72c sp=0x000000a1edffd6f0
Event: 5.429 Thread 0x000001b696351000 DEOPT UNPACKING pc=0x000001b697df7918 sp=0x000000a1edffd4a8 mode 1
Event: 5.429 Thread 0x000001b696351000 DEOPT PACKING pc=0x000001b69814e72c sp=0x000000a1edffd6f0
Event: 5.429 Thread 0x000001b696351000 DEOPT UNPACKING pc=0x000001b697df7918 sp=0x000000a1edffd4a8 mode 1
Event: 5.429 Thread 0x000001b696351000 DEOPT PACKING pc=0x000001b698166b8c sp=0x000000a1edffd690
Event: 5.429 Thread 0x000001b696351000 DEOPT UNPACKING pc=0x000001b697df7918 sp=0x000000a1edffd430 mode 1
Event: 5.429 Thread 0x000001b696351000 DEOPT PACKING pc=0x000001b6981b902c sp=0x000000a1edffd780
Event: 5.429 Thread 0x000001b696351000 DEOPT UNPACKING pc=0x000001b697df7918 sp=0x000000a1edffd4c0 mode 1


Dynamic libraries:
0x00007ff7a1280000 - 0x00007ff7a12c7000 	C:\Program Files\Java\jdk1.8.0_333\bin\java.exe
0x00007ff978b30000 - 0x00007ff978d27000 	C:\Windows\SYSTEM32\ntdll.dll
0x00007ff977d20000 - 0x00007ff977ddd000 	C:\Windows\System32\KERNEL32.DLL
0x00007ff9764b0000 - 0x00007ff97677d000 	C:\Windows\System32\KERNELBASE.dll
0x00007ff978a10000 - 0x00007ff978abe000 	C:\Windows\System32\ADVAPI32.dll
0x00007ff976b90000 - 0x00007ff976c2e000 	C:\Windows\System32\msvcrt.dll
0x00007ff9780e0000 - 0x00007ff97817c000 	C:\Windows\System32\sechost.dll
0x00007ff978180000 - 0x00007ff9782a5000 	C:\Windows\System32\RPCRT4.dll
0x00007ff977de0000 - 0x00007ff977f80000 	C:\Windows\System32\USER32.dll
0x00007ff976250000 - 0x00007ff976272000 	C:\Windows\System32\win32u.dll
0x00007ff977f80000 - 0x00007ff977faa000 	C:\Windows\System32\GDI32.dll
0x00007ff976950000 - 0x00007ff976a5b000 	C:\Windows\System32\gdi32full.dll
0x00007ff976310000 - 0x00007ff9763ad000 	C:\Windows\System32\msvcp_win.dll
0x00007ff9763b0000 - 0x00007ff9764b0000 	C:\Windows\System32\ucrtbase.dll
0x00007ff964c10000 - 0x00007ff964eaa000 	C:\Windows\WinSxS\amd64_microsoft.windows.common-controls_6595b64144ccf1df_6.0.19041.1110_none_60b5254171f9507e\COMCTL32.dll
0x00007ff9776f0000 - 0x00007ff977720000 	C:\Windows\System32\IMM32.DLL
0x00007ff971e00000 - 0x00007ff971e15000 	C:\Program Files\Java\jdk1.8.0_333\jre\bin\vcruntime140.dll
0x00007ff95aa50000 - 0x00007ff95aaeb000 	C:\Program Files\Java\jdk1.8.0_333\jre\bin\msvcp140.dll
0x000000005b8c0000 - 0x000000005c121000 	C:\Program Files\Java\jdk1.8.0_333\jre\bin\server\jvm.dll
0x00007ff976c30000 - 0x00007ff976c38000 	C:\Windows\System32\PSAPI.DLL
0x00007ff964180000 - 0x00007ff9641a7000 	C:\Windows\SYSTEM32\WINMM.dll
0x00007ff964260000 - 0x00007ff96426a000 	C:\Windows\SYSTEM32\VERSION.dll
0x00007ff95a740000 - 0x00007ff95a749000 	C:\Windows\SYSTEM32\WSOCK32.dll
0x00007ff977a50000 - 0x00007ff977abb000 	C:\Windows\System32\WS2_32.dll
0x00007ff974170000 - 0x00007ff974182000 	C:\Windows\SYSTEM32\kernel.appcore.dll
0x00007ff971f70000 - 0x00007ff971f80000 	C:\Program Files\Java\jdk1.8.0_333\jre\bin\verify.dll
0x00007ff971d50000 - 0x00007ff971d7b000 	C:\Program Files\Java\jdk1.8.0_333\jre\bin\java.dll
0x00007ff963580000 - 0x00007ff9635b6000 	C:\Program Files\Java\jdk1.8.0_333\jre\bin\jdwp.dll
0x00007ff971df0000 - 0x00007ff971df9000 	C:\Program Files\Java\jdk1.8.0_333\jre\bin\npt.dll
0x00007ff95b320000 - 0x00007ff95b350000 	C:\Program Files\Java\jdk1.8.0_333\jre\bin\instrument.dll
0x00007ff971d30000 - 0x00007ff971d48000 	C:\Program Files\Java\jdk1.8.0_333\jre\bin\zip.dll
0x00007ff976fa0000 - 0x00007ff9776e4000 	C:\Windows\System32\SHELL32.dll
0x00007ff974370000 - 0x00007ff974b04000 	C:\Windows\SYSTEM32\windows.storage.dll
0x00007ff976c40000 - 0x00007ff976f94000 	C:\Windows\System32\combase.dll
0x00007ff975be0000 - 0x00007ff975c0c000 	C:\Windows\SYSTEM32\Wldp.dll
0x00007ff978830000 - 0x00007ff9788dd000 	C:\Windows\System32\SHCORE.dll
0x00007ff977fb0000 - 0x00007ff978005000 	C:\Windows\System32\shlwapi.dll
0x00007ff976190000 - 0x00007ff9761af000 	C:\Windows\SYSTEM32\profapi.dll
0x00007ff96d890000 - 0x00007ff96d89a000 	C:\Program Files\Java\jdk1.8.0_333\jre\bin\dt_socket.dll
0x00007ff975940000 - 0x00007ff9759aa000 	C:\Windows\system32\mswsock.dll
0x00007ff971d10000 - 0x00007ff971d2c000 	C:\Program Files\Java\jdk1.8.0_333\jre\bin\net.dll
0x00007ff975670000 - 0x00007ff97573b000 	C:\Windows\SYSTEM32\DNSAPI.dll
0x00007ff975630000 - 0x00007ff97566b000 	C:\Windows\SYSTEM32\IPHLPAPI.DLL
0x00007ff978ae0000 - 0x00007ff978ae8000 	C:\Windows\System32\NSI.dll
0x00007ff970540000 - 0x00007ff97054a000 	C:\Windows\System32\rasadhlp.dll
0x00007ff96ff00000 - 0x00007ff96ff80000 	C:\Windows\System32\fwpuclnt.dll
0x00007ff976a60000 - 0x00007ff976a87000 	C:\Windows\System32\bcrypt.dll
0x00007ff96d810000 - 0x00007ff96d81d000 	C:\Program Files\Java\jdk1.8.0_333\jre\bin\management.dll
0x00007ff971900000 - 0x00007ff971913000 	C:\Program Files\Java\jdk1.8.0_333\jre\bin\nio.dll
0x00007ff975b40000 - 0x00007ff975b58000 	C:\Windows\SYSTEM32\CRYPTSP.dll
0x00007ff9752c0000 - 0x00007ff9752f4000 	C:\Windows\system32\rsaenh.dll
0x00007ff976150000 - 0x00007ff97617e000 	C:\Windows\SYSTEM32\USERENV.dll
0x00007ff976280000 - 0x00007ff976302000 	C:\Windows\System32\bcryptprimitives.dll
0x00007ff975b30000 - 0x00007ff975b3c000 	C:\Windows\SYSTEM32\CRYPTBASE.dll
0x00007ff970bc0000 - 0x00007ff970bd7000 	C:\Windows\SYSTEM32\dhcpcsvc6.DLL
0x00007ff970ba0000 - 0x00007ff970bbd000 	C:\Windows\SYSTEM32\dhcpcsvc.DLL
0x00007ff9538f0000 - 0x00007ff953907000 	C:\Windows\system32\napinsp.dll
0x00007ff9538d0000 - 0x00007ff9538eb000 	C:\Windows\system32\pnrpnsp.dll
0x00007ff9538b0000 - 0x00007ff9538c5000 	C:\Windows\system32\wshbth.dll
0x00007ff971cd0000 - 0x00007ff971ced000 	C:\Windows\system32\NLAapi.dll
0x00007ff953890000 - 0x00007ff9538a2000 	C:\Windows\System32\winrnr.dll

VM Arguments:
jvm_args: -agentlib:jdwp=transport=dt_socket,address=127.0.0.1:55870,suspend=y,server=n -XX:TieredStopAtLevel=1 -Xverify:none -Dspring.output.ansi.enabled=always -javaagent:C:\Users\Admin\AppData\Local\JetBrains\IntelliJIdea2021.1\captureAgent\debugger-agent.jar -Dcom.sun.management.jmxremote -Dspring.jmx.enabled=true -Dspring.liveBeansView.mbeanDomain -Dspring.application.admin.enabled=true -Dfile.encoding=UTF-8 
java_command: com.novedu.nov.AuthServiceApplication
java_class_path (initial): C:\Program Files\Java\jdk1.8.0_333\jre\lib\charsets.jar;C:\Program Files\Java\jdk1.8.0_333\jre\lib\deploy.jar;C:\Program Files\Java\jdk1.8.0_333\jre\lib\ext\access-bridge-64.jar;C:\Program Files\Java\jdk1.8.0_333\jre\lib\ext\cldrdata.jar;C:\Program Files\Java\jdk1.8.0_333\jre\lib\ext\dnsns.jar;C:\Program Files\Java\jdk1.8.0_333\jre\lib\ext\jaccess.jar;C:\Program Files\Java\jdk1.8.0_333\jre\lib\ext\jfxrt.jar;C:\Program Files\Java\jdk1.8.0_333\jre\lib\ext\localedata.jar;C:\Program Files\Java\jdk1.8.0_333\jre\lib\ext\nashorn.jar;C:\Program Files\Java\jdk1.8.0_333\jre\lib\ext\sunec.jar;C:\Program Files\Java\jdk1.8.0_333\jre\lib\ext\sunjce_provider.jar;C:\Program Files\Java\jdk1.8.0_333\jre\lib\ext\sunmscapi.jar;C:\Program Files\Java\jdk1.8.0_333\jre\lib\ext\sunpkcs11.jar;C:\Program Files\Java\jdk1.8.0_333\jre\lib\ext\zipfs.jar;C:\Program Files\Java\jdk1.8.0_333\jre\lib\javaws.jar;C:\Program Files\Java\jdk1.8.0_333\jre\lib\jce.jar;C:\Program Files\Java\jdk1.8.0_333\jre\lib\jfr.jar;C:\Program Files\Java\jdk1.8.0_333\jre\lib\jfxswt.jar;C:\Program Files\Java\jdk1.8.0_333\jre\lib\jsse.jar;C:\Program Files\Java\jdk1.8.0_333\jre\lib\management-agent.jar;C:\Program Files\Java\jdk1.8.0_333\jre\lib\plugin.jar;C:\Program Files\Java\jdk1.8.0_333\jre\lib\resources.jar;C:\Program Files\Java\jdk1.8.0_333\jre\lib\rt.jar;D:\workspace\git\nov-edu\server\nov-starter\nov-service\service_auth\target\classes;C:\Users\Admin\.m2\repository\org\springframework\boot\spring-boot-starter-security\2.3.0.RELEASE\spring-boot-starter-security-2.3.0.RELEASE.jar;C:\Users\Admin\.m2\repository\org\springframework\boot\spring-boot-starter\2.3.12.RELEASE\spring-boot-starter-2.3.12.RELEASE.jar;C:\Users\Admin\.m2\repository\org\springframework\boot\spring-boot\2.3.12.RELEASE\spring-boot-2.3.12.RELEASE.jar;C:\Users\Admin\.m2\repository\org\springframework\boot\spring-boot-starter-logging\2.3.12.RELEASE\spring-boot-starter-logging-2.3.12.RELEASE.jar;C:\Users\Admin\.m2\repository\ch\
Launcher Type: SUN_STANDARD

Environment Variables:
JAVA_HOME=C:\Program Files\Java\jdk1.8.0_333
CLASSPATH=.;C:\Program Files\Java\jdk1.8.0_333\lib;C:\Program Files\Java\jdk1.8.0_333\lib\tools.jar
PATH=c:\app\Admin\product\11.2.0\client_1\bin;C:\Program Files (x86)\Common Files\Oracle\Java\javapath;C:\Windows\system32;C:\Windows;C:\Windows\System32\Wbem;C:\Windows\System32\WindowsPowerShell\v1.0\;C:\Windows\System32\OpenSSH\;";C:\Program Files\Java\jdk1.8.0_333\bin;C:\Program Files\Java\jdk1.8.0_333\jre\bin;";C:\Program Files (x86)\NetSarang\Xftp 7\;C:\Program Files\nodejs\;C:\Program Files\Git\cmd;C:\Program Files\Docker\Docker\resources\bin;C:\ProgramData\DockerDesktop\version-bin;C:\Program Files\TortoiseSVN\bin;C:\Program Files (x86)\NetSarang\Xshell 7\;C:\Users\Admin\AppData\Local\Microsoft\WindowsApps;;C:\Users\Admin\AppData\Local\Programs\Microsoft VS Code\bin;C:\Users\Admin\AppData\Roaming\npm
USERNAME=Admin
OS=Windows_NT
PROCESSOR_IDENTIFIER=Intel64 Family 6 Model 151 Stepping 5, GenuineIntel



---------------  S Y S T E M  ---------------

OS: Windows 10 , 64 bit Build 19041 (10.0.19041.1741)

CPU:total 12 (initial active 12) (6 cores per cpu, 2 threads per core) family 6 model 151 stepping 5, cmov, cx8, fxsr, mmx, sse, sse2, sse3, ssse3, sse4.1, sse4.2, popcnt, avx, avx2, aes, clmul, erms, 3dnowpref, lzcnt, ht, tsc, tscinvbit, bmi1, bmi2, adx

Memory: 4k page, physical 16346224k(938028k free), swap 24734832k(3844k free)

vm_info: Java HotSpot(TM) 64-Bit Server VM (25.333-b02) for windows-amd64 JRE (1.8.0_333-b02), built on Apr 25 2022 22:49:11 by "java_re" with MS VC++ 15.9 (VS2017)

time: Tue Jul 12 17:10:40 2022
timezone: 中国标准时间
elapsed time: 5.448521 seconds (0d 0h 0m 5s)

