#
# There is insufficient memory for the Java Runtime Environment to continue.
# Native memory allocation (malloc) failed to allocate 32744 bytes for ChunkPool::allocate
# Possible reasons:
#   The system is out of physical RAM or swap space
#   The process is running with CompressedOops enabled, and the Java Heap may be blocking the growth of the native heap
# Possible solutions:
#   Reduce memory load on the system
#   Increase physical memory or swap space
#   Check if swap backing store is full
#   Decrease Java heap size (-Xmx/-Xms)
#   Decrease number of Java threads
#   Decrease Java thread stack sizes (-Xss)
#   Set larger code cache with -XX:ReservedCodeCacheSize=
#   JVM is running with Zero Based Compressed Oops mode in which the Java heap is
#     placed in the first 32GB address space. The Java Heap base address is the
#     maximum limit for the native heap growth. Please use -XX:HeapBaseMinAddress
#     to set the Java Heap base and to place the Java Heap above 32GB virtual address.
# This output file may be truncated or incomplete.
#
#  Out of Memory Error (allocation.cpp:272), pid=2984, tid=0x000000000000188c
#
# JRE version: Java(TM) SE Runtime Environment (8.0_333-b02) (build 1.8.0_333-b02)
# Java VM: Java HotSpot(TM) 64-Bit Server VM (25.333-b02 mixed mode windows-amd64 compressed oops)
# Failed to write core dump. Minidumps are not enabled by default on client versions of Windows
#

---------------  T H R E A D  ---------------

Current thread (0x00000188173ed800):  JavaThread "C2 CompilerThread1" daemon [_thread_in_native, id=6284, stack(0x0000008174d00000,0x0000008174e00000)]

Stack: [0x0000008174d00000,0x0000008174e00000]
Native frames: (J=compiled Java code, j=interpreted, Vv=VM code, C=native code)
V  [jvm.dll+0x32fc49]
V  [jvm.dll+0x2761a2]
V  [jvm.dll+0x276e4d]
V  [jvm.dll+0x26d7f5]
V  [jvm.dll+0xd5ead]
V  [jvm.dll+0xd620c]
V  [jvm.dll+0xd5d5d]
V  [jvm.dll+0x4c7b6f]
V  [jvm.dll+0x4e28ea]
V  [jvm.dll+0x438fb2]
V  [jvm.dll+0x441d65]
V  [jvm.dll+0x441125]
V  [jvm.dll+0x42becb]
V  [jvm.dll+0xac68b]
V  [jvm.dll+0xaaceb]
V  [jvm.dll+0x23e6f2]
V  [jvm.dll+0x292edc]
C  [ucrtbase.dll+0x21bb2]
C  [KERNEL32.DLL+0x17034]
C  [ntdll.dll+0x52651]


Current CompileTask:
C2:    893 2010  s    4       org.fusesource.jansi.AnsiPrintStream::filter (948 bytes)


---------------  P R O C E S S  ---------------

Java Threads: ( => current thread )
  0x000001881748e800 JavaThread "Service Thread" daemon [_thread_blocked, id=22684, stack(0x0000008175000000,0x0000008175100000)]
  0x00000188173f7800 JavaThread "C1 CompilerThread3" daemon [_thread_in_native, id=24548, stack(0x0000008174f00000,0x0000008175000000)]
  0x00000188173f4800 JavaThread "C2 CompilerThread2" daemon [_thread_in_native, id=19656, stack(0x0000008174e00000,0x0000008174f00000)]
=>0x00000188173ed800 JavaThread "C2 CompilerThread1" daemon [_thread_in_native, id=6284, stack(0x0000008174d00000,0x0000008174e00000)]
  0x00000188173eb800 JavaThread "C2 CompilerThread0" daemon [_thread_in_native, id=11628, stack(0x0000008174c00000,0x0000008174d00000)]
  0x00000188173e9000 JavaThread "Monitor Ctrl-Break" daemon [_thread_in_native, id=18044, stack(0x0000008174b00000,0x0000008174c00000)]
  0x00000188173d2800 JavaThread "Attach Listener" daemon [_thread_blocked, id=22728, stack(0x0000008174a00000,0x0000008174b00000)]
  0x000001887e2ec800 JavaThread "Signal Dispatcher" daemon [_thread_blocked, id=22328, stack(0x0000008174900000,0x0000008174a00000)]
  0x000001887e2ce800 JavaThread "Finalizer" daemon [_thread_blocked, id=5900, stack(0x0000008174800000,0x0000008174900000)]
  0x000001887e2c7000 JavaThread "Reference Handler" daemon [_thread_blocked, id=20224, stack(0x0000008174700000,0x0000008174800000)]
  0x000001887a635800 JavaThread "main" [_thread_blocked, id=21416, stack(0x0000008173b00000,0x0000008173c00000)]

Other Threads:
  0x000001887e29f000 VMThread [stack: 0x0000008174600000,0x0000008174700000] [id=20852]
  0x00000188174b7800 WatcherThread [stack: 0x0000008175100000,0x0000008175200000] [id=11528]

VM state:not at safepoint (normal execution)

VM Mutex/Monitor currently owned by a thread: None

heap address: 0x00000006c6800000, size: 3992 MB, Compressed Oops mode: Zero based, Oop shift amount: 3
Narrow klass base: 0x0000000000000000, Narrow klass shift: 3
Compressed class space size: 1073741824 Address: 0x00000007c0000000

Heap:
 PSYoungGen      total 74752K, used 62835K [0x000000076cd80000, 0x0000000772080000, 0x00000007c0000000)
  eden space 64512K, 83% used [0x000000076cd80000,0x00000007701e4c98,0x0000000770c80000)
  from space 10240K, 89% used [0x0000000770c80000,0x00000007715781a0,0x0000000771680000)
  to   space 10240K, 0% used [0x0000000771680000,0x0000000771680000,0x0000000772080000)
 ParOldGen       total 171008K, used 16K [0x00000006c6800000, 0x00000006d0f00000, 0x000000076cd80000)
  object space 171008K, 0% used [0x00000006c6800000,0x00000006c6804000,0x00000006d0f00000)
 Metaspace       used 15757K, capacity 16072K, committed 16384K, reserved 1062912K
  class space    used 1901K, capacity 2011K, committed 2048K, reserved 1048576K

Card table byte_map: [0x000001887c300000,0x000001887cad0000] byte_map_base: 0x0000018878ccc000

Marking Bits: (ParMarkBitMap*) 0x000000006da29030
 Begin Bits: [0x000001880f000000, 0x0000018812e60000)
 End Bits:   [0x0000018812e60000, 0x0000018816cc0000)

Polling page: 0x000001887a5f0000

CodeCache: size=245760Kb used=7155Kb max_used=7159Kb free=238605Kb
 bounds [0x0000018800000000, 0x0000018800710000, 0x000001880f000000]
 total_blobs=2417 nmethods=2045 adapters=284
 compilation: enabled

Compilation events (10 events):
Event: 0.865 Thread 0x00000188173f7800 nmethod 2050 0x00000188006ff350 code [0x00000188006ff4a0, 0x00000188006ff5b8]
Event: 0.865 Thread 0x00000188173f7800 2051       1       org.eclipse.aether.artifact.DefaultArtifact::getClassifier (5 bytes)
Event: 0.865 Thread 0x00000188173f7800 nmethod 2051 0x0000018800704dd0 code [0x0000018800704f20, 0x0000018800705038]
Event: 0.866 Thread 0x00000188173f7800 2052       3       java.util.regex.Pattern::append (39 bytes)
Event: 0.866 Thread 0x00000188173f7800 nmethod 2052 0x0000018800704790 code [0x0000018800704900, 0x0000018800704c50]
Event: 0.867 Thread 0x00000188173f7800 2053       1       org.apache.maven.model.Profile::getId (5 bytes)
Event: 0.867 Thread 0x00000188173f7800 nmethod 2053 0x00000188007044d0 code [0x0000018800704620, 0x0000018800704738]
Event: 0.867 Thread 0x00000188173f7800 2054       3       org.eclipse.sisu.wire.EntryListAdapter$ValueIterator::hasNext (10 bytes)
Event: 0.867 Thread 0x00000188173f7800 nmethod 2054 0x0000018800704050 code [0x00000188007041c0, 0x00000188007043f0]
Event: 0.868 Thread 0x00000188173f7800 2055       3       org.apache.maven.model.interpolation.StringVisitorModelInterpolator$ModelVisitor::visit (205 bytes)

GC Heap History (2 events):
Event: 0.519 GC heap before
{Heap before GC invocations=1 (full 0):
 PSYoungGen      total 74752K, used 64512K [0x000000076cd80000, 0x0000000772080000, 0x00000007c0000000)
  eden space 64512K, 100% used [0x000000076cd80000,0x0000000770c80000,0x0000000770c80000)
  from space 10240K, 0% used [0x0000000771680000,0x0000000771680000,0x0000000772080000)
  to   space 10240K, 0% used [0x0000000770c80000,0x0000000770c80000,0x0000000771680000)
 ParOldGen       total 171008K, used 0K [0x00000006c6800000, 0x00000006d0f00000, 0x000000076cd80000)
  object space 171008K, 0% used [0x00000006c6800000,0x00000006c6800000,0x00000006d0f00000)
 Metaspace       used 11253K, capacity 11502K, committed 11776K, reserved 1058816K
  class space    used 1361K, capacity 1446K, committed 1536K, reserved 1048576K
Event: 0.523 GC heap after
Heap after GC invocations=1 (full 0):
 PSYoungGen      total 74752K, used 9184K [0x000000076cd80000, 0x0000000772080000, 0x00000007c0000000)
  eden space 64512K, 0% used [0x000000076cd80000,0x000000076cd80000,0x0000000770c80000)
  from space 10240K, 89% used [0x0000000770c80000,0x00000007715781a0,0x0000000771680000)
  to   space 10240K, 0% used [0x0000000771680000,0x0000000771680000,0x0000000772080000)
 ParOldGen       total 171008K, used 16K [0x00000006c6800000, 0x00000006d0f00000, 0x000000076cd80000)
  object space 171008K, 0% used [0x00000006c6800000,0x00000006c6804000,0x00000006d0f00000)
 Metaspace       used 11253K, capacity 11502K, committed 11776K, reserved 1058816K
  class space    used 1361K, capacity 1446K, committed 1536K, reserved 1048576K
}

Deoptimization events (10 events):
Event: 0.761 Thread 0x000001887a635800 Uncommon trap: reason=unstable_if action=reinterpret pc=0x00000188001e5cd8 method=java.lang.String.replace(CC)Ljava/lang/String; @ 2
Event: 0.787 Thread 0x000001887a635800 Uncommon trap: reason=unstable_if action=reinterpret pc=0x0000018800213ce0 method=java.lang.AbstractStringBuilder.append(Ljava/lang/String;)Ljava/lang/AbstractStringBuilder; @ 1
Event: 0.787 Thread 0x000001887a635800 Uncommon trap: reason=unstable_if action=reinterpret pc=0x00000188001da79c method=java.lang.AbstractStringBuilder.append(Ljava/lang/String;)Ljava/lang/AbstractStringBuilder; @ 1
Event: 0.816 Thread 0x000001887a635800 Uncommon trap: reason=unstable_if action=reinterpret pc=0x00000188005d2054 method=org.codehaus.plexus.util.xml.pull.MXParser.nextImpl()I @ 1053
Event: 0.819 Thread 0x000001887a635800 Uncommon trap: reason=unstable_if action=reinterpret pc=0x000001880061e3e0 method=sun.nio.cs.UTF_8$Decoder.decodeArrayLoop(Ljava/nio/ByteBuffer;Ljava/nio/CharBuffer;)Ljava/nio/charset/CoderResult; @ 167
Event: 0.820 Thread 0x000001887a635800 Uncommon trap: reason=unstable_if action=reinterpret pc=0x00000188005dfaf4 method=sun.nio.cs.UTF_8$Decoder.decodeArrayLoop(Ljava/nio/ByteBuffer;Ljava/nio/CharBuffer;)Ljava/nio/charset/CoderResult; @ 167
Event: 0.826 Thread 0x000001887a635800 Uncommon trap: reason=null_check action=make_not_entrant pc=0x000001880068bbd0 method=org.apache.maven.model.io.xpp3.MavenXpp3ReaderEx.checkFieldWithDuplicate(Lorg/codehaus/plexus/util/xml/pull/XmlPullParser;Ljava/lang/String;Ljava/lang/String;Ljava/util/
Event: 0.867 Thread 0x000001887a635800 Uncommon trap: reason=unstable_if action=reinterpret pc=0x0000018800388984 method=java.lang.String.regionMatches(ZILjava/lang/String;II)Z @ 25
Event: 0.877 Thread 0x000001887a635800 Uncommon trap: reason=unstable_if action=reinterpret pc=0x00000188006f1344 method=org.apache.maven.model.validation.DefaultModelValidator.isValidIdCharacter(C)Z @ 51
Event: 0.879 Thread 0x000001887a635800 Uncommon trap: reason=unstable_if action=reinterpret pc=0x00000188005aa854 method=java.util.regex.Pattern$CharProperty.match(Ljava/util/regex/Matcher;ILjava/lang/CharSequence;)Z @ 40

Classes redefined (0 events):
No events

Internal exceptions (10 events):
Event: 0.117 Thread 0x000001887a635800 Exception <a 'java/security/PrivilegedActionException'> (0x000000076d3f97d8) thrown at [C:\jenkins\workspace\8-2-build-windows-amd64-cygwin\jdk8u333\2551\hotspot\src\share\vm\prims\jvm.cpp, line 1523]
Event: 0.117 Thread 0x000001887a635800 Exception <a 'java/security/PrivilegedActionException'> (0x000000076d3fd8d0) thrown at [C:\jenkins\workspace\8-2-build-windows-amd64-cygwin\jdk8u333\2551\hotspot\src\share\vm\prims\jvm.cpp, line 1523]
Event: 0.117 Thread 0x000001887a635800 Exception <a 'java/security/PrivilegedActionException'> (0x000000076d3fdcc8) thrown at [C:\jenkins\workspace\8-2-build-windows-amd64-cygwin\jdk8u333\2551\hotspot\src\share\vm\prims\jvm.cpp, line 1523]
Event: 0.658 Thread 0x000001887a635800 Exception <a 'java/lang/NoClassDefFoundError': com/google/inject/servlet/ServletModuleTargetVisitor> (0x000000076e35f230) thrown at [C:\jenkins\workspace\8-2-build-windows-amd64-cygwin\jdk8u333\2551\hotspot\src\share\vm\classfile\systemDictionary.cpp, lin
Event: 0.658 Thread 0x000001887a635800 Exception <a 'java/lang/NoClassDefFoundError'> (0x000000076e35f230) thrown at [C:\jenkins\workspace\8-2-build-windows-amd64-cygwin\jdk8u333\2551\hotspot\src\share\vm\prims\jvm.cpp, line 1527]
Event: 0.658 Thread 0x000001887a635800 Exception <a 'java/lang/NoClassDefFoundError': javax/annotation/Priority> (0x000000076e3642b8) thrown at [C:\jenkins\workspace\8-2-build-windows-amd64-cygwin\jdk8u333\2551\hotspot\src\share\vm\classfile\systemDictionary.cpp, line 201]
Event: 0.691 Thread 0x000001887a635800 Implicit null exception at 0x00000188001c2d18 to 0x00000188001c2f05
Event: 0.787 Thread 0x000001887a635800 Implicit null exception at 0x0000018800213916 to 0x0000018800213cc9
Event: 0.787 Thread 0x000001887a635800 Implicit null exception at 0x00000188001da3d6 to 0x00000188001da785
Event: 0.826 Thread 0x000001887a635800 Implicit null exception at 0x000001880068a8ef to 0x000001880068bbc1

Events (10 events):
Event: 0.877 Thread 0x000001887a635800 DEOPT UNPACKING pc=0x00000188000458c3 sp=0x0000008173bfdae0 mode 2
Event: 0.878 loading class java/io/PrintWriter
Event: 0.878 loading class java/io/PrintWriter done
Event: 0.878 loading class org/apache/maven/project/DefaultProjectBuildingResult
Event: 0.878 loading class org/apache/maven/project/DefaultProjectBuildingResult done
Event: 0.879 loading class java/util/concurrent/CopyOnWriteArrayList$COWIterator
Event: 0.879 loading class java/util/concurrent/CopyOnWriteArrayList$COWIterator done
Event: 0.879 Thread 0x000001887a635800 Uncommon trap: trap_request=0xffffff65 fr.pc=0x00000188005aa854
Event: 0.879 Thread 0x000001887a635800 DEOPT PACKING pc=0x00000188005aa854 sp=0x0000008173bfe210
Event: 0.879 Thread 0x000001887a635800 DEOPT UNPACKING pc=0x00000188000458c3 sp=0x0000008173bfe1c0 mode 2


Dynamic libraries:
0x00007ff6324e0000 - 0x00007ff632527000 	C:\Program Files\Java\jdk1.8.0_333\bin\java.exe
0x00007ffc10e90000 - 0x00007ffc11087000 	C:\Windows\SYSTEM32\ntdll.dll
0x00007ffc10240000 - 0x00007ffc102fd000 	C:\Windows\System32\KERNEL32.DLL
0x00007ffc0e8c0000 - 0x00007ffc0eb8d000 	C:\Windows\System32\KERNELBASE.dll
0x00007ffc0f0c0000 - 0x00007ffc0f16e000 	C:\Windows\System32\ADVAPI32.dll
0x00007ffc10870000 - 0x00007ffc1090e000 	C:\Windows\System32\msvcrt.dll
0x00007ffc10740000 - 0x00007ffc107dc000 	C:\Windows\System32\sechost.dll
0x00007ffc0f1c0000 - 0x00007ffc0f2e5000 	C:\Windows\System32\RPCRT4.dll
0x00007ffc10910000 - 0x00007ffc10ab0000 	C:\Windows\System32\USER32.dll
0x00007ffc0ed40000 - 0x00007ffc0ed62000 	C:\Windows\System32\win32u.dll
0x00007ffc0f300000 - 0x00007ffc0f32a000 	C:\Windows\System32\GDI32.dll
0x00007ffc0eb90000 - 0x00007ffc0ec9b000 	C:\Windows\System32\gdi32full.dll
0x00007ffc0ed70000 - 0x00007ffc0ee0d000 	C:\Windows\System32\msvcp_win.dll
0x00007ffc0e5b0000 - 0x00007ffc0e6b0000 	C:\Windows\System32\ucrtbase.dll
0x00007ffbfcec0000 - 0x00007ffbfd15a000 	C:\Windows\WinSxS\amd64_microsoft.windows.common-controls_6595b64144ccf1df_6.0.19041.1110_none_60b5254171f9507e\COMCTL32.dll
0x00007ffc0f170000 - 0x00007ffc0f1a0000 	C:\Windows\System32\IMM32.DLL
0x00007ffc059f0000 - 0x00007ffc05a05000 	C:\Program Files\Java\jdk1.8.0_333\jre\bin\vcruntime140.dll
0x00007ffbec0d0000 - 0x00007ffbec16b000 	C:\Program Files\Java\jdk1.8.0_333\jre\bin\msvcp140.dll
0x000000006d240000 - 0x000000006daa1000 	C:\Program Files\Java\jdk1.8.0_333\jre\bin\server\jvm.dll
0x00007ffc10160000 - 0x00007ffc10168000 	C:\Windows\System32\PSAPI.DLL
0x00007ffbfc520000 - 0x00007ffbfc547000 	C:\Windows\SYSTEM32\WINMM.dll
0x00007ffbf3b70000 - 0x00007ffbf3b79000 	C:\Windows\SYSTEM32\WSOCK32.dll
0x00007ffc0f4c0000 - 0x00007ffc0f52b000 	C:\Windows\System32\WS2_32.dll
0x00007ffbfc5e0000 - 0x00007ffbfc5ea000 	C:\Windows\SYSTEM32\VERSION.dll
0x00007ffc0c4d0000 - 0x00007ffc0c4e2000 	C:\Windows\SYSTEM32\kernel.appcore.dll
0x00007ffc0a310000 - 0x00007ffc0a320000 	C:\Program Files\Java\jdk1.8.0_333\jre\bin\verify.dll
0x00007ffc059c0000 - 0x00007ffc059eb000 	C:\Program Files\Java\jdk1.8.0_333\jre\bin\java.dll
0x00007ffbec060000 - 0x00007ffbec090000 	C:\Program Files\Java\jdk1.8.0_333\jre\bin\instrument.dll
0x00007ffbf4c40000 - 0x00007ffbf4c58000 	C:\Program Files\Java\jdk1.8.0_333\jre\bin\zip.dll
0x00007ffc0f530000 - 0x00007ffc0fc74000 	C:\Windows\System32\SHELL32.dll
0x00007ffc0c6d0000 - 0x00007ffc0ce64000 	C:\Windows\SYSTEM32\windows.storage.dll
0x00007ffc10360000 - 0x00007ffc106b4000 	C:\Windows\System32\combase.dll
0x00007ffc0df40000 - 0x00007ffc0df6c000 	C:\Windows\SYSTEM32\Wldp.dll
0x00007ffc0f410000 - 0x00007ffc0f4bd000 	C:\Windows\System32\SHCORE.dll
0x00007ffc10300000 - 0x00007ffc10355000 	C:\Windows\System32\shlwapi.dll
0x00007ffc0e4f0000 - 0x00007ffc0e50f000 	C:\Windows\SYSTEM32\profapi.dll
0x00007ffc09200000 - 0x00007ffc0921a000 	C:\Program Files\JetBrains\IntelliJ IDEA 2021.1.2\bin\breakgen64.dll
0x00007ffbf4c20000 - 0x00007ffbf4c3c000 	C:\Program Files\Java\jdk1.8.0_333\jre\bin\net.dll
0x00007ffc0dca0000 - 0x00007ffc0dd0a000 	C:\Windows\system32\mswsock.dll
0x00007ffc0dea0000 - 0x00007ffc0deb8000 	C:\Windows\SYSTEM32\CRYPTSP.dll
0x00007ffc0d620000 - 0x00007ffc0d654000 	C:\Windows\system32\rsaenh.dll
0x00007ffc0eca0000 - 0x00007ffc0ecc7000 	C:\Windows\System32\bcrypt.dll
0x00007ffc0e470000 - 0x00007ffc0e49e000 	C:\Windows\SYSTEM32\USERENV.dll
0x00007ffc0ee60000 - 0x00007ffc0eee2000 	C:\Windows\System32\bcryptprimitives.dll
0x00007ffc0de90000 - 0x00007ffc0de9c000 	C:\Windows\SYSTEM32\CRYPTBASE.dll
0x00007ffc0d990000 - 0x00007ffc0d9cb000 	C:\Windows\SYSTEM32\IPHLPAPI.DLL
0x00007ffc0f2f0000 - 0x00007ffc0f2f8000 	C:\Windows\System32\NSI.dll
0x00007ffc08e10000 - 0x00007ffc08e27000 	C:\Windows\SYSTEM32\dhcpcsvc6.DLL
0x00007ffc08df0000 - 0x00007ffc08e0d000 	C:\Windows\SYSTEM32\dhcpcsvc.DLL
0x00007ffc0d9d0000 - 0x00007ffc0da9b000 	C:\Windows\SYSTEM32\DNSAPI.dll
0x00007ffbf4c00000 - 0x00007ffbf4c13000 	C:\Program Files\Java\jdk1.8.0_333\jre\bin\nio.dll
0x00007ffc07190000 - 0x00007ffc0719a000 	C:\Users\Admin\AppData\Local\Temp\jansi-1.17.1-5845018018666021305.dll
0x00007ffbfa690000 - 0x00007ffbfa69a000 	C:\Users\Admin\AppData\Local\Temp\jansi-1.17.1-6293857573777207910.dll
0x00007ffbfb6c0000 - 0x00007ffbfb8a4000 	C:\Windows\SYSTEM32\dbghelp.dll

VM Arguments:
jvm_args: -Dmaven.multiModuleProjectDirectory=D:\workspace\git\nov-edu\server\nov-starter -Dmaven.home=C:\Program Files\JetBrains\IntelliJ IDEA 2021.1.2\plugins\maven\lib\maven3 -Dclassworlds.conf=C:\Program Files\JetBrains\IntelliJ IDEA 2021.1.2\plugins\maven\lib\maven3\bin\m2.conf -Dmaven.ext.class.path=C:\Program Files\JetBrains\IntelliJ IDEA 2021.1.2\plugins\maven\lib\maven-event-listener.jar -javaagent:C:\Program Files\JetBrains\IntelliJ IDEA 2021.1.2\lib\idea_rt.jar=58932:C:\Program Files\JetBrains\IntelliJ IDEA 2021.1.2\bin -Dfile.encoding=UTF-8 
java_command: org.codehaus.classworlds.Launcher -Didea.version=2021.1.2 clean
java_class_path (initial): C:\Program Files\JetBrains\IntelliJ IDEA 2021.1.2\plugins\maven\lib\maven3\boot\plexus-classworlds-2.6.0.jar;C:\Program Files\JetBrains\IntelliJ IDEA 2021.1.2\plugins\maven\lib\maven3\boot\plexus-classworlds.license;C:\Program Files\JetBrains\IntelliJ IDEA 2021.1.2\lib\idea_rt.jar
Launcher Type: SUN_STANDARD

Environment Variables:
JAVA_HOME=C:\Program Files\Java\jdk1.8.0_333
CLASSPATH=.;C:\Program Files\Java\jdk1.8.0_333\lib;C:\Program Files\Java\jdk1.8.0_333\lib\tools.jar
PATH=c:\app\Admin\product\11.2.0\client_1\bin;C:\Program Files (x86)\Common Files\Oracle\Java\javapath;C:\Windows\system32;C:\Windows;C:\Windows\System32\Wbem;C:\Windows\System32\WindowsPowerShell\v1.0\;C:\Windows\System32\OpenSSH\;";C:\Program Files\Java\jdk1.8.0_333\bin;C:\Program Files\Java\jdk1.8.0_333\jre\bin;";C:\Program Files (x86)\NetSarang\Xftp 7\;C:\Program Files\nodejs\;C:\Program Files\Git\cmd;C:\Program Files\Docker\Docker\resources\bin;C:\ProgramData\DockerDesktop\version-bin;C:\Program Files\TortoiseSVN\bin;C:\Program Files (x86)\NetSarang\Xshell 7\;C:\Users\Admin\AppData\Local\Microsoft\WindowsApps;;C:\Users\Admin\AppData\Local\Programs\Microsoft VS Code\bin;C:\Users\Admin\AppData\Roaming\npm
USERNAME=Admin
OS=Windows_NT
PROCESSOR_IDENTIFIER=Intel64 Family 6 Model 151 Stepping 5, GenuineIntel



---------------  S Y S T E M  ---------------

OS: Windows 10 , 64 bit Build 19041 (10.0.19041.1741)

CPU:total 12 (initial active 12) (6 cores per cpu, 2 threads per core) family 6 model 151 stepping 5, cmov, cx8, fxsr, mmx, sse, sse2, sse3, ssse3, sse4.1, sse4.2, popcnt, avx, avx2, aes, clmul, erms, 3dnowpref, lzcnt, ht, tsc, tscinvbit, bmi1, bmi2, adx

Memory: 4k page, physical 16346224k(1825076k free), swap 24734832k(2100k free)

vm_info: Java HotSpot(TM) 64-Bit Server VM (25.333-b02) for windows-amd64 JRE (1.8.0_333-b02), built on Apr 25 2022 22:49:11 by "java_re" with MS VC++ 15.9 (VS2017)

time: Wed Jul 13 15:55:09 2022
timezone: 中国标准时间
elapsed time: 0.895720 seconds (0d 0h 0m 0s)

