2022-02-15 15:35:56.442 [main] WARN  com.alibaba.cloud.nacos.client.NacosPropertySourceBuilder-Ignore the empty nacos configuration and get it based on dataId[service-edu] & group[DEFAULT_GROUP]
2022-02-15 15:35:56.467 [main] WARN  com.alibaba.cloud.nacos.client.NacosPropertySourceBuilder-Ignore the empty nacos configuration and get it based on dataId[service-edu.properties] & group[DEFAULT_GROUP]
2022-02-15 15:35:56.480 [main] WARN  com.alibaba.cloud.nacos.client.NacosPropertySourceBuilder-Ignore the empty nacos configuration and get it based on dataId[service-edu-dev.properties] & group[DEFAULT_GROUP]
2022-02-15 15:36:14.866 [main] WARN  com.netflix.config.sources.URLConfigurationSource-No URLs will be polled as dynamic configuration sources.
2022-02-15 15:36:14.886 [main] WARN  com.netflix.config.sources.URLConfigurationSource-No URLs will be polled as dynamic configuration sources.
2022-02-15 15:36:23.260 [Thread-3] WARN  com.alibaba.nacos.common.http.HttpClientBeanHolder-[HttpClientBeanHolder] Start destroying common HttpClient
2022-02-15 15:36:23.265 [Thread-3] WARN  com.alibaba.nacos.common.http.HttpClientBeanHolder-[HttpClientBeanHolder] Destruction of the end
2022-02-15 15:36:23.261 [Thread-8] WARN  com.alibaba.nacos.common.notify.NotifyCenter-[NotifyCenter] Start destroying Publisher
2022-02-15 15:36:23.265 [Thread-8] WARN  com.alibaba.nacos.common.notify.NotifyCenter-[NotifyCenter] Destruction of the end
2022-02-15 15:38:55.739 [main] WARN  com.alibaba.cloud.nacos.client.NacosPropertySourceBuilder-Ignore the empty nacos configuration and get it based on dataId[service-edu] & group[DEFAULT_GROUP]
2022-02-15 15:38:55.756 [main] WARN  com.alibaba.cloud.nacos.client.NacosPropertySourceBuilder-Ignore the empty nacos configuration and get it based on dataId[service-edu.properties] & group[DEFAULT_GROUP]
2022-02-15 15:38:55.764 [main] WARN  com.alibaba.cloud.nacos.client.NacosPropertySourceBuilder-Ignore the empty nacos configuration and get it based on dataId[service-edu-dev.properties] & group[DEFAULT_GROUP]
2022-02-15 15:39:13.080 [main] WARN  com.netflix.config.sources.URLConfigurationSource-No URLs will be polled as dynamic configuration sources.
2022-02-15 15:39:13.103 [main] WARN  com.netflix.config.sources.URLConfigurationSource-No URLs will be polled as dynamic configuration sources.
2022-02-15 15:39:25.194 [Thread-3] WARN  com.alibaba.nacos.common.http.HttpClientBeanHolder-[HttpClientBeanHolder] Start destroying common HttpClient
2022-02-15 15:39:25.192 [Thread-8] WARN  com.alibaba.nacos.common.notify.NotifyCenter-[NotifyCenter] Start destroying Publisher
2022-02-15 15:39:25.196 [Thread-8] WARN  com.alibaba.nacos.common.notify.NotifyCenter-[NotifyCenter] Destruction of the end
2022-02-15 15:39:25.200 [Thread-3] WARN  com.alibaba.nacos.common.http.HttpClientBeanHolder-[HttpClientBeanHolder] Destruction of the end
2022-02-15 15:43:35.845 [main] WARN  com.alibaba.cloud.nacos.client.NacosPropertySourceBuilder-Ignore the empty nacos configuration and get it based on dataId[service-edu] & group[DEFAULT_GROUP]
2022-02-15 15:43:35.866 [main] WARN  com.alibaba.cloud.nacos.client.NacosPropertySourceBuilder-Ignore the empty nacos configuration and get it based on dataId[service-edu.properties] & group[DEFAULT_GROUP]
2022-02-15 15:43:35.873 [main] WARN  com.alibaba.cloud.nacos.client.NacosPropertySourceBuilder-Ignore the empty nacos configuration and get it based on dataId[service-edu-dev.properties] & group[DEFAULT_GROUP]
2022-02-15 15:43:53.903 [main] WARN  com.netflix.config.sources.URLConfigurationSource-No URLs will be polled as dynamic configuration sources.
2022-02-15 15:43:53.916 [main] WARN  com.netflix.config.sources.URLConfigurationSource-No URLs will be polled as dynamic configuration sources.
2022-02-15 15:44:06.891 [Thread-3] WARN  com.alibaba.nacos.common.http.HttpClientBeanHolder-[HttpClientBeanHolder] Start destroying common HttpClient
2022-02-15 15:44:06.894 [Thread-8] WARN  com.alibaba.nacos.common.notify.NotifyCenter-[NotifyCenter] Start destroying Publisher
2022-02-15 15:44:06.894 [Thread-3] WARN  com.alibaba.nacos.common.http.HttpClientBeanHolder-[HttpClientBeanHolder] Destruction of the end
2022-02-15 15:44:06.895 [Thread-8] WARN  com.alibaba.nacos.common.notify.NotifyCenter-[NotifyCenter] Destruction of the end
2022-02-15 15:46:17.156 [main] WARN  com.alibaba.cloud.nacos.client.NacosPropertySourceBuilder-Ignore the empty nacos configuration and get it based on dataId[service-edu] & group[DEFAULT_GROUP]
2022-02-15 15:46:17.172 [main] WARN  com.alibaba.cloud.nacos.client.NacosPropertySourceBuilder-Ignore the empty nacos configuration and get it based on dataId[service-edu.properties] & group[DEFAULT_GROUP]
2022-02-15 15:46:17.204 [main] WARN  com.alibaba.cloud.nacos.client.NacosPropertySourceBuilder-Ignore the empty nacos configuration and get it based on dataId[service-edu-dev.properties] & group[DEFAULT_GROUP]
2022-02-15 15:46:37.080 [main] WARN  com.netflix.config.sources.URLConfigurationSource-No URLs will be polled as dynamic configuration sources.
2022-02-15 15:46:37.108 [main] WARN  com.netflix.config.sources.URLConfigurationSource-No URLs will be polled as dynamic configuration sources.
2022-02-15 15:46:46.708 [Thread-3] WARN  com.alibaba.nacos.common.http.HttpClientBeanHolder-[HttpClientBeanHolder] Start destroying common HttpClient
2022-02-15 15:46:46.709 [Thread-8] WARN  com.alibaba.nacos.common.notify.NotifyCenter-[NotifyCenter] Start destroying Publisher
2022-02-15 15:46:46.710 [Thread-8] WARN  com.alibaba.nacos.common.notify.NotifyCenter-[NotifyCenter] Destruction of the end
2022-02-15 15:46:46.711 [Thread-3] WARN  com.alibaba.nacos.common.http.HttpClientBeanHolder-[HttpClientBeanHolder] Destruction of the end
2022-02-15 15:48:23.275 [main] WARN  com.alibaba.cloud.nacos.client.NacosPropertySourceBuilder-Ignore the empty nacos configuration and get it based on dataId[service-edu] & group[DEFAULT_GROUP]
2022-02-15 15:48:23.299 [main] WARN  com.alibaba.cloud.nacos.client.NacosPropertySourceBuilder-Ignore the empty nacos configuration and get it based on dataId[service-edu.properties] & group[DEFAULT_GROUP]
2022-02-15 15:48:23.312 [main] WARN  com.alibaba.cloud.nacos.client.NacosPropertySourceBuilder-Ignore the empty nacos configuration and get it based on dataId[service-edu-dev.properties] & group[DEFAULT_GROUP]
2022-02-15 15:48:42.014 [main] WARN  com.netflix.config.sources.URLConfigurationSource-No URLs will be polled as dynamic configuration sources.
2022-02-15 15:48:42.030 [main] WARN  com.netflix.config.sources.URLConfigurationSource-No URLs will be polled as dynamic configuration sources.
2022-02-15 15:48:55.398 [Thread-8] WARN  com.alibaba.nacos.common.notify.NotifyCenter-[NotifyCenter] Start destroying Publisher
2022-02-15 15:48:55.396 [Thread-3] WARN  com.alibaba.nacos.common.http.HttpClientBeanHolder-[HttpClientBeanHolder] Start destroying common HttpClient
2022-02-15 15:48:55.413 [Thread-8] WARN  com.alibaba.nacos.common.notify.NotifyCenter-[NotifyCenter] Destruction of the end
2022-02-15 15:48:55.417 [Thread-3] WARN  com.alibaba.nacos.common.http.HttpClientBeanHolder-[HttpClientBeanHolder] Destruction of the end
