#
# There is insufficient memory for the Java Runtime Environment to continue.
# Native memory allocation (malloc) failed to allocate 1294064 bytes for Chunk::new
# Possible reasons:
#   The system is out of physical RAM or swap space
#   The process is running with CompressedOops enabled, and the Java Heap may be blocking the growth of the native heap
# Possible solutions:
#   Reduce memory load on the system
#   Increase physical memory or swap space
#   Check if swap backing store is full
#   Decrease Java heap size (-Xmx/-Xms)
#   Decrease number of Java threads
#   Decrease Java thread stack sizes (-Xss)
#   Set larger code cache with -XX:ReservedCodeCacheSize=
#   JVM is running with Zero Based Compressed Oops mode in which the Java heap is
#     placed in the first 32GB address space. The Java Heap base address is the
#     maximum limit for the native heap growth. Please use -XX:HeapBaseMinAddress
#     to set the Java Heap base and to place the Java Heap above 32GB virtual address.
# This output file may be truncated or incomplete.
#
#  Out of Memory Error (allocation.cpp:389), pid=20880, tid=0x0000000000002f64
#
# JRE version: Java(TM) SE Runtime Environment (8.0_333-b02) (build 1.8.0_333-b02)
# Java VM: Java HotSpot(TM) 64-Bit Server VM (25.333-b02 mixed mode windows-amd64 compressed oops)
# Failed to write core dump. Minidumps are not enabled by default on client versions of Windows
#

---------------  T H R E A D  ---------------

Current thread (0x00000202fcd11000):  JavaThread "C2 CompilerThread2" daemon [_thread_in_native, id=12132, stack(0x0000009003100000,0x0000009003200000)]

Stack: [0x0000009003100000,0x0000009003200000]
Native frames: (J=compiled Java code, j=interpreted, Vv=VM code, C=native code)
V  [jvm.dll+0x32fc49]
V  [jvm.dll+0x2761a2]
V  [jvm.dll+0x276e4d]
V  [jvm.dll+0x26d7f5]
V  [jvm.dll+0xd5a0c]
V  [jvm.dll+0xd620c]
V  [jvm.dll+0x4716f5]
V  [jvm.dll+0x438d60]
V  [jvm.dll+0x441d65]
V  [jvm.dll+0x441125]
V  [jvm.dll+0x42becb]
V  [jvm.dll+0xac68b]
V  [jvm.dll+0xaaceb]
V  [jvm.dll+0x23e6f2]
V  [jvm.dll+0x292edc]
C  [ucrtbase.dll+0x21bb2]
C  [KERNEL32.DLL+0x17034]
C  [ntdll.dll+0x52651]


Current CompileTask:
C2:   3362 4792       4       lombok.javac.JavacAST::buildStatementOrExpression (104 bytes)


---------------  P R O C E S S  ---------------

Java Threads: ( => current thread )
  0x00000202fcda2000 JavaThread "Service Thread" daemon [_thread_blocked, id=17256, stack(0x0000009003300000,0x0000009003400000)]
  0x00000202fcd11800 JavaThread "C1 CompilerThread3" daemon [_thread_blocked, id=23160, stack(0x0000009003200000,0x0000009003300000)]
=>0x00000202fcd11000 JavaThread "C2 CompilerThread2" daemon [_thread_in_native, id=12132, stack(0x0000009003100000,0x0000009003200000)]
  0x00000202fcd0e000 JavaThread "C2 CompilerThread1" daemon [_thread_in_native, id=18744, stack(0x0000009003000000,0x0000009003100000)]
  0x00000202fcd0c800 JavaThread "C2 CompilerThread0" daemon [_thread_in_native, id=10320, stack(0x0000009002f00000,0x0000009003000000)]
  0x00000202fcd0b000 JavaThread "Monitor Ctrl-Break" daemon [_thread_in_native, id=17640, stack(0x0000009002e00000,0x0000009002f00000)]
  0x00000202fa946800 JavaThread "Attach Listener" daemon [_thread_blocked, id=22880, stack(0x0000009002d00000,0x0000009002e00000)]
  0x00000202fa946000 JavaThread "Signal Dispatcher" daemon [_thread_blocked, id=21112, stack(0x0000009002c00000,0x0000009002d00000)]
  0x00000202fa913800 JavaThread "Finalizer" daemon [_thread_blocked, id=7688, stack(0x0000009002b00000,0x0000009002c00000)]
  0x00000202fa90d000 JavaThread "Reference Handler" daemon [_thread_blocked, id=5672, stack(0x0000009002a00000,0x0000009002b00000)]
  0x00000202f6b66800 JavaThread "main" [_thread_in_native, id=19792, stack(0x0000009001e00000,0x0000009001f00000)]

Other Threads:
  0x00000202fa8d9000 VMThread [stack: 0x0000009002900000,0x0000009002a00000] [id=18092]
  0x00000202fcdca000 WatcherThread [stack: 0x0000009003400000,0x0000009003500000] [id=9920]

VM state:not at safepoint (normal execution)

VM Mutex/Monitor currently owned by a thread: None

heap address: 0x00000006c6800000, size: 3992 MB, Compressed Oops mode: Zero based, Oop shift amount: 3
Narrow klass base: 0x0000000000000000, Narrow klass shift: 3
Compressed class space size: 1073741824 Address: 0x00000007c0000000

Heap:
 PSYoungGen      total 118272K, used 69140K [0x000000076cd80000, 0x0000000775a00000, 0x00000007c0000000)
  eden space 99840K, 54% used [0x000000076cd80000,0x0000000770231190,0x0000000772f00000)
  from space 18432K, 82% used [0x0000000774800000,0x00000007756d3e80,0x0000000775a00000)
  to   space 22016K, 0% used [0x0000000772f00000,0x0000000772f00000,0x0000000774480000)
 ParOldGen       total 124416K, used 37610K [0x00000006c6800000, 0x00000006ce180000, 0x000000076cd80000)
  object space 124416K, 30% used [0x00000006c6800000,0x00000006c8cba9a8,0x00000006ce180000)
 Metaspace       used 25297K, capacity 25920K, committed 26112K, reserved 1073152K
  class space    used 2900K, capacity 3060K, committed 3072K, reserved 1048576K

Card table byte_map: [0x00000202f8990000,0x00000202f9160000] byte_map_base: 0x00000202f535c000

Marking Bits: (ParMarkBitMap*) 0x0000000060709030
 Begin Bits: [0x000002028f000000, 0x0000020292e60000)
 End Bits:   [0x0000020292e60000, 0x0000020296cc0000)

Polling page: 0x00000202f6d20000

CodeCache: size=245760Kb used=16184Kb max_used=16184Kb free=229575Kb
 bounds [0x0000020280000000, 0x0000020280fe0000, 0x000002028f000000]
 total_blobs=4826 nmethods=4403 adapters=335
 compilation: enabled

Compilation events (10 events):
Event: 3.328 Thread 0x00000202fcd11800 4904       3       java.io.RandomAccessFile$1::close (8 bytes)
Event: 3.328 Thread 0x00000202fcd11800 nmethod 4904 0x0000020280fdc6d0 code [0x0000020280fdc840, 0x0000020280fdca30]
Event: 3.328 Thread 0x00000202fcd11800 4905       3       java.io.RandomAccessFile::access$000 (5 bytes)
Event: 3.328 Thread 0x00000202fcd11800 nmethod 4905 0x0000020280fdcb10 code [0x0000020280fdcc80, 0x0000020280fdcdf0]
Event: 3.332 Thread 0x00000202fcd11800 4907       3       com.sun.tools.javac.comp.Resolve::findGlobalType (104 bytes)
Event: 3.332 Thread 0x00000202fcd11800 nmethod 4907 0x0000020280fdced0 code [0x0000020280fdd0a0, 0x0000020280fdd740]
Event: 3.334 Thread 0x00000202fcd11800 4908       3       com.sun.tools.javac.code.Type$TypeVar::getTag (4 bytes)
Event: 3.335 Thread 0x00000202fcd11800 nmethod 4908 0x0000020280fdda90 code [0x0000020280fddbe0, 0x0000020280fddd38]
Event: 3.335 Thread 0x00000202fcd11800 4909       1       com.sun.tools.javac.code.Type$ArrayType::getTag (4 bytes)
Event: 3.335 Thread 0x00000202fcd11800 nmethod 4909 0x0000020280fdddd0 code [0x0000020280fddf20, 0x0000020280fde038]

GC Heap History (10 events):
Event: 2.095 GC heap before
{Heap before GC invocations=5 (full 0):
 PSYoungGen      total 74752K, used 74728K [0x000000076cd80000, 0x0000000772080000, 0x00000007c0000000)
  eden space 64512K, 100% used [0x000000076cd80000,0x0000000770c80000,0x0000000770c80000)
  from space 10240K, 99% used [0x0000000771680000,0x000000077207a060,0x0000000772080000)
  to   space 10240K, 0% used [0x0000000770c80000,0x0000000770c80000,0x0000000771680000)
 ParOldGen       total 171008K, used 14929K [0x00000006c6800000, 0x00000006d0f00000, 0x000000076cd80000)
  object space 171008K, 8% used [0x00000006c6800000,0x00000006c76947c0,0x00000006d0f00000)
 Metaspace       used 18207K, capacity 18698K, committed 18944K, reserved 1067008K
  class space    used 2061K, capacity 2195K, committed 2304K, reserved 1048576K
Event: 2.101 GC heap after
Heap after GC invocations=5 (full 0):
 PSYoungGen      total 74752K, used 10232K [0x000000076cd80000, 0x0000000772080000, 0x00000007c0000000)
  eden space 64512K, 0% used [0x000000076cd80000,0x000000076cd80000,0x0000000770c80000)
  from space 10240K, 99% used [0x0000000770c80000,0x000000077167e070,0x0000000771680000)
  to   space 10240K, 0% used [0x0000000771680000,0x0000000771680000,0x0000000772080000)
 ParOldGen       total 171008K, used 18604K [0x00000006c6800000, 0x00000006d0f00000, 0x000000076cd80000)
  object space 171008K, 10% used [0x00000006c6800000,0x00000006c7a2b380,0x00000006d0f00000)
 Metaspace       used 18207K, capacity 18698K, committed 18944K, reserved 1067008K
  class space    used 2061K, capacity 2195K, committed 2304K, reserved 1048576K
}
Event: 2.185 GC heap before
{Heap before GC invocations=6 (full 0):
 PSYoungGen      total 74752K, used 24499K [0x000000076cd80000, 0x0000000772080000, 0x00000007c0000000)
  eden space 64512K, 22% used [0x000000076cd80000,0x000000076db6ecf0,0x0000000770c80000)
  from space 10240K, 99% used [0x0000000770c80000,0x000000077167e070,0x0000000771680000)
  to   space 10240K, 0% used [0x0000000771680000,0x0000000771680000,0x0000000772080000)
 ParOldGen       total 171008K, used 18604K [0x00000006c6800000, 0x00000006d0f00000, 0x000000076cd80000)
  object space 171008K, 10% used [0x00000006c6800000,0x00000006c7a2b380,0x00000006d0f00000)
 Metaspace       used 20684K, capacity 21156K, committed 21248K, reserved 1069056K
  class space    used 2386K, capacity 2525K, committed 2560K, reserved 1048576K
Event: 2.193 GC heap after
Heap after GC invocations=6 (full 0):
 PSYoungGen      total 74752K, used 10234K [0x000000076cd80000, 0x0000000772080000, 0x00000007c0000000)
  eden space 64512K, 0% used [0x000000076cd80000,0x000000076cd80000,0x0000000770c80000)
  from space 10240K, 99% used [0x0000000771680000,0x000000077207ebf0,0x0000000772080000)
  to   space 10240K, 0% used [0x0000000770c80000,0x0000000770c80000,0x0000000771680000)
 ParOldGen       total 171008K, used 20044K [0x00000006c6800000, 0x00000006d0f00000, 0x000000076cd80000)
  object space 171008K, 11% used [0x00000006c6800000,0x00000006c7b93178,0x00000006d0f00000)
 Metaspace       used 20684K, capacity 21156K, committed 21248K, reserved 1069056K
  class space    used 2386K, capacity 2525K, committed 2560K, reserved 1048576K
}
Event: 2.193 GC heap before
{Heap before GC invocations=7 (full 1):
 PSYoungGen      total 74752K, used 10234K [0x000000076cd80000, 0x0000000772080000, 0x00000007c0000000)
  eden space 64512K, 0% used [0x000000076cd80000,0x000000076cd80000,0x0000000770c80000)
  from space 10240K, 99% used [0x0000000771680000,0x000000077207ebf0,0x0000000772080000)
  to   space 10240K, 0% used [0x0000000770c80000,0x0000000770c80000,0x0000000771680000)
 ParOldGen       total 171008K, used 20044K [0x00000006c6800000, 0x00000006d0f00000, 0x000000076cd80000)
  object space 171008K, 11% used [0x00000006c6800000,0x00000006c7b93178,0x00000006d0f00000)
 Metaspace       used 20684K, capacity 21156K, committed 21248K, reserved 1069056K
  class space    used 2386K, capacity 2525K, committed 2560K, reserved 1048576K
Event: 2.238 GC heap after
Heap after GC invocations=7 (full 1):
 PSYoungGen      total 74752K, used 0K [0x000000076cd80000, 0x0000000772080000, 0x00000007c0000000)
  eden space 64512K, 0% used [0x000000076cd80000,0x000000076cd80000,0x0000000770c80000)
  from space 10240K, 0% used [0x0000000771680000,0x0000000771680000,0x0000000772080000)
  to   space 10240K, 0% used [0x0000000770c80000,0x0000000770c80000,0x0000000771680000)
 ParOldGen       total 124416K, used 25254K [0x00000006c6800000, 0x00000006ce180000, 0x000000076cd80000)
  object space 124416K, 20% used [0x00000006c6800000,0x00000006c80a9838,0x00000006ce180000)
 Metaspace       used 20684K, capacity 21156K, committed 21248K, reserved 1069056K
  class space    used 2386K, capacity 2525K, committed 2560K, reserved 1048576K
}
Event: 2.597 GC heap before
{Heap before GC invocations=8 (full 1):
 PSYoungGen      total 74752K, used 64512K [0x000000076cd80000, 0x0000000772080000, 0x00000007c0000000)
  eden space 64512K, 100% used [0x000000076cd80000,0x0000000770c80000,0x0000000770c80000)
  from space 10240K, 0% used [0x0000000771680000,0x0000000771680000,0x0000000772080000)
  to   space 10240K, 0% used [0x0000000770c80000,0x0000000770c80000,0x0000000771680000)
 ParOldGen       total 124416K, used 25254K [0x00000006c6800000, 0x00000006ce180000, 0x000000076cd80000)
  object space 124416K, 20% used [0x00000006c6800000,0x00000006c80a9838,0x00000006ce180000)
 Metaspace       used 23036K, capacity 23620K, committed 23808K, reserved 1071104K
  class space    used 2650K, capacity 2813K, committed 2816K, reserved 1048576K
Event: 2.606 GC heap after
Heap after GC invocations=8 (full 1):
 PSYoungGen      total 74752K, used 10225K [0x000000076cd80000, 0x0000000775e80000, 0x00000007c0000000)
  eden space 64512K, 0% used [0x000000076cd80000,0x000000076cd80000,0x0000000770c80000)
  from space 10240K, 99% used [0x0000000770c80000,0x000000077167c710,0x0000000771680000)
  to   space 23040K, 0% used [0x0000000774800000,0x0000000774800000,0x0000000775e80000)
 ParOldGen       total 124416K, used 37602K [0x00000006c6800000, 0x00000006ce180000, 0x000000076cd80000)
  object space 124416K, 30% used [0x00000006c6800000,0x00000006c8cb89a8,0x00000006ce180000)
 Metaspace       used 23036K, capacity 23620K, committed 23808K, reserved 1071104K
  class space    used 2650K, capacity 2813K, committed 2816K, reserved 1048576K
}
Event: 3.090 GC heap before
{Heap before GC invocations=9 (full 1):
 PSYoungGen      total 74752K, used 74737K [0x000000076cd80000, 0x0000000775e80000, 0x00000007c0000000)
  eden space 64512K, 100% used [0x000000076cd80000,0x0000000770c80000,0x0000000770c80000)
  from space 10240K, 99% used [0x0000000770c80000,0x000000077167c710,0x0000000771680000)
  to   space 23040K, 0% used [0x0000000774800000,0x0000000774800000,0x0000000775e80000)
 ParOldGen       total 124416K, used 37602K [0x00000006c6800000, 0x00000006ce180000, 0x000000076cd80000)
  object space 124416K, 30% used [0x00000006c6800000,0x00000006c8cb89a8,0x00000006ce180000)
 Metaspace       used 24123K, capacity 24712K, committed 24960K, reserved 1071104K
  class space    used 2773K, capacity 2921K, committed 2944K, reserved 1048576K
Event: 3.096 GC heap after
Heap after GC invocations=9 (full 1):
 PSYoungGen      total 118272K, used 15183K [0x000000076cd80000, 0x0000000775a00000, 0x00000007c0000000)
  eden space 99840K, 0% used [0x000000076cd80000,0x000000076cd80000,0x0000000772f00000)
  from space 18432K, 82% used [0x0000000774800000,0x00000007756d3e80,0x0000000775a00000)
  to   space 22016K, 0% used [0x0000000772f00000,0x0000000772f00000,0x0000000774480000)
 ParOldGen       total 124416K, used 37610K [0x00000006c6800000, 0x00000006ce180000, 0x000000076cd80000)
  object space 124416K, 30% used [0x00000006c6800000,0x00000006c8cba9a8,0x00000006ce180000)
 Metaspace       used 24123K, capacity 24712K, committed 24960K, reserved 1071104K
  class space    used 2773K, capacity 2921K, committed 2944K, reserved 1048576K
}

Deoptimization events (10 events):
Event: 3.141 Thread 0x00000202f6b66800 Uncommon trap: reason=class_check action=maybe_recompile pc=0x000002028078e008 method=java.util.Collections$UnmodifiableMap$UnmodifiableEntrySet$UnmodifiableEntry.getValue()Ljava/lang/Object; @ 4
Event: 3.169 Thread 0x00000202f6b66800 Uncommon trap: reason=bimorphic action=maybe_recompile pc=0x0000020280ec67c8 method=java.util.regex.Pattern$5.isSatisfiedBy(I)Z @ 16
Event: 3.169 Thread 0x00000202f6b66800 Uncommon trap: reason=bimorphic action=maybe_recompile pc=0x0000020280ec67c8 method=java.util.regex.Pattern$5.isSatisfiedBy(I)Z @ 16
Event: 3.181 Thread 0x00000202f6b66800 Uncommon trap: reason=unstable_if action=reinterpret pc=0x000002028055fd80 method=com.sun.tools.javac.code.Scope.lookup(Lcom/sun/tools/javac/util/Name;Lcom/sun/tools/javac/util/Filter;)Lcom/sun/tools/javac/code/Scope$Entry; @ 19
Event: 3.188 Thread 0x00000202f6b66800 Uncommon trap: reason=class_check action=maybe_recompile pc=0x0000020280f5d9e8 method=java.lang.reflect.Field.get(Ljava/lang/Object;)Ljava/lang/Object; @ 45
Event: 3.205 Thread 0x00000202f6b66800 Uncommon trap: reason=unstable_if action=reinterpret pc=0x00000202808fe924 method=com.sun.tools.javac.code.Symbol$TypeSymbol.formFullName(Lcom/sun/tools/javac/util/Name;Lcom/sun/tools/javac/code/Symbol;)Lcom/sun/tools/javac/util/Name; @ 1
Event: 3.208 Thread 0x00000202f6b66800 Uncommon trap: reason=speculate_class_check action=maybe_recompile pc=0x00000202805b6a38 method=com.sun.tools.javac.file.JavacFileManager.inferBinaryName(Ljavax/tools/JavaFileManager$Location;Ljavax/tools/JavaFileObject;)Ljava/lang/String; @ 23
Event: 3.208 Thread 0x00000202f6b66800 Uncommon trap: reason=speculate_class_check action=maybe_recompile pc=0x00000202805b6a38 method=com.sun.tools.javac.file.JavacFileManager.inferBinaryName(Ljavax/tools/JavaFileManager$Location;Ljavax/tools/JavaFileObject;)Ljava/lang/String; @ 23
Event: 3.208 Thread 0x00000202f6b66800 Uncommon trap: reason=speculate_class_check action=maybe_recompile pc=0x00000202805b6a38 method=com.sun.tools.javac.file.JavacFileManager.inferBinaryName(Ljavax/tools/JavaFileManager$Location;Ljavax/tools/JavaFileObject;)Ljava/lang/String; @ 23
Event: 3.208 Thread 0x00000202f6b66800 Uncommon trap: reason=speculate_class_check action=maybe_recompile pc=0x00000202805b6a38 method=com.sun.tools.javac.file.JavacFileManager.inferBinaryName(Ljavax/tools/JavaFileManager$Location;Ljavax/tools/JavaFileObject;)Ljava/lang/String; @ 23

Classes redefined (0 events):
No events

Internal exceptions (10 events):
Event: 1.629 Thread 0x00000202f6b66800 Implicit null exception at 0x00000202803fcfd5 to 0x00000202803fd1d9
Event: 1.630 Thread 0x00000202f6b66800 Implicit null exception at 0x0000020280439c2f to 0x0000020280439c99
Event: 1.961 Thread 0x00000202f6b66800 Implicit null exception at 0x00000202809d7cd7 to 0x00000202809d8131
Event: 2.138 Thread 0x00000202f6b66800 Exception <a 'java/lang/ClassNotFoundException': com/sun/tools/javac/api/JavacTool> (0x000000076d2fe5f0) thrown at [C:\jenkins\workspace\8-2-build-windows-amd64-cygwin\jdk8u333\2551\hotspot\src\share\vm\classfile\systemDictionary.cpp, line 212]
Event: 2.437 Thread 0x00000202f6b66800 Exception <a 'java/io/FileNotFoundException'> (0x000000076e4539f8) thrown at [C:\jenkins\workspace\8-2-build-windows-amd64-cygwin\jdk8u333\2551\hotspot\src\share\vm\prims\jni.cpp, line 710]
Event: 2.439 Thread 0x00000202f6b66800 Exception <a 'java/io/FileNotFoundException'> (0x000000076e4ad778) thrown at [C:\jenkins\workspace\8-2-build-windows-amd64-cygwin\jdk8u333\2551\hotspot\src\share\vm\prims\jni.cpp, line 710]
Event: 2.635 Thread 0x00000202f6b66800 Implicit null exception at 0x000002028041c358 to 0x000002028041c38e
Event: 2.985 Thread 0x00000202f6b66800 Implicit null exception at 0x00000202806ff473 to 0x00000202806ff89d
Event: 2.987 Thread 0x00000202f6b66800 Implicit null exception at 0x00000202806f3815 to 0x00000202806f3a15
Event: 3.205 Thread 0x00000202f6b66800 Implicit null exception at 0x00000202808fe810 to 0x00000202808fe911

Events (10 events):
Event: 3.208 Thread 0x00000202f6b66800 DEOPT UNPACKING pc=0x00000202800458c3 sp=0x0000009001efcec0 mode 2
Event: 3.208 Thread 0x00000202f6b66800 Uncommon trap: trap_request=0xffffff76 fr.pc=0x00000202805b6a38
Event: 3.208 Thread 0x00000202f6b66800 DEOPT PACKING pc=0x00000202805b6a38 sp=0x0000009001efce30
Event: 3.208 Thread 0x00000202f6b66800 DEOPT UNPACKING pc=0x00000202800458c3 sp=0x0000009001efce20 mode 2
Event: 3.208 Thread 0x00000202f6b66800 Uncommon trap: trap_request=0xffffff76 fr.pc=0x00000202805b6a38
Event: 3.208 Thread 0x00000202f6b66800 DEOPT PACKING pc=0x00000202805b6a38 sp=0x0000009001efced0
Event: 3.208 Thread 0x00000202f6b66800 DEOPT UNPACKING pc=0x00000202800458c3 sp=0x0000009001efcec0 mode 2
Event: 3.208 Thread 0x00000202f6b66800 Uncommon trap: trap_request=0xffffff76 fr.pc=0x00000202805b6a38
Event: 3.208 Thread 0x00000202f6b66800 DEOPT PACKING pc=0x00000202805b6a38 sp=0x0000009001efce30
Event: 3.208 Thread 0x00000202f6b66800 DEOPT UNPACKING pc=0x00000202800458c3 sp=0x0000009001efce20 mode 2


Dynamic libraries:
0x00007ff7b0c20000 - 0x00007ff7b0c67000 	C:\Program Files\Java\jdk1.8.0_333\bin\java.exe
0x00007fffa4170000 - 0x00007fffa4367000 	C:\Windows\SYSTEM32\ntdll.dll
0x00007fffa30b0000 - 0x00007fffa316d000 	C:\Windows\System32\KERNEL32.DLL
0x00007fffa1c60000 - 0x00007fffa1f2d000 	C:\Windows\System32\KERNELBASE.dll
0x00007fffa35c0000 - 0x00007fffa366e000 	C:\Windows\System32\ADVAPI32.dll
0x00007fffa2a00000 - 0x00007fffa2a9e000 	C:\Windows\System32\msvcrt.dll
0x00007fffa2f20000 - 0x00007fffa2fbc000 	C:\Windows\System32\sechost.dll
0x00007fffa33c0000 - 0x00007fffa34e5000 	C:\Windows\System32\RPCRT4.dll
0x00007fffa2380000 - 0x00007fffa2520000 	C:\Windows\System32\USER32.dll
0x00007fffa1990000 - 0x00007fffa19b2000 	C:\Windows\System32\win32u.dll
0x00007fffa2e30000 - 0x00007fffa2e5a000 	C:\Windows\System32\GDI32.dll
0x00007fffa1b50000 - 0x00007fffa1c5b000 	C:\Windows\System32\gdi32full.dll
0x00007fffa2130000 - 0x00007fffa21cd000 	C:\Windows\System32\msvcp_win.dll
0x00007fffa1890000 - 0x00007fffa1990000 	C:\Windows\System32\ucrtbase.dll
0x00007fff959d0000 - 0x00007fff95c6a000 	C:\Windows\WinSxS\amd64_microsoft.windows.common-controls_6595b64144ccf1df_6.0.19041.1110_none_60b5254171f9507e\COMCTL32.dll
0x00007fffa2ef0000 - 0x00007fffa2f20000 	C:\Windows\System32\IMM32.DLL
0x00007fff9c220000 - 0x00007fff9c235000 	C:\Program Files\Java\jdk1.8.0_333\jre\bin\vcruntime140.dll
0x00007fff6be20000 - 0x00007fff6bebb000 	C:\Program Files\Java\jdk1.8.0_333\jre\bin\msvcp140.dll
0x000000005ff20000 - 0x0000000060781000 	C:\Program Files\Java\jdk1.8.0_333\jre\bin\server\jvm.dll
0x00007fffa30a0000 - 0x00007fffa30a8000 	C:\Windows\System32\PSAPI.DLL
0x00007fff9d5b0000 - 0x00007fff9d5b9000 	C:\Windows\SYSTEM32\WSOCK32.dll
0x00007fffa3dc0000 - 0x00007fffa3e2b000 	C:\Windows\System32\WS2_32.dll
0x00007fff94e40000 - 0x00007fff94e67000 	C:\Windows\SYSTEM32\WINMM.dll
0x00007fff94fb0000 - 0x00007fff94fba000 	C:\Windows\SYSTEM32\VERSION.dll
0x00007fff9f7b0000 - 0x00007fff9f7c2000 	C:\Windows\SYSTEM32\kernel.appcore.dll
0x00007fff870c0000 - 0x00007fff870d0000 	C:\Program Files\Java\jdk1.8.0_333\jre\bin\verify.dll
0x00007fff6bdf0000 - 0x00007fff6be1b000 	C:\Program Files\Java\jdk1.8.0_333\jre\bin\java.dll
0x00007fff6bd10000 - 0x00007fff6bd40000 	C:\Program Files\Java\jdk1.8.0_333\jre\bin\instrument.dll
0x00007fff6bef0000 - 0x00007fff6bf08000 	C:\Program Files\Java\jdk1.8.0_333\jre\bin\zip.dll
0x00007fffa3670000 - 0x00007fffa3db4000 	C:\Windows\System32\SHELL32.dll
0x00007fff9f9b0000 - 0x00007fffa0144000 	C:\Windows\SYSTEM32\windows.storage.dll
0x00007fffa2ac0000 - 0x00007fffa2e14000 	C:\Windows\System32\combase.dll
0x00007fffa1220000 - 0x00007fffa124c000 	C:\Windows\SYSTEM32\Wldp.dll
0x00007fffa4080000 - 0x00007fffa412d000 	C:\Windows\System32\SHCORE.dll
0x00007fffa3360000 - 0x00007fffa33b5000 	C:\Windows\System32\shlwapi.dll
0x00007fffa17d0000 - 0x00007fffa17ef000 	C:\Windows\SYSTEM32\profapi.dll
0x00007fff9c970000 - 0x00007fff9c98a000 	C:\Program Files\JetBrains\IntelliJ IDEA 2021.1.2\bin\breakgen64.dll
0x00007fff6bdd0000 - 0x00007fff6bdec000 	C:\Program Files\Java\jdk1.8.0_333\jre\bin\net.dll
0x00007fffa0f80000 - 0x00007fffa0fea000 	C:\Windows\system32\mswsock.dll
0x00007fffa1180000 - 0x00007fffa1198000 	C:\Windows\SYSTEM32\CRYPTSP.dll
0x00007fffa0900000 - 0x00007fffa0934000 	C:\Windows\system32\rsaenh.dll
0x00007fffa1f30000 - 0x00007fffa1f57000 	C:\Windows\System32\bcrypt.dll
0x00007fffa1790000 - 0x00007fffa17be000 	C:\Windows\SYSTEM32\USERENV.dll
0x00007fffa19c0000 - 0x00007fffa1a42000 	C:\Windows\System32\bcryptprimitives.dll
0x00007fffa1170000 - 0x00007fffa117c000 	C:\Windows\SYSTEM32\CRYPTBASE.dll
0x00007fffa0c70000 - 0x00007fffa0cab000 	C:\Windows\SYSTEM32\IPHLPAPI.DLL
0x00007fffa2e20000 - 0x00007fffa2e28000 	C:\Windows\System32\NSI.dll
0x00007fff9cad0000 - 0x00007fff9cae7000 	C:\Windows\SYSTEM32\dhcpcsvc6.DLL
0x00007fff9cab0000 - 0x00007fff9cacd000 	C:\Windows\SYSTEM32\dhcpcsvc.DLL
0x00007fffa0cb0000 - 0x00007fffa0d7b000 	C:\Windows\SYSTEM32\DNSAPI.dll
0x00007fff6bdb0000 - 0x00007fff6bdc3000 	C:\Program Files\Java\jdk1.8.0_333\jre\bin\nio.dll
0x00007fff988e0000 - 0x00007fff988ea000 	C:\Users\Admin\AppData\Local\Temp\jansi-1.17.1-1712516627696773186.dll
0x00007fff93b90000 - 0x00007fff93b9a000 	C:\Users\Admin\AppData\Local\Temp\jansi-1.17.1-598856541717472388.dll
0x00007fff9a820000 - 0x00007fff9aa04000 	C:\Windows\SYSTEM32\dbghelp.dll

VM Arguments:
jvm_args: -Dmaven.multiModuleProjectDirectory=D:\workspace\git\nov-edu\server\nov-starter -Dmaven.home=C:\Program Files\JetBrains\IntelliJ IDEA 2021.1.2\plugins\maven\lib\maven3 -Dclassworlds.conf=C:\Program Files\JetBrains\IntelliJ IDEA 2021.1.2\plugins\maven\lib\maven3\bin\m2.conf -Dmaven.ext.class.path=C:\Program Files\JetBrains\IntelliJ IDEA 2021.1.2\plugins\maven\lib\maven-event-listener.jar -javaagent:C:\Program Files\JetBrains\IntelliJ IDEA 2021.1.2\lib\idea_rt.jar=63631:C:\Program Files\JetBrains\IntelliJ IDEA 2021.1.2\bin -Dfile.encoding=UTF-8 
java_command: org.codehaus.classworlds.Launcher -Didea.version=2021.1.2 package
java_class_path (initial): C:\Program Files\JetBrains\IntelliJ IDEA 2021.1.2\plugins\maven\lib\maven3\boot\plexus-classworlds-2.6.0.jar;C:\Program Files\JetBrains\IntelliJ IDEA 2021.1.2\plugins\maven\lib\maven3\boot\plexus-classworlds.license;C:\Program Files\JetBrains\IntelliJ IDEA 2021.1.2\lib\idea_rt.jar
Launcher Type: SUN_STANDARD

Environment Variables:
JAVA_HOME=C:\Program Files\Java\jdk1.8.0_333
CLASSPATH=.;C:\Program Files\Java\jdk1.8.0_333\lib;C:\Program Files\Java\jdk1.8.0_333\lib\tools.jar
PATH=c:\app\Admin\product\11.2.0\client_1\bin;C:\Program Files (x86)\Common Files\Oracle\Java\javapath;C:\Windows\system32;C:\Windows;C:\Windows\System32\Wbem;C:\Windows\System32\WindowsPowerShell\v1.0\;C:\Windows\System32\OpenSSH\;";C:\Program Files\Java\jdk1.8.0_333\bin;C:\Program Files\Java\jdk1.8.0_333\jre\bin;";C:\Program Files (x86)\NetSarang\Xftp 7\;C:\Program Files\nodejs\;C:\Program Files\Git\cmd;C:\Program Files\Docker\Docker\resources\bin;C:\ProgramData\DockerDesktop\version-bin;C:\Program Files\TortoiseSVN\bin;C:\Program Files (x86)\NetSarang\Xshell 7\;C:\Users\Admin\AppData\Local\Microsoft\WindowsApps;;C:\Users\Admin\AppData\Local\Programs\Microsoft VS Code\bin;C:\Users\Admin\AppData\Roaming\npm
USERNAME=Admin
OS=Windows_NT
PROCESSOR_IDENTIFIER=Intel64 Family 6 Model 151 Stepping 5, GenuineIntel



---------------  S Y S T E M  ---------------

OS: Windows 10 , 64 bit Build 19041 (10.0.19041.1741)

CPU:total 12 (initial active 12) (6 cores per cpu, 2 threads per core) family 6 model 151 stepping 5, cmov, cx8, fxsr, mmx, sse, sse2, sse3, ssse3, sse4.1, sse4.2, popcnt, avx, avx2, aes, clmul, erms, 3dnowpref, lzcnt, ht, tsc, tscinvbit, bmi1, bmi2, adx

Memory: 4k page, physical 16346224k(2904820k free), swap 24734832k(6116k free)

vm_info: Java HotSpot(TM) 64-Bit Server VM (25.333-b02) for windows-amd64 JRE (1.8.0_333-b02), built on Apr 25 2022 22:49:11 by "java_re" with MS VC++ 15.9 (VS2017)

time: Wed Jul 20 15:18:49 2022
timezone: 中国标准时间
elapsed time: 3.365363 seconds (0d 0h 0m 3s)

