#
# There is insufficient memory for the Java Runtime Environment to continue.
# Native memory allocation (malloc) failed to allocate 1184336 bytes for Chunk::new
# Possible reasons:
#   The system is out of physical RAM or swap space
#   The process is running with CompressedOops enabled, and the Java Heap may be blocking the growth of the native heap
# Possible solutions:
#   Reduce memory load on the system
#   Increase physical memory or swap space
#   Check if swap backing store is full
#   Decrease Java heap size (-Xmx/-Xms)
#   Decrease number of Java threads
#   Decrease Java thread stack sizes (-Xss)
#   Set larger code cache with -XX:ReservedCodeCacheSize=
#   JVM is running with Zero Based Compressed Oops mode in which the Java heap is
#     placed in the first 32GB address space. The Java Heap base address is the
#     maximum limit for the native heap growth. Please use -XX:HeapBaseMinAddress
#     to set the Java Heap base and to place the Java Heap above 32GB virtual address.
# This output file may be truncated or incomplete.
#
#  Out of Memory Error (allocation.cpp:389), pid=17536, tid=0x0000000000001c1c
#
# JRE version: Java(TM) SE Runtime Environment (8.0_333-b02) (build 1.8.0_333-b02)
# Java VM: Java HotSpot(TM) 64-Bit Server VM (25.333-b02 mixed mode windows-amd64 compressed oops)
# Failed to write core dump. Minidumps are not enabled by default on client versions of Windows
#

---------------  T H R E A D  ---------------

Current thread (0x000002bb3c94b800):  JavaThread "C2 CompilerThread1" daemon [_thread_in_native, id=7196, stack(0x000000f780400000,0x000000f780500000)]

Stack: [0x000000f780400000,0x000000f780500000]
Native frames: (J=compiled Java code, j=interpreted, Vv=VM code, C=native code)
V  [jvm.dll+0x32fc49]
V  [jvm.dll+0x2761a2]
V  [jvm.dll+0x276e4d]
V  [jvm.dll+0x26d7f5]
V  [jvm.dll+0xd5a0c]
V  [jvm.dll+0xd620c]
V  [jvm.dll+0x4541c2]
V  [jvm.dll+0x48f27d]
V  [jvm.dll+0x443e51]
V  [jvm.dll+0x440ffb]
V  [jvm.dll+0x42becb]
V  [jvm.dll+0xac68b]
V  [jvm.dll+0xaaceb]
V  [jvm.dll+0x23e6f2]
V  [jvm.dll+0x292edc]
C  [ucrtbase.dll+0x21bb2]
C  [KERNEL32.DLL+0x17034]
C  [ntdll.dll+0x52651]


Current CompileTask:
C2:   3289 4783   !   4       lombok.core.AST::buildWithField0 (121 bytes)


---------------  P R O C E S S  ---------------

Java Threads: ( => current thread )
  0x000002bb3c9e6000 JavaThread "Service Thread" daemon [_thread_blocked, id=14356, stack(0x000000f780700000,0x000000f780800000)]
  0x000002bb3c953000 JavaThread "C1 CompilerThread3" daemon [_thread_blocked, id=20016, stack(0x000000f780600000,0x000000f780700000)]
  0x000002bb3c94e800 JavaThread "C2 CompilerThread2" daemon [_thread_in_native, id=4384, stack(0x000000f780500000,0x000000f780600000)]
=>0x000002bb3c94b800 JavaThread "C2 CompilerThread1" daemon [_thread_in_native, id=7196, stack(0x000000f780400000,0x000000f780500000)]
  0x000002bb3c94a000 JavaThread "C2 CompilerThread0" daemon [_thread_in_native, id=17164, stack(0x000000f780300000,0x000000f780400000)]
  0x000002bb3c947000 JavaThread "Monitor Ctrl-Break" daemon [_thread_in_native, id=3060, stack(0x000000f780200000,0x000000f780300000)]
  0x000002bb3a553800 JavaThread "Attach Listener" daemon [_thread_blocked, id=22024, stack(0x000000f780100000,0x000000f780200000)]
  0x000002bb3a553000 JavaThread "Signal Dispatcher" daemon [_thread_blocked, id=8836, stack(0x000000f780000000,0x000000f780100000)]
  0x000002bb3a51f000 JavaThread "Finalizer" daemon [_thread_blocked, id=18196, stack(0x000000f7fff00000,0x000000f800000000)]
  0x000002bb3a517800 JavaThread "Reference Handler" daemon [_thread_blocked, id=9460, stack(0x000000f7ffe00000,0x000000f7fff00000)]
  0x000002bb1fab5000 JavaThread "main" [_thread_in_native, id=21232, stack(0x000000f7ff200000,0x000000f7ff300000)]

Other Threads:
  0x000002bb3a4ef800 VMThread [stack: 0x000000f7ffd00000,0x000000f7ffe00000] [id=16160]
  0x000002bb3ca15000 WatcherThread [stack: 0x000000f780800000,0x000000f780900000] [id=15584]

VM state:not at safepoint (normal execution)

VM Mutex/Monitor currently owned by a thread: None

heap address: 0x00000006c6800000, size: 3992 MB, Compressed Oops mode: Zero based, Oop shift amount: 3
Narrow klass base: 0x0000000000000000, Narrow klass shift: 3
Compressed class space size: 1073741824 Address: 0x00000007c0000000

Heap:
 PSYoungGen      total 116736K, used 54575K [0x000000076cd80000, 0x0000000775800000, 0x00000007c0000000)
  eden space 97792K, 40% used [0x000000076cd80000,0x000000076f3e3bb8,0x0000000772d00000)
  from space 18944K, 80% used [0x0000000774580000,0x0000000775468258,0x0000000775800000)
  to   space 22016K, 0% used [0x0000000772d00000,0x0000000772d00000,0x0000000774280000)
 ParOldGen       total 127488K, used 37563K [0x00000006c6800000, 0x00000006ce480000, 0x000000076cd80000)
  object space 127488K, 29% used [0x00000006c6800000,0x00000006c8caec90,0x00000006ce480000)
 Metaspace       used 25260K, capacity 25852K, committed 26112K, reserved 1073152K
  class space    used 2900K, capacity 3060K, committed 3072K, reserved 1048576K

Card table byte_map: [0x000002bb308e0000,0x000002bb310b0000] byte_map_base: 0x000002bb2d2ac000

Marking Bits: (ParMarkBitMap*) 0x0000000060709030
 Begin Bits: [0x000002bb315f0000, 0x000002bb35450000)
 End Bits:   [0x000002bb35450000, 0x000002bb392b0000)

Polling page: 0x000002bb1fcd0000

CodeCache: size=245760Kb used=15827Kb max_used=15827Kb free=229932Kb
 bounds [0x000002bb21520000, 0x000002bb224b0000, 0x000002bb30520000]
 total_blobs=4815 nmethods=4392 adapters=335
 compilation: enabled

Compilation events (10 events):
Event: 3.266 Thread 0x000002bb3c953000 4885       3       com.sun.tools.javac.code.Type$DelegatedType::getThrownTypes (8 bytes)
Event: 3.266 Thread 0x000002bb3c953000 nmethod 4885 0x000002bb224a8b50 code [0x000002bb224a8cc0, 0x000002bb224a8ef0]
Event: 3.266 Thread 0x000002bb3c953000 4886       3       com.sun.tools.javac.code.Type$ForAll::asMethodType (8 bytes)
Event: 3.266 Thread 0x000002bb3c953000 nmethod 4886 0x000002bb224a8fd0 code [0x000002bb224a9140, 0x000002bb224a9398]
Event: 3.267 Thread 0x000002bb3c953000 4887       3       com.sun.tools.javac.jvm.ClassReader$17::read (9 bytes)
Event: 3.267 Thread 0x000002bb3c953000 nmethod 4887 0x000002bb224a9450 code [0x000002bb224a95c0, 0x000002bb224a9770]
Event: 3.267 Thread 0x000002bb3c953000 4888       3       com.sun.tools.javac.code.Symbol::isLocal (40 bytes)
Event: 3.267 Thread 0x000002bb3c953000 nmethod 4888 0x000002bb224a9850 code [0x000002bb224a99c0, 0x000002bb224a9cb0]
Event: 3.270 Thread 0x000002bb3c953000 4889       3       com.sun.tools.javac.util.Convert::enclosingCandidates (33 bytes)
Event: 3.270 Thread 0x000002bb3c953000 nmethod 4889 0x000002bb224a9d90 code [0x000002bb224a9f60, 0x000002bb224aa8a0]

GC Heap History (10 events):
Event: 2.126 GC heap before
{Heap before GC invocations=5 (full 0):
 PSYoungGen      total 74752K, used 74744K [0x000000076cd80000, 0x0000000772080000, 0x00000007c0000000)
  eden space 64512K, 100% used [0x000000076cd80000,0x0000000770c80000,0x0000000770c80000)
  from space 10240K, 99% used [0x0000000771680000,0x000000077207e050,0x0000000772080000)
  to   space 10240K, 0% used [0x0000000770c80000,0x0000000770c80000,0x0000000771680000)
 ParOldGen       total 171008K, used 14880K [0x00000006c6800000, 0x00000006d0f00000, 0x000000076cd80000)
  object space 171008K, 8% used [0x00000006c6800000,0x00000006c76883e8,0x00000006d0f00000)
 Metaspace       used 18214K, capacity 18762K, committed 18944K, reserved 1067008K
  class space    used 2062K, capacity 2195K, committed 2304K, reserved 1048576K
Event: 2.132 GC heap after
Heap after GC invocations=5 (full 0):
 PSYoungGen      total 74752K, used 10216K [0x000000076cd80000, 0x0000000772080000, 0x00000007c0000000)
  eden space 64512K, 0% used [0x000000076cd80000,0x000000076cd80000,0x0000000770c80000)
  from space 10240K, 99% used [0x0000000770c80000,0x000000077167a060,0x0000000771680000)
  to   space 10240K, 0% used [0x0000000771680000,0x0000000771680000,0x0000000772080000)
 ParOldGen       total 171008K, used 18667K [0x00000006c6800000, 0x00000006d0f00000, 0x000000076cd80000)
  object space 171008K, 10% used [0x00000006c6800000,0x00000006c7a3afe8,0x00000006d0f00000)
 Metaspace       used 18214K, capacity 18762K, committed 18944K, reserved 1067008K
  class space    used 2062K, capacity 2195K, committed 2304K, reserved 1048576K
}
Event: 2.211 GC heap before
{Heap before GC invocations=6 (full 0):
 PSYoungGen      total 74752K, used 23700K [0x000000076cd80000, 0x0000000772080000, 0x00000007c0000000)
  eden space 64512K, 20% used [0x000000076cd80000,0x000000076daab190,0x0000000770c80000)
  from space 10240K, 99% used [0x0000000770c80000,0x000000077167a060,0x0000000771680000)
  to   space 10240K, 0% used [0x0000000771680000,0x0000000771680000,0x0000000772080000)
 ParOldGen       total 171008K, used 18667K [0x00000006c6800000, 0x00000006d0f00000, 0x000000076cd80000)
  object space 171008K, 10% used [0x00000006c6800000,0x00000006c7a3afe8,0x00000006d0f00000)
 Metaspace       used 20671K, capacity 21152K, committed 21248K, reserved 1069056K
  class space    used 2385K, capacity 2525K, committed 2560K, reserved 1048576K
Event: 2.217 GC heap after
Heap after GC invocations=6 (full 0):
 PSYoungGen      total 74752K, used 10227K [0x000000076cd80000, 0x0000000772080000, 0x00000007c0000000)
  eden space 64512K, 0% used [0x000000076cd80000,0x000000076cd80000,0x0000000770c80000)
  from space 10240K, 99% used [0x0000000771680000,0x000000077207cc10,0x0000000772080000)
  to   space 10240K, 0% used [0x0000000770c80000,0x0000000770c80000,0x0000000771680000)
 ParOldGen       total 171008K, used 20011K [0x00000006c6800000, 0x00000006d0f00000, 0x000000076cd80000)
  object space 171008K, 11% used [0x00000006c6800000,0x00000006c7b8ad18,0x00000006d0f00000)
 Metaspace       used 20671K, capacity 21152K, committed 21248K, reserved 1069056K
  class space    used 2385K, capacity 2525K, committed 2560K, reserved 1048576K
}
Event: 2.217 GC heap before
{Heap before GC invocations=7 (full 1):
 PSYoungGen      total 74752K, used 10227K [0x000000076cd80000, 0x0000000772080000, 0x00000007c0000000)
  eden space 64512K, 0% used [0x000000076cd80000,0x000000076cd80000,0x0000000770c80000)
  from space 10240K, 99% used [0x0000000771680000,0x000000077207cc10,0x0000000772080000)
  to   space 10240K, 0% used [0x0000000770c80000,0x0000000770c80000,0x0000000771680000)
 ParOldGen       total 171008K, used 20011K [0x00000006c6800000, 0x00000006d0f00000, 0x000000076cd80000)
  object space 171008K, 11% used [0x00000006c6800000,0x00000006c7b8ad18,0x00000006d0f00000)
 Metaspace       used 20671K, capacity 21152K, committed 21248K, reserved 1069056K
  class space    used 2385K, capacity 2525K, committed 2560K, reserved 1048576K
Event: 2.264 GC heap after
Heap after GC invocations=7 (full 1):
 PSYoungGen      total 74752K, used 0K [0x000000076cd80000, 0x0000000772080000, 0x00000007c0000000)
  eden space 64512K, 0% used [0x000000076cd80000,0x000000076cd80000,0x0000000770c80000)
  from space 10240K, 0% used [0x0000000771680000,0x0000000771680000,0x0000000772080000)
  to   space 10240K, 0% used [0x0000000770c80000,0x0000000770c80000,0x0000000771680000)
 ParOldGen       total 127488K, used 25213K [0x00000006c6800000, 0x00000006ce480000, 0x000000076cd80000)
  object space 127488K, 19% used [0x00000006c6800000,0x00000006c809f4b8,0x00000006ce480000)
 Metaspace       used 20671K, capacity 21152K, committed 21248K, reserved 1069056K
  class space    used 2385K, capacity 2525K, committed 2560K, reserved 1048576K
}
Event: 2.615 GC heap before
{Heap before GC invocations=8 (full 1):
 PSYoungGen      total 74752K, used 64512K [0x000000076cd80000, 0x0000000772080000, 0x00000007c0000000)
  eden space 64512K, 100% used [0x000000076cd80000,0x0000000770c80000,0x0000000770c80000)
  from space 10240K, 0% used [0x0000000771680000,0x0000000771680000,0x0000000772080000)
  to   space 10240K, 0% used [0x0000000770c80000,0x0000000770c80000,0x0000000771680000)
 ParOldGen       total 127488K, used 25213K [0x00000006c6800000, 0x00000006ce480000, 0x000000076cd80000)
  object space 127488K, 19% used [0x00000006c6800000,0x00000006c809f4b8,0x00000006ce480000)
 Metaspace       used 23032K, capacity 23616K, committed 23808K, reserved 1071104K
  class space    used 2650K, capacity 2813K, committed 2816K, reserved 1048576K
Event: 2.623 GC heap after
Heap after GC invocations=8 (full 1):
 PSYoungGen      total 74752K, used 10223K [0x000000076cd80000, 0x0000000775c00000, 0x00000007c0000000)
  eden space 64512K, 0% used [0x000000076cd80000,0x000000076cd80000,0x0000000770c80000)
  from space 10240K, 99% used [0x0000000770c80000,0x000000077167bf30,0x0000000771680000)
  to   space 23040K, 0% used [0x0000000774580000,0x0000000774580000,0x0000000775c00000)
 ParOldGen       total 127488K, used 37555K [0x00000006c6800000, 0x00000006ce480000, 0x000000076cd80000)
  object space 127488K, 29% used [0x00000006c6800000,0x00000006c8cacc90,0x00000006ce480000)
 Metaspace       used 23032K, capacity 23616K, committed 23808K, reserved 1071104K
  class space    used 2650K, capacity 2813K, committed 2816K, reserved 1048576K
}
Event: 3.107 GC heap before
{Heap before GC invocations=9 (full 1):
 PSYoungGen      total 74752K, used 74735K [0x000000076cd80000, 0x0000000775c00000, 0x00000007c0000000)
  eden space 64512K, 100% used [0x000000076cd80000,0x0000000770c80000,0x0000000770c80000)
  from space 10240K, 99% used [0x0000000770c80000,0x000000077167bf30,0x0000000771680000)
  to   space 23040K, 0% used [0x0000000774580000,0x0000000774580000,0x0000000775c00000)
 ParOldGen       total 127488K, used 37555K [0x00000006c6800000, 0x00000006ce480000, 0x000000076cd80000)
  object space 127488K, 29% used [0x00000006c6800000,0x00000006c8cacc90,0x00000006ce480000)
 Metaspace       used 24048K, capacity 24644K, committed 24704K, reserved 1071104K
  class space    used 2771K, capacity 2921K, committed 2944K, reserved 1048576K
Event: 3.113 GC heap after
Heap after GC invocations=9 (full 1):
 PSYoungGen      total 116736K, used 15264K [0x000000076cd80000, 0x0000000775800000, 0x00000007c0000000)
  eden space 97792K, 0% used [0x000000076cd80000,0x000000076cd80000,0x0000000772d00000)
  from space 18944K, 80% used [0x0000000774580000,0x0000000775468258,0x0000000775800000)
  to   space 22016K, 0% used [0x0000000772d00000,0x0000000772d00000,0x0000000774280000)
 ParOldGen       total 127488K, used 37563K [0x00000006c6800000, 0x00000006ce480000, 0x000000076cd80000)
  object space 127488K, 29% used [0x00000006c6800000,0x00000006c8caec90,0x00000006ce480000)
 Metaspace       used 24048K, capacity 24644K, committed 24704K, reserved 1071104K
  class space    used 2771K, capacity 2921K, committed 2944K, reserved 1048576K
}

Deoptimization events (10 events):
Event: 3.163 Thread 0x000002bb1fab5000 Uncommon trap: reason=class_check action=maybe_recompile pc=0x000002bb21cba088 method=java.util.Collections$UnmodifiableMap$UnmodifiableEntrySet$UnmodifiableEntry.getValue()Ljava/lang/Object; @ 4
Event: 3.200 Thread 0x000002bb1fab5000 Uncommon trap: reason=unstable_if action=reinterpret pc=0x000002bb21edc000 method=com.sun.tools.javac.code.Scope.lookup(Lcom/sun/tools/javac/util/Name;Lcom/sun/tools/javac/util/Filter;)Lcom/sun/tools/javac/code/Scope$Entry; @ 19
Event: 3.201 Thread 0x000002bb1fab5000 Uncommon trap: reason=bimorphic action=maybe_recompile pc=0x000002bb21bcc048 method=java.util.regex.Pattern$5.isSatisfiedBy(I)Z @ 16
Event: 3.201 Thread 0x000002bb1fab5000 Uncommon trap: reason=bimorphic action=maybe_recompile pc=0x000002bb21bcc048 method=java.util.regex.Pattern$5.isSatisfiedBy(I)Z @ 16
Event: 3.211 Thread 0x000002bb1fab5000 Uncommon trap: reason=class_check action=maybe_recompile pc=0x000002bb22445c68 method=java.lang.reflect.Field.get(Ljava/lang/Object;)Ljava/lang/Object; @ 45
Event: 3.226 Thread 0x000002bb1fab5000 Uncommon trap: reason=unstable_if action=reinterpret pc=0x000002bb216fe764 method=com.sun.tools.javac.code.Symbol$TypeSymbol.formFullName(Lcom/sun/tools/javac/util/Name;Lcom/sun/tools/javac/code/Symbol;)Lcom/sun/tools/javac/util/Name; @ 1
Event: 3.228 Thread 0x000002bb1fab5000 Uncommon trap: reason=speculate_class_check action=maybe_recompile pc=0x000002bb21b887f4 method=com.sun.tools.javac.file.JavacFileManager.inferBinaryName(Ljavax/tools/JavaFileManager$Location;Ljavax/tools/JavaFileObject;)Ljava/lang/String; @ 23
Event: 3.228 Thread 0x000002bb1fab5000 Uncommon trap: reason=speculate_class_check action=maybe_recompile pc=0x000002bb21b887f4 method=com.sun.tools.javac.file.JavacFileManager.inferBinaryName(Ljavax/tools/JavaFileManager$Location;Ljavax/tools/JavaFileObject;)Ljava/lang/String; @ 23
Event: 3.228 Thread 0x000002bb1fab5000 Uncommon trap: reason=speculate_class_check action=maybe_recompile pc=0x000002bb21b887f4 method=com.sun.tools.javac.file.JavacFileManager.inferBinaryName(Ljavax/tools/JavaFileManager$Location;Ljavax/tools/JavaFileObject;)Ljava/lang/String; @ 23
Event: 3.228 Thread 0x000002bb1fab5000 Uncommon trap: reason=speculate_class_check action=maybe_recompile pc=0x000002bb21b887f4 method=com.sun.tools.javac.file.JavacFileManager.inferBinaryName(Ljavax/tools/JavaFileManager$Location;Ljavax/tools/JavaFileObject;)Ljava/lang/String; @ 23

Classes redefined (0 events):
No events

Internal exceptions (10 events):
Event: 1.663 Thread 0x000002bb1fab5000 Implicit null exception at 0x000002bb21917d55 to 0x000002bb21917f59
Event: 1.664 Thread 0x000002bb1fab5000 Implicit null exception at 0x000002bb2194d22f to 0x000002bb2194d299
Event: 1.993 Thread 0x000002bb1fab5000 Implicit null exception at 0x000002bb21ed9b17 to 0x000002bb21ed9f71
Event: 2.166 Thread 0x000002bb1fab5000 Exception <a 'java/lang/ClassNotFoundException': com/sun/tools/javac/api/JavacTool> (0x000000076d2486c8) thrown at [C:\jenkins\workspace\8-2-build-windows-amd64-cygwin\jdk8u333\2551\hotspot\src\share\vm\classfile\systemDictionary.cpp, line 212]
Event: 2.463 Thread 0x000002bb1fab5000 Exception <a 'java/io/FileNotFoundException'> (0x000000076e4ed860) thrown at [C:\jenkins\workspace\8-2-build-windows-amd64-cygwin\jdk8u333\2551\hotspot\src\share\vm\prims\jni.cpp, line 710]
Event: 2.465 Thread 0x000002bb1fab5000 Exception <a 'java/io/FileNotFoundException'> (0x000000076e5475e0) thrown at [C:\jenkins\workspace\8-2-build-windows-amd64-cygwin\jdk8u333\2551\hotspot\src\share\vm\prims\jni.cpp, line 710]
Event: 2.937 Thread 0x000002bb1fab5000 Implicit null exception at 0x000002bb21ba5785 to 0x000002bb21ba5ff1
Event: 3.000 Thread 0x000002bb1fab5000 Implicit null exception at 0x000002bb21c11033 to 0x000002bb21c1145d
Event: 3.002 Thread 0x000002bb1fab5000 Implicit null exception at 0x000002bb21c07295 to 0x000002bb21c07495
Event: 3.226 Thread 0x000002bb1fab5000 Implicit null exception at 0x000002bb216fe650 to 0x000002bb216fe751

Events (10 events):
Event: 3.228 Thread 0x000002bb1fab5000 DEOPT UNPACKING pc=0x000002bb215658c3 sp=0x000000f7ff2fd160 mode 2
Event: 3.228 Thread 0x000002bb1fab5000 Uncommon trap: trap_request=0xffffff76 fr.pc=0x000002bb21b887f4
Event: 3.228 Thread 0x000002bb1fab5000 DEOPT PACKING pc=0x000002bb21b887f4 sp=0x000000f7ff2fd0d0
Event: 3.228 Thread 0x000002bb1fab5000 DEOPT UNPACKING pc=0x000002bb215658c3 sp=0x000000f7ff2fd0c0 mode 2
Event: 3.228 Thread 0x000002bb1fab5000 Uncommon trap: trap_request=0xffffff76 fr.pc=0x000002bb21b887f4
Event: 3.228 Thread 0x000002bb1fab5000 DEOPT PACKING pc=0x000002bb21b887f4 sp=0x000000f7ff2fd170
Event: 3.228 Thread 0x000002bb1fab5000 DEOPT UNPACKING pc=0x000002bb215658c3 sp=0x000000f7ff2fd160 mode 2
Event: 3.228 Thread 0x000002bb1fab5000 Uncommon trap: trap_request=0xffffff76 fr.pc=0x000002bb21b887f4
Event: 3.228 Thread 0x000002bb1fab5000 DEOPT PACKING pc=0x000002bb21b887f4 sp=0x000000f7ff2fd0d0
Event: 3.228 Thread 0x000002bb1fab5000 DEOPT UNPACKING pc=0x000002bb215658c3 sp=0x000000f7ff2fd0c0 mode 2


Dynamic libraries:
0x00007ff7b0c20000 - 0x00007ff7b0c67000 	C:\Program Files\Java\jdk1.8.0_333\bin\java.exe
0x00007fffa4170000 - 0x00007fffa4367000 	C:\Windows\SYSTEM32\ntdll.dll
0x00007fffa30b0000 - 0x00007fffa316d000 	C:\Windows\System32\KERNEL32.DLL
0x00007fffa1c60000 - 0x00007fffa1f2d000 	C:\Windows\System32\KERNELBASE.dll
0x00007fffa35c0000 - 0x00007fffa366e000 	C:\Windows\System32\ADVAPI32.dll
0x00007fffa2a00000 - 0x00007fffa2a9e000 	C:\Windows\System32\msvcrt.dll
0x00007fffa2f20000 - 0x00007fffa2fbc000 	C:\Windows\System32\sechost.dll
0x00007fffa33c0000 - 0x00007fffa34e5000 	C:\Windows\System32\RPCRT4.dll
0x00007fffa2380000 - 0x00007fffa2520000 	C:\Windows\System32\USER32.dll
0x00007fffa1990000 - 0x00007fffa19b2000 	C:\Windows\System32\win32u.dll
0x00007fffa2e30000 - 0x00007fffa2e5a000 	C:\Windows\System32\GDI32.dll
0x00007fffa1b50000 - 0x00007fffa1c5b000 	C:\Windows\System32\gdi32full.dll
0x00007fffa2130000 - 0x00007fffa21cd000 	C:\Windows\System32\msvcp_win.dll
0x00007fffa1890000 - 0x00007fffa1990000 	C:\Windows\System32\ucrtbase.dll
0x00007fff959d0000 - 0x00007fff95c6a000 	C:\Windows\WinSxS\amd64_microsoft.windows.common-controls_6595b64144ccf1df_6.0.19041.1110_none_60b5254171f9507e\COMCTL32.dll
0x00007fffa2ef0000 - 0x00007fffa2f20000 	C:\Windows\System32\IMM32.DLL
0x00007fff9c220000 - 0x00007fff9c235000 	C:\Program Files\Java\jdk1.8.0_333\jre\bin\vcruntime140.dll
0x00007fff6be20000 - 0x00007fff6bebb000 	C:\Program Files\Java\jdk1.8.0_333\jre\bin\msvcp140.dll
0x000000005ff20000 - 0x0000000060781000 	C:\Program Files\Java\jdk1.8.0_333\jre\bin\server\jvm.dll
0x00007fffa30a0000 - 0x00007fffa30a8000 	C:\Windows\System32\PSAPI.DLL
0x00007fff94fb0000 - 0x00007fff94fba000 	C:\Windows\SYSTEM32\VERSION.dll
0x00007fff94e40000 - 0x00007fff94e67000 	C:\Windows\SYSTEM32\WINMM.dll
0x00007fff9d5b0000 - 0x00007fff9d5b9000 	C:\Windows\SYSTEM32\WSOCK32.dll
0x00007fffa3dc0000 - 0x00007fffa3e2b000 	C:\Windows\System32\WS2_32.dll
0x00007fff9f7b0000 - 0x00007fff9f7c2000 	C:\Windows\SYSTEM32\kernel.appcore.dll
0x00007fff870c0000 - 0x00007fff870d0000 	C:\Program Files\Java\jdk1.8.0_333\jre\bin\verify.dll
0x00007fff6bdf0000 - 0x00007fff6be1b000 	C:\Program Files\Java\jdk1.8.0_333\jre\bin\java.dll
0x00007fff6bd10000 - 0x00007fff6bd40000 	C:\Program Files\Java\jdk1.8.0_333\jre\bin\instrument.dll
0x00007fff6bef0000 - 0x00007fff6bf08000 	C:\Program Files\Java\jdk1.8.0_333\jre\bin\zip.dll
0x00007fffa3670000 - 0x00007fffa3db4000 	C:\Windows\System32\SHELL32.dll
0x00007fff9f9b0000 - 0x00007fffa0144000 	C:\Windows\SYSTEM32\windows.storage.dll
0x00007fffa2ac0000 - 0x00007fffa2e14000 	C:\Windows\System32\combase.dll
0x00007fffa1220000 - 0x00007fffa124c000 	C:\Windows\SYSTEM32\Wldp.dll
0x00007fffa4080000 - 0x00007fffa412d000 	C:\Windows\System32\SHCORE.dll
0x00007fffa3360000 - 0x00007fffa33b5000 	C:\Windows\System32\shlwapi.dll
0x00007fffa17d0000 - 0x00007fffa17ef000 	C:\Windows\SYSTEM32\profapi.dll
0x00007fff7cc20000 - 0x00007fff7cc3a000 	C:\Program Files\JetBrains\IntelliJ IDEA 2021.1.2\bin\breakgen64.dll
0x00007fff6bdd0000 - 0x00007fff6bdec000 	C:\Program Files\Java\jdk1.8.0_333\jre\bin\net.dll
0x00007fffa0f80000 - 0x00007fffa0fea000 	C:\Windows\system32\mswsock.dll
0x00007fffa1180000 - 0x00007fffa1198000 	C:\Windows\SYSTEM32\CRYPTSP.dll
0x00007fffa0900000 - 0x00007fffa0934000 	C:\Windows\system32\rsaenh.dll
0x00007fffa1f30000 - 0x00007fffa1f57000 	C:\Windows\System32\bcrypt.dll
0x00007fffa1790000 - 0x00007fffa17be000 	C:\Windows\SYSTEM32\USERENV.dll
0x00007fffa19c0000 - 0x00007fffa1a42000 	C:\Windows\System32\bcryptprimitives.dll
0x00007fffa1170000 - 0x00007fffa117c000 	C:\Windows\SYSTEM32\CRYPTBASE.dll
0x00007fffa0c70000 - 0x00007fffa0cab000 	C:\Windows\SYSTEM32\IPHLPAPI.DLL
0x00007fffa2e20000 - 0x00007fffa2e28000 	C:\Windows\System32\NSI.dll
0x00007fff9cad0000 - 0x00007fff9cae7000 	C:\Windows\SYSTEM32\dhcpcsvc6.DLL
0x00007fff9cab0000 - 0x00007fff9cacd000 	C:\Windows\SYSTEM32\dhcpcsvc.DLL
0x00007fffa0cb0000 - 0x00007fffa0d7b000 	C:\Windows\SYSTEM32\DNSAPI.dll
0x00007fff6bdb0000 - 0x00007fff6bdc3000 	C:\Program Files\Java\jdk1.8.0_333\jre\bin\nio.dll
0x00007fff93b90000 - 0x00007fff93b9a000 	C:\Users\Admin\AppData\Local\Temp\jansi-1.17.1-8573570884888818430.dll
0x00007fff870f0000 - 0x00007fff870fa000 	C:\Users\Admin\AppData\Local\Temp\jansi-1.17.1-3217779178205126405.dll
0x00007fff9a820000 - 0x00007fff9aa04000 	C:\Windows\SYSTEM32\dbghelp.dll

VM Arguments:
jvm_args: -Dmaven.multiModuleProjectDirectory=D:\workspace\git\nov-edu\server\nov-starter -Dmaven.home=C:\Program Files\JetBrains\IntelliJ IDEA 2021.1.2\plugins\maven\lib\maven3 -Dclassworlds.conf=C:\Program Files\JetBrains\IntelliJ IDEA 2021.1.2\plugins\maven\lib\maven3\bin\m2.conf -Dmaven.ext.class.path=C:\Program Files\JetBrains\IntelliJ IDEA 2021.1.2\plugins\maven\lib\maven-event-listener.jar -javaagent:C:\Program Files\JetBrains\IntelliJ IDEA 2021.1.2\lib\idea_rt.jar=63614:C:\Program Files\JetBrains\IntelliJ IDEA 2021.1.2\bin -Dfile.encoding=UTF-8 
java_command: org.codehaus.classworlds.Launcher -Didea.version=2021.1.2 package
java_class_path (initial): C:\Program Files\JetBrains\IntelliJ IDEA 2021.1.2\plugins\maven\lib\maven3\boot\plexus-classworlds-2.6.0.jar;C:\Program Files\JetBrains\IntelliJ IDEA 2021.1.2\plugins\maven\lib\maven3\boot\plexus-classworlds.license;C:\Program Files\JetBrains\IntelliJ IDEA 2021.1.2\lib\idea_rt.jar
Launcher Type: SUN_STANDARD

Environment Variables:
JAVA_HOME=C:\Program Files\Java\jdk1.8.0_333
CLASSPATH=.;C:\Program Files\Java\jdk1.8.0_333\lib;C:\Program Files\Java\jdk1.8.0_333\lib\tools.jar
PATH=c:\app\Admin\product\11.2.0\client_1\bin;C:\Program Files (x86)\Common Files\Oracle\Java\javapath;C:\Windows\system32;C:\Windows;C:\Windows\System32\Wbem;C:\Windows\System32\WindowsPowerShell\v1.0\;C:\Windows\System32\OpenSSH\;";C:\Program Files\Java\jdk1.8.0_333\bin;C:\Program Files\Java\jdk1.8.0_333\jre\bin;";C:\Program Files (x86)\NetSarang\Xftp 7\;C:\Program Files\nodejs\;C:\Program Files\Git\cmd;C:\Program Files\Docker\Docker\resources\bin;C:\ProgramData\DockerDesktop\version-bin;C:\Program Files\TortoiseSVN\bin;C:\Program Files (x86)\NetSarang\Xshell 7\;C:\Users\Admin\AppData\Local\Microsoft\WindowsApps;;C:\Users\Admin\AppData\Local\Programs\Microsoft VS Code\bin;C:\Users\Admin\AppData\Roaming\npm
USERNAME=Admin
OS=Windows_NT
PROCESSOR_IDENTIFIER=Intel64 Family 6 Model 151 Stepping 5, GenuineIntel



---------------  S Y S T E M  ---------------

OS: Windows 10 , 64 bit Build 19041 (10.0.19041.1741)

CPU:total 12 (initial active 12) (6 cores per cpu, 2 threads per core) family 6 model 151 stepping 5, cmov, cx8, fxsr, mmx, sse, sse2, sse3, ssse3, sse4.1, sse4.2, popcnt, avx, avx2, aes, clmul, erms, 3dnowpref, lzcnt, ht, tsc, tscinvbit, bmi1, bmi2, adx

Memory: 4k page, physical 16346224k(2891672k free), swap 24734832k(5160k free)

vm_info: Java HotSpot(TM) 64-Bit Server VM (25.333-b02) for windows-amd64 JRE (1.8.0_333-b02), built on Apr 25 2022 22:49:11 by "java_re" with MS VC++ 15.9 (VS2017)

time: Wed Jul 20 15:18:25 2022
timezone: 中国标准时间
elapsed time: 3.292037 seconds (0d 0h 0m 3s)

