2022-02-15 15:55:36.026 [background-preinit] INFO  org.hibernate.validator.internal.util.Version-HV000001: Hibernate Validator 6.1.7.Final
2022-02-15 15:55:40.035 [main] INFO  org.reflections.Reflections-Reflections took 132 ms to scan 1 urls, producing 3 keys and 6 values 
2022-02-15 15:55:40.107 [main] INFO  org.reflections.Reflections-Reflections took 31 ms to scan 1 urls, producing 4 keys and 9 values 
2022-02-15 15:55:40.127 [main] INFO  org.reflections.Reflections-Reflections took 16 ms to scan 1 urls, producing 3 keys and 10 values 
2022-02-15 15:55:40.467 [main] INFO  org.reflections.Reflections-Reflections took 328 ms to scan 243 urls, producing 0 keys and 0 values 
2022-02-15 15:55:40.487 [main] INFO  org.reflections.Reflections-Reflections took 19 ms to scan 1 urls, producing 1 keys and 5 values 
2022-02-15 15:55:40.505 [main] INFO  org.reflections.Reflections-Reflections took 13 ms to scan 1 urls, producing 1 keys and 7 values 
2022-02-15 15:55:40.520 [main] INFO  org.reflections.Reflections-Reflections took 12 ms to scan 1 urls, producing 2 keys and 8 values 
2022-02-15 15:55:40.772 [main] INFO  org.reflections.Reflections-Reflections took 241 ms to scan 243 urls, producing 0 keys and 0 values 
2022-02-15 15:55:44.271 [main] INFO  org.springframework.cloud.bootstrap.config.PropertySourceBootstrapConfiguration-Located property source: [BootstrapPropertySource {name='bootstrapProperties-service-order-dev.properties,DEFAULT_GROUP'}, BootstrapPropertySource {name='bootstrapProperties-service-order.properties,DEFAULT_GROUP'}, BootstrapPropertySource {name='bootstrapProperties-service-order,DEFAULT_GROUP'}]
2022-02-15 15:55:44.339 [main] INFO  RegexTest-The following profiles are active: dev
2022-02-15 15:55:46.832 [main] INFO  org.springframework.data.repository.config.RepositoryConfigurationDelegate-Multiple Spring Data modules found, entering strict repository configuration mode!
2022-02-15 15:55:46.839 [main] INFO  org.springframework.data.repository.config.RepositoryConfigurationDelegate-Bootstrapping Spring Data Redis repositories in DEFAULT mode.
2022-02-15 15:55:46.951 [main] INFO  org.springframework.data.repository.config.RepositoryConfigurationDelegate-Finished Spring Data repository scanning in 62ms. Found 0 Redis repository interfaces.
2022-02-15 15:55:47.667 [main] INFO  org.springframework.cloud.context.scope.GenericScope-BeanFactory id=298412bf-3a3d-3dc4-a9de-9d37d3a12efa
2022-02-15 15:55:50.021 [main] INFO  org.springframework.cloud.openfeign.FeignClientFactoryBean-For 'service-edu' URL not provided. Will try picking an instance via load-balancing.
2022-02-15 15:55:50.794 [main] INFO  com.alibaba.druid.spring.boot.autoconfigure.DruidDataSourceAutoConfigure-Init DruidDataSource
2022-02-15 15:55:55.000 [main] INFO  com.alibaba.druid.pool.DruidDataSource-{dataSource-1} inited
2022-02-15 15:55:56.762 [main] INFO  org.springframework.cloud.openfeign.FeignClientFactoryBean-For 'service-ucenter' URL not provided. Will try picking an instance via load-balancing.
2022-02-15 15:56:01.173 [main] INFO  springfox.documentation.spring.web.PropertySourcedRequestMappingHandlerMapping-Mapped URL path [/v2/api-docs] onto method [springfox.documentation.swagger2.web.Swagger2Controller#getDocumentation(String, HttpServletRequest)]
2022-02-15 15:56:01.610 [main] INFO  com.netflix.config.sources.URLConfigurationSource-To enable URLs as dynamic configuration sources, define System property archaius.configurationSource.additionalUrls or make config.properties available on classpath.
2022-02-15 15:56:01.624 [main] INFO  com.netflix.config.sources.URLConfigurationSource-To enable URLs as dynamic configuration sources, define System property archaius.configurationSource.additionalUrls or make config.properties available on classpath.
2022-02-15 15:56:02.472 [main] INFO  org.springframework.scheduling.concurrent.ThreadPoolTaskExecutor-Initializing ExecutorService 'applicationTaskExecutor'
2022-02-15 15:56:05.377 [main] INFO  org.springframework.scheduling.concurrent.ThreadPoolTaskScheduler-Initializing ExecutorService 'Nacos-Watch-Task-Scheduler'
2022-02-15 15:56:08.271 [main] INFO  springfox.documentation.spring.web.plugins.DocumentationPluginsBootstrapper-Context refreshed
2022-02-15 15:56:08.334 [main] INFO  springfox.documentation.spring.web.plugins.DocumentationPluginsBootstrapper-Found 1 custom documentation plugin(s)
2022-02-15 15:56:08.446 [main] INFO  springfox.documentation.spring.web.scanners.ApiListingReferenceScanner-Scanning for api listing references
2022-02-15 15:56:09.054 [main] INFO  RegexTest-Started RegexTest in 34.969 seconds (JVM running for 41.789)
2022-02-15 15:56:10.076 [main] INFO  com.novedu.nov.sys.config.NovMetaObjectHandler-start update fill ....
2022-02-15 15:56:10.093 [main] INFO  com.novedu.nov.sys.config.NovMetaObjectHandler-start update fill ....
2022-02-15 15:56:10.096 [main] INFO  com.novedu.nov.sys.config.NovMetaObjectHandler-start update fill ....
2022-02-15 15:56:10.100 [main] INFO  com.novedu.nov.sys.config.NovMetaObjectHandler-start update fill ....
2022-02-15 15:56:10.101 [main] INFO  com.novedu.nov.sys.config.NovMetaObjectHandler-start update fill ....
2022-02-15 15:56:10.103 [main] INFO  com.novedu.nov.sys.config.NovMetaObjectHandler-start update fill ....
2022-02-15 15:56:10.125 [main] INFO  com.novedu.nov.sys.config.NovMetaObjectHandler-start update fill ....
2022-02-15 15:56:10.148 [main] INFO  com.novedu.nov.sys.config.NovMetaObjectHandler-start update fill ....
2022-02-15 15:56:10.169 [main] INFO  com.novedu.nov.sys.config.NovMetaObjectHandler-start update fill ....
2022-02-15 15:56:10.171 [main] INFO  com.novedu.nov.sys.config.NovMetaObjectHandler-start update fill ....
2022-02-15 15:56:10.173 [main] INFO  com.novedu.nov.sys.config.NovMetaObjectHandler-start update fill ....
2022-02-15 15:56:10.175 [main] INFO  com.novedu.nov.sys.config.NovMetaObjectHandler-start update fill ....
2022-02-15 15:56:10.176 [main] INFO  com.novedu.nov.sys.config.NovMetaObjectHandler-start update fill ....
2022-02-15 15:56:10.179 [main] INFO  com.novedu.nov.sys.config.NovMetaObjectHandler-start update fill ....
2022-02-15 15:56:10.197 [main] INFO  com.novedu.nov.sys.config.NovMetaObjectHandler-start update fill ....
2022-02-15 15:56:10.203 [main] INFO  com.novedu.nov.sys.config.NovMetaObjectHandler-start update fill ....
2022-02-15 15:56:10.263 [main] INFO  com.novedu.nov.sys.config.NovMetaObjectHandler-start update fill ....
2022-02-15 15:56:10.266 [main] INFO  com.novedu.nov.sys.config.NovMetaObjectHandler-start update fill ....
2022-02-15 15:56:10.267 [main] INFO  com.novedu.nov.sys.config.NovMetaObjectHandler-start update fill ....
2022-02-15 15:56:10.269 [main] INFO  com.novedu.nov.sys.config.NovMetaObjectHandler-start update fill ....
2022-02-15 15:56:10.273 [main] INFO  com.novedu.nov.sys.config.NovMetaObjectHandler-start update fill ....
2022-02-15 15:56:10.275 [main] INFO  com.novedu.nov.sys.config.NovMetaObjectHandler-start update fill ....
2022-02-15 15:56:10.278 [main] INFO  com.novedu.nov.sys.config.NovMetaObjectHandler-start update fill ....
2022-02-15 15:56:10.280 [main] INFO  com.novedu.nov.sys.config.NovMetaObjectHandler-start update fill ....
2022-02-15 15:56:10.282 [main] INFO  com.novedu.nov.sys.config.NovMetaObjectHandler-start update fill ....
2022-02-15 15:56:11.125 [SpringContextShutdownHook] INFO  org.springframework.scheduling.concurrent.ThreadPoolTaskScheduler-Shutting down ExecutorService 'Nacos-Watch-Task-Scheduler'
2022-02-15 15:56:11.846 [SpringContextShutdownHook] INFO  org.springframework.scheduling.concurrent.ThreadPoolTaskExecutor-Shutting down ExecutorService 'applicationTaskExecutor'
2022-02-15 15:56:11.901 [SpringContextShutdownHook] INFO  com.alibaba.druid.pool.DruidDataSource-{dataSource-1} closing ...
2022-02-15 15:56:11.922 [SpringContextShutdownHook] INFO  com.alibaba.druid.pool.DruidDataSource-{dataSource-1} closed
