2022-02-09 10:38:42.906 [main] WARN  com.alibaba.cloud.nacos.client.NacosPropertySourceBuilder-Ignore the empty nacos configuration and get it based on dataId[service-edu] & group[DEFAULT_GROUP]
2022-02-09 10:38:42.922 [main] WARN  com.alibaba.cloud.nacos.client.NacosPropertySourceBuilder-Ignore the empty nacos configuration and get it based on dataId[service-edu.properties] & group[DEFAULT_GROUP]
2022-02-09 10:38:42.955 [main] WARN  com.alibaba.cloud.nacos.client.NacosPropertySourceBuilder-Ignore the empty nacos configuration and get it based on dataId[service-edu-dev.properties] & group[DEFAULT_GROUP]
2022-02-09 10:38:52.209 [main] WARN  com.netflix.config.sources.URLConfigurationSource-No URLs will be polled as dynamic configuration sources.
2022-02-09 10:38:52.230 [main] WARN  com.netflix.config.sources.URLConfigurationSource-No URLs will be polled as dynamic configuration sources.
2022-02-09 10:39:02.174 [Thread-3] WARN  com.alibaba.nacos.common.http.HttpClientBeanHolder-[HttpClientBeanHolder] Start destroying common HttpClient
2022-02-09 10:39:02.168 [Thread-8] WARN  com.alibaba.nacos.common.notify.NotifyCenter-[NotifyCenter] Start destroying Publisher
2022-02-09 10:39:02.179 [Thread-8] WARN  com.alibaba.nacos.common.notify.NotifyCenter-[NotifyCenter] Destruction of the end
2022-02-09 10:39:02.182 [Thread-3] WARN  com.alibaba.nacos.common.http.HttpClientBeanHolder-[HttpClientBeanHolder] Destruction of the end
2022-02-09 10:40:38.649 [main] WARN  com.alibaba.cloud.nacos.client.NacosPropertySourceBuilder-Ignore the empty nacos configuration and get it based on dataId[service-edu] & group[DEFAULT_GROUP]
2022-02-09 10:40:38.658 [main] WARN  com.alibaba.cloud.nacos.client.NacosPropertySourceBuilder-Ignore the empty nacos configuration and get it based on dataId[service-edu.properties] & group[DEFAULT_GROUP]
2022-02-09 10:40:38.664 [main] WARN  com.alibaba.cloud.nacos.client.NacosPropertySourceBuilder-Ignore the empty nacos configuration and get it based on dataId[service-edu-dev.properties] & group[DEFAULT_GROUP]
2022-02-09 10:40:46.526 [main] WARN  com.netflix.config.sources.URLConfigurationSource-No URLs will be polled as dynamic configuration sources.
2022-02-09 10:40:46.538 [main] WARN  com.netflix.config.sources.URLConfigurationSource-No URLs will be polled as dynamic configuration sources.
2022-02-09 10:40:55.220 [Thread-3] WARN  com.alibaba.nacos.common.http.HttpClientBeanHolder-[HttpClientBeanHolder] Start destroying common HttpClient
2022-02-09 10:40:55.224 [Thread-8] WARN  com.alibaba.nacos.common.notify.NotifyCenter-[NotifyCenter] Start destroying Publisher
2022-02-09 10:40:55.229 [Thread-8] WARN  com.alibaba.nacos.common.notify.NotifyCenter-[NotifyCenter] Destruction of the end
2022-02-09 10:40:55.230 [Thread-3] WARN  com.alibaba.nacos.common.http.HttpClientBeanHolder-[HttpClientBeanHolder] Destruction of the end
2022-02-09 10:43:14.486 [main] WARN  com.alibaba.cloud.nacos.client.NacosPropertySourceBuilder-Ignore the empty nacos configuration and get it based on dataId[service-statistics] & group[DEFAULT_GROUP]
2022-02-09 10:43:14.496 [main] WARN  com.alibaba.cloud.nacos.client.NacosPropertySourceBuilder-Ignore the empty nacos configuration and get it based on dataId[service-statistics.properties] & group[DEFAULT_GROUP]
2022-02-09 10:43:14.505 [main] WARN  com.alibaba.cloud.nacos.client.NacosPropertySourceBuilder-Ignore the empty nacos configuration and get it based on dataId[service-statistics-dev.properties] & group[DEFAULT_GROUP]
2022-02-09 10:43:23.324 [main] WARN  com.netflix.config.sources.URLConfigurationSource-No URLs will be polled as dynamic configuration sources.
2022-02-09 10:43:23.335 [main] WARN  com.netflix.config.sources.URLConfigurationSource-No URLs will be polled as dynamic configuration sources.
2022-02-09 10:43:31.729 [Thread-8] WARN  com.alibaba.nacos.common.notify.NotifyCenter-[NotifyCenter] Start destroying Publisher
2022-02-09 10:43:31.733 [Thread-8] WARN  com.alibaba.nacos.common.notify.NotifyCenter-[NotifyCenter] Destruction of the end
2022-02-09 10:43:31.727 [Thread-3] WARN  com.alibaba.nacos.common.http.HttpClientBeanHolder-[HttpClientBeanHolder] Start destroying common HttpClient
2022-02-09 10:43:31.737 [Thread-3] WARN  com.alibaba.nacos.common.http.HttpClientBeanHolder-[HttpClientBeanHolder] Destruction of the end
2022-02-09 10:46:20.814 [main] WARN  com.alibaba.cloud.nacos.client.NacosPropertySourceBuilder-Ignore the empty nacos configuration and get it based on dataId[service-statistics] & group[DEFAULT_GROUP]
2022-02-09 10:46:20.821 [main] WARN  com.alibaba.cloud.nacos.client.NacosPropertySourceBuilder-Ignore the empty nacos configuration and get it based on dataId[service-statistics.properties] & group[DEFAULT_GROUP]
2022-02-09 10:46:20.826 [main] WARN  com.alibaba.cloud.nacos.client.NacosPropertySourceBuilder-Ignore the empty nacos configuration and get it based on dataId[service-statistics-dev.properties] & group[DEFAULT_GROUP]
2022-02-09 10:46:27.514 [main] WARN  com.netflix.config.sources.URLConfigurationSource-No URLs will be polled as dynamic configuration sources.
2022-02-09 10:46:27.527 [main] WARN  com.netflix.config.sources.URLConfigurationSource-No URLs will be polled as dynamic configuration sources.
2022-02-09 10:46:34.848 [Thread-3] WARN  com.alibaba.nacos.common.http.HttpClientBeanHolder-[HttpClientBeanHolder] Start destroying common HttpClient
2022-02-09 10:46:34.850 [Thread-8] WARN  com.alibaba.nacos.common.notify.NotifyCenter-[NotifyCenter] Start destroying Publisher
2022-02-09 10:46:34.854 [Thread-8] WARN  com.alibaba.nacos.common.notify.NotifyCenter-[NotifyCenter] Destruction of the end
2022-02-09 10:46:34.855 [Thread-3] WARN  com.alibaba.nacos.common.http.HttpClientBeanHolder-[HttpClientBeanHolder] Destruction of the end
2022-02-09 10:50:01.999 [main] WARN  com.alibaba.cloud.nacos.client.NacosPropertySourceBuilder-Ignore the empty nacos configuration and get it based on dataId[service-statistics] & group[DEFAULT_GROUP]
2022-02-09 10:50:02.006 [main] WARN  com.alibaba.cloud.nacos.client.NacosPropertySourceBuilder-Ignore the empty nacos configuration and get it based on dataId[service-statistics.properties] & group[DEFAULT_GROUP]
2022-02-09 10:50:02.015 [main] WARN  com.alibaba.cloud.nacos.client.NacosPropertySourceBuilder-Ignore the empty nacos configuration and get it based on dataId[service-statistics-dev.properties] & group[DEFAULT_GROUP]
2022-02-09 10:50:09.250 [main] WARN  com.netflix.config.sources.URLConfigurationSource-No URLs will be polled as dynamic configuration sources.
2022-02-09 10:50:09.268 [main] WARN  com.netflix.config.sources.URLConfigurationSource-No URLs will be polled as dynamic configuration sources.
2022-02-09 10:50:17.023 [Thread-3] WARN  com.alibaba.nacos.common.http.HttpClientBeanHolder-[HttpClientBeanHolder] Start destroying common HttpClient
2022-02-09 10:50:17.024 [Thread-8] WARN  com.alibaba.nacos.common.notify.NotifyCenter-[NotifyCenter] Start destroying Publisher
2022-02-09 10:50:17.025 [Thread-8] WARN  com.alibaba.nacos.common.notify.NotifyCenter-[NotifyCenter] Destruction of the end
2022-02-09 10:50:17.026 [Thread-3] WARN  com.alibaba.nacos.common.http.HttpClientBeanHolder-[HttpClientBeanHolder] Destruction of the end
2022-02-09 10:51:26.028 [main] WARN  com.alibaba.cloud.nacos.client.NacosPropertySourceBuilder-Ignore the empty nacos configuration and get it based on dataId[service-statistics] & group[DEFAULT_GROUP]
2022-02-09 10:51:26.037 [main] WARN  com.alibaba.cloud.nacos.client.NacosPropertySourceBuilder-Ignore the empty nacos configuration and get it based on dataId[service-statistics.properties] & group[DEFAULT_GROUP]
2022-02-09 10:51:26.042 [main] WARN  com.alibaba.cloud.nacos.client.NacosPropertySourceBuilder-Ignore the empty nacos configuration and get it based on dataId[service-statistics-dev.properties] & group[DEFAULT_GROUP]
2022-02-09 10:51:32.917 [main] WARN  com.netflix.config.sources.URLConfigurationSource-No URLs will be polled as dynamic configuration sources.
2022-02-09 10:51:32.932 [main] WARN  com.netflix.config.sources.URLConfigurationSource-No URLs will be polled as dynamic configuration sources.
2022-02-09 10:51:42.162 [Thread-8] WARN  com.alibaba.nacos.common.notify.NotifyCenter-[NotifyCenter] Start destroying Publisher
2022-02-09 10:51:42.165 [Thread-3] WARN  com.alibaba.nacos.common.http.HttpClientBeanHolder-[HttpClientBeanHolder] Start destroying common HttpClient
2022-02-09 10:51:42.167 [Thread-8] WARN  com.alibaba.nacos.common.notify.NotifyCenter-[NotifyCenter] Destruction of the end
2022-02-09 10:51:42.168 [Thread-3] WARN  com.alibaba.nacos.common.http.HttpClientBeanHolder-[HttpClientBeanHolder] Destruction of the end
2022-02-09 13:22:30.601 [main] WARN  com.alibaba.cloud.nacos.client.NacosPropertySourceBuilder-Ignore the empty nacos configuration and get it based on dataId[service-statistics] & group[DEFAULT_GROUP]
2022-02-09 13:22:30.610 [main] WARN  com.alibaba.cloud.nacos.client.NacosPropertySourceBuilder-Ignore the empty nacos configuration and get it based on dataId[service-statistics.properties] & group[DEFAULT_GROUP]
2022-02-09 13:22:30.617 [main] WARN  com.alibaba.cloud.nacos.client.NacosPropertySourceBuilder-Ignore the empty nacos configuration and get it based on dataId[service-statistics-dev.properties] & group[DEFAULT_GROUP]
2022-02-09 13:22:40.458 [main] WARN  com.netflix.config.sources.URLConfigurationSource-No URLs will be polled as dynamic configuration sources.
2022-02-09 13:22:40.481 [main] WARN  com.netflix.config.sources.URLConfigurationSource-No URLs will be polled as dynamic configuration sources.
2022-02-09 13:22:52.550 [Thread-8] WARN  com.alibaba.nacos.common.notify.NotifyCenter-[NotifyCenter] Start destroying Publisher
2022-02-09 13:22:52.551 [Thread-8] WARN  com.alibaba.nacos.common.notify.NotifyCenter-[NotifyCenter] Destruction of the end
2022-02-09 13:22:52.551 [Thread-3] WARN  com.alibaba.nacos.common.http.HttpClientBeanHolder-[HttpClientBeanHolder] Start destroying common HttpClient
2022-02-09 13:22:52.554 [Thread-3] WARN  com.alibaba.nacos.common.http.HttpClientBeanHolder-[HttpClientBeanHolder] Destruction of the end
2022-02-09 13:23:25.851 [main] WARN  com.alibaba.cloud.nacos.client.NacosPropertySourceBuilder-Ignore the empty nacos configuration and get it based on dataId[service-statistics] & group[DEFAULT_GROUP]
2022-02-09 13:23:25.860 [main] WARN  com.alibaba.cloud.nacos.client.NacosPropertySourceBuilder-Ignore the empty nacos configuration and get it based on dataId[service-statistics.properties] & group[DEFAULT_GROUP]
2022-02-09 13:23:25.872 [main] WARN  com.alibaba.cloud.nacos.client.NacosPropertySourceBuilder-Ignore the empty nacos configuration and get it based on dataId[service-statistics-dev.properties] & group[DEFAULT_GROUP]
2022-02-09 13:23:35.983 [main] WARN  com.netflix.config.sources.URLConfigurationSource-No URLs will be polled as dynamic configuration sources.
2022-02-09 13:23:36.018 [main] WARN  com.netflix.config.sources.URLConfigurationSource-No URLs will be polled as dynamic configuration sources.
2022-02-09 13:23:47.364 [Thread-8] WARN  com.alibaba.nacos.common.notify.NotifyCenter-[NotifyCenter] Start destroying Publisher
2022-02-09 13:23:47.367 [Thread-8] WARN  com.alibaba.nacos.common.notify.NotifyCenter-[NotifyCenter] Destruction of the end
2022-02-09 13:23:47.366 [Thread-3] WARN  com.alibaba.nacos.common.http.HttpClientBeanHolder-[HttpClientBeanHolder] Start destroying common HttpClient
2022-02-09 13:23:47.368 [Thread-3] WARN  com.alibaba.nacos.common.http.HttpClientBeanHolder-[HttpClientBeanHolder] Destruction of the end
2022-02-09 13:28:06.747 [main] WARN  com.alibaba.cloud.nacos.client.NacosPropertySourceBuilder-Ignore the empty nacos configuration and get it based on dataId[service-statistics] & group[DEFAULT_GROUP]
2022-02-09 13:28:06.755 [main] WARN  com.alibaba.cloud.nacos.client.NacosPropertySourceBuilder-Ignore the empty nacos configuration and get it based on dataId[service-statistics.properties] & group[DEFAULT_GROUP]
2022-02-09 13:28:06.760 [main] WARN  com.alibaba.cloud.nacos.client.NacosPropertySourceBuilder-Ignore the empty nacos configuration and get it based on dataId[service-statistics-dev.properties] & group[DEFAULT_GROUP]
2022-02-09 13:28:15.778 [main] WARN  com.netflix.config.sources.URLConfigurationSource-No URLs will be polled as dynamic configuration sources.
2022-02-09 13:28:15.797 [main] WARN  com.netflix.config.sources.URLConfigurationSource-No URLs will be polled as dynamic configuration sources.
2022-02-09 13:28:25.762 [Thread-8] WARN  com.alibaba.nacos.common.notify.NotifyCenter-[NotifyCenter] Start destroying Publisher
2022-02-09 13:28:25.765 [Thread-8] WARN  com.alibaba.nacos.common.notify.NotifyCenter-[NotifyCenter] Destruction of the end
2022-02-09 13:28:25.764 [Thread-3] WARN  com.alibaba.nacos.common.http.HttpClientBeanHolder-[HttpClientBeanHolder] Start destroying common HttpClient
2022-02-09 13:28:25.768 [Thread-3] WARN  com.alibaba.nacos.common.http.HttpClientBeanHolder-[HttpClientBeanHolder] Destruction of the end
2022-02-09 13:29:44.969 [main] WARN  com.alibaba.cloud.nacos.client.NacosPropertySourceBuilder-Ignore the empty nacos configuration and get it based on dataId[service-statistics] & group[DEFAULT_GROUP]
2022-02-09 13:29:44.976 [main] WARN  com.alibaba.cloud.nacos.client.NacosPropertySourceBuilder-Ignore the empty nacos configuration and get it based on dataId[service-statistics.properties] & group[DEFAULT_GROUP]
2022-02-09 13:29:44.981 [main] WARN  com.alibaba.cloud.nacos.client.NacosPropertySourceBuilder-Ignore the empty nacos configuration and get it based on dataId[service-statistics-dev.properties] & group[DEFAULT_GROUP]
2022-02-09 13:29:53.509 [main] WARN  com.netflix.config.sources.URLConfigurationSource-No URLs will be polled as dynamic configuration sources.
2022-02-09 13:29:53.523 [main] WARN  com.netflix.config.sources.URLConfigurationSource-No URLs will be polled as dynamic configuration sources.
2022-02-09 13:30:10.418 [Thread-8] WARN  com.alibaba.nacos.common.notify.NotifyCenter-[NotifyCenter] Start destroying Publisher
2022-02-09 13:30:10.421 [Thread-8] WARN  com.alibaba.nacos.common.notify.NotifyCenter-[NotifyCenter] Destruction of the end
2022-02-09 13:30:10.422 [Thread-3] WARN  com.alibaba.nacos.common.http.HttpClientBeanHolder-[HttpClientBeanHolder] Start destroying common HttpClient
2022-02-09 13:30:10.422 [Thread-3] WARN  com.alibaba.nacos.common.http.HttpClientBeanHolder-[HttpClientBeanHolder] Destruction of the end
