2022-01-14 15:28:31.882 [background-preinit] INFO  org.hibernate.validator.internal.util.Version-HV000001: Hibernate Validator 6.1.7.Final
2022-01-14 15:28:35.136 [main] INFO  org.reflections.Reflections-Reflections took 96 ms to scan 1 urls, producing 3 keys and 6 values 
2022-01-14 15:28:35.227 [main] INFO  org.reflections.Reflections-Reflections took 37 ms to scan 1 urls, producing 4 keys and 9 values 
2022-01-14 15:28:35.251 [main] INFO  org.reflections.Reflections-Reflections took 18 ms to scan 1 urls, producing 3 keys and 10 values 
2022-01-14 15:28:35.539 [main] INFO  org.reflections.Reflections-Reflections took 283 ms to scan 231 urls, producing 0 keys and 0 values 
2022-01-14 15:28:35.558 [main] INFO  org.reflections.Reflections-Reflections took 17 ms to scan 1 urls, producing 1 keys and 5 values 
2022-01-14 15:28:35.583 [main] INFO  org.reflections.Reflections-Reflections took 20 ms to scan 1 urls, producing 1 keys and 7 values 
2022-01-14 15:28:35.598 [main] INFO  org.reflections.Reflections-Reflections took 11 ms to scan 1 urls, producing 2 keys and 8 values 
2022-01-14 15:28:35.796 [main] INFO  org.reflections.Reflections-Reflections took 194 ms to scan 231 urls, producing 0 keys and 0 values 
2022-01-14 15:28:38.742 [main] INFO  org.springframework.cloud.bootstrap.config.PropertySourceBootstrapConfiguration-Located property source: [BootstrapPropertySource {name='bootstrapProperties-service-edu-dev.properties,DEFAULT_GROUP'}, BootstrapPropertySource {name='bootstrapProperties-service-edu.properties,DEFAULT_GROUP'}, BootstrapPropertySource {name='bootstrapProperties-service-edu,DEFAULT_GROUP'}]
2022-01-14 15:28:38.764 [main] INFO  RedisTest-The following profiles are active: dev
2022-01-14 15:28:40.614 [main] INFO  org.springframework.data.repository.config.RepositoryConfigurationDelegate-Multiple Spring Data modules found, entering strict repository configuration mode!
2022-01-14 15:28:40.621 [main] INFO  org.springframework.data.repository.config.RepositoryConfigurationDelegate-Bootstrapping Spring Data Redis repositories in DEFAULT mode.
2022-01-14 15:28:40.694 [main] INFO  org.springframework.data.repository.config.RepositoryConfigurationDelegate-Finished Spring Data repository scanning in 44ms. Found 0 Redis repository interfaces.
2022-01-14 15:28:41.144 [main] INFO  org.springframework.cloud.context.scope.GenericScope-BeanFactory id=64e57aa0-bcda-3380-ae89-bfba2f75215a
2022-01-14 15:28:47.838 [main] INFO  com.netflix.config.sources.URLConfigurationSource-To enable URLs as dynamic configuration sources, define System property archaius.configurationSource.additionalUrls or make config.properties available on classpath.
2022-01-14 15:28:47.857 [main] INFO  com.netflix.config.sources.URLConfigurationSource-To enable URLs as dynamic configuration sources, define System property archaius.configurationSource.additionalUrls or make config.properties available on classpath.
2022-01-14 15:28:48.760 [main] INFO  org.springframework.scheduling.concurrent.ThreadPoolTaskExecutor-Initializing ExecutorService 'applicationTaskExecutor'
2022-01-14 15:28:50.509 [main] INFO  org.springframework.scheduling.concurrent.ThreadPoolTaskScheduler-Initializing ExecutorService 'Nacos-Watch-Task-Scheduler'
2022-01-14 15:28:54.532 [main] INFO  RedisTest-Started RedisTest in 24.04 seconds (JVM running for 28.54)
2022-01-14 15:28:54.979 [SpringContextShutdownHook] INFO  org.springframework.scheduling.concurrent.ThreadPoolTaskScheduler-Shutting down ExecutorService 'Nacos-Watch-Task-Scheduler'
2022-01-14 15:28:55.791 [SpringContextShutdownHook] INFO  org.springframework.scheduling.concurrent.ThreadPoolTaskExecutor-Shutting down ExecutorService 'applicationTaskExecutor'
2022-01-14 15:29:45.924 [background-preinit] INFO  org.hibernate.validator.internal.util.Version-HV000001: Hibernate Validator 6.1.7.Final
2022-01-14 15:29:48.887 [main] INFO  org.reflections.Reflections-Reflections took 126 ms to scan 1 urls, producing 3 keys and 6 values 
2022-01-14 15:29:48.988 [main] INFO  org.reflections.Reflections-Reflections took 57 ms to scan 1 urls, producing 4 keys and 9 values 
2022-01-14 15:29:49.021 [main] INFO  org.reflections.Reflections-Reflections took 29 ms to scan 1 urls, producing 3 keys and 10 values 
2022-01-14 15:29:49.263 [main] INFO  org.reflections.Reflections-Reflections took 237 ms to scan 231 urls, producing 0 keys and 0 values 
2022-01-14 15:29:49.281 [main] INFO  org.reflections.Reflections-Reflections took 17 ms to scan 1 urls, producing 1 keys and 5 values 
2022-01-14 15:29:49.314 [main] INFO  org.reflections.Reflections-Reflections took 26 ms to scan 1 urls, producing 1 keys and 7 values 
2022-01-14 15:29:49.334 [main] INFO  org.reflections.Reflections-Reflections took 11 ms to scan 1 urls, producing 2 keys and 8 values 
2022-01-14 15:29:49.548 [main] INFO  org.reflections.Reflections-Reflections took 206 ms to scan 231 urls, producing 0 keys and 0 values 
2022-01-14 15:29:52.073 [main] INFO  org.springframework.cloud.bootstrap.config.PropertySourceBootstrapConfiguration-Located property source: [BootstrapPropertySource {name='bootstrapProperties-service-edu-dev.properties,DEFAULT_GROUP'}, BootstrapPropertySource {name='bootstrapProperties-service-edu.properties,DEFAULT_GROUP'}, BootstrapPropertySource {name='bootstrapProperties-service-edu,DEFAULT_GROUP'}]
2022-01-14 15:29:52.093 [main] INFO  RedisTest-The following profiles are active: dev
2022-01-14 15:29:53.637 [main] INFO  org.springframework.data.repository.config.RepositoryConfigurationDelegate-Multiple Spring Data modules found, entering strict repository configuration mode!
2022-01-14 15:29:53.644 [main] INFO  org.springframework.data.repository.config.RepositoryConfigurationDelegate-Bootstrapping Spring Data Redis repositories in DEFAULT mode.
2022-01-14 15:29:53.721 [main] INFO  org.springframework.data.repository.config.RepositoryConfigurationDelegate-Finished Spring Data repository scanning in 48ms. Found 0 Redis repository interfaces.
2022-01-14 15:29:54.120 [main] INFO  org.springframework.cloud.context.scope.GenericScope-BeanFactory id=64e57aa0-bcda-3380-ae89-bfba2f75215a
2022-01-14 15:29:58.206 [main] INFO  com.netflix.config.sources.URLConfigurationSource-To enable URLs as dynamic configuration sources, define System property archaius.configurationSource.additionalUrls or make config.properties available on classpath.
2022-01-14 15:29:58.229 [main] INFO  com.netflix.config.sources.URLConfigurationSource-To enable URLs as dynamic configuration sources, define System property archaius.configurationSource.additionalUrls or make config.properties available on classpath.
2022-01-14 15:29:59.767 [main] INFO  org.springframework.scheduling.concurrent.ThreadPoolTaskExecutor-Initializing ExecutorService 'applicationTaskExecutor'
2022-01-14 15:30:01.204 [main] INFO  org.springframework.scheduling.concurrent.ThreadPoolTaskScheduler-Initializing ExecutorService 'Nacos-Watch-Task-Scheduler'
2022-01-14 15:30:05.913 [main] INFO  RedisTest-Started RedisTest in 21.814 seconds (JVM running for 25.659)
2022-01-14 15:30:17.731 [SpringContextShutdownHook] INFO  org.springframework.scheduling.concurrent.ThreadPoolTaskScheduler-Shutting down ExecutorService 'Nacos-Watch-Task-Scheduler'
2022-01-14 15:30:18.346 [SpringContextShutdownHook] INFO  org.springframework.scheduling.concurrent.ThreadPoolTaskExecutor-Shutting down ExecutorService 'applicationTaskExecutor'
2022-01-14 15:45:19.111 [background-preinit] INFO  org.hibernate.validator.internal.util.Version-HV000001: Hibernate Validator 6.1.7.Final
2022-01-14 15:45:22.297 [main] INFO  org.reflections.Reflections-Reflections took 107 ms to scan 1 urls, producing 3 keys and 6 values 
2022-01-14 15:45:22.384 [main] INFO  org.reflections.Reflections-Reflections took 31 ms to scan 1 urls, producing 4 keys and 9 values 
2022-01-14 15:45:22.405 [main] INFO  org.reflections.Reflections-Reflections took 16 ms to scan 1 urls, producing 3 keys and 10 values 
2022-01-14 15:45:22.648 [main] INFO  org.reflections.Reflections-Reflections took 240 ms to scan 231 urls, producing 0 keys and 0 values 
2022-01-14 15:45:22.662 [main] INFO  org.reflections.Reflections-Reflections took 13 ms to scan 1 urls, producing 1 keys and 5 values 
2022-01-14 15:45:22.682 [main] INFO  org.reflections.Reflections-Reflections took 17 ms to scan 1 urls, producing 1 keys and 7 values 
2022-01-14 15:45:22.696 [main] INFO  org.reflections.Reflections-Reflections took 10 ms to scan 1 urls, producing 2 keys and 8 values 
2022-01-14 15:45:22.887 [main] INFO  org.reflections.Reflections-Reflections took 187 ms to scan 231 urls, producing 0 keys and 0 values 
2022-01-14 15:45:25.613 [main] INFO  org.springframework.cloud.bootstrap.config.PropertySourceBootstrapConfiguration-Located property source: [BootstrapPropertySource {name='bootstrapProperties-service-edu-dev.properties,DEFAULT_GROUP'}, BootstrapPropertySource {name='bootstrapProperties-service-edu.properties,DEFAULT_GROUP'}, BootstrapPropertySource {name='bootstrapProperties-service-edu,DEFAULT_GROUP'}]
2022-01-14 15:45:25.650 [main] INFO  RedisTest-The following profiles are active: dev
2022-01-14 15:45:27.233 [main] INFO  org.springframework.data.repository.config.RepositoryConfigurationDelegate-Multiple Spring Data modules found, entering strict repository configuration mode!
2022-01-14 15:45:27.240 [main] INFO  org.springframework.data.repository.config.RepositoryConfigurationDelegate-Bootstrapping Spring Data Redis repositories in DEFAULT mode.
2022-01-14 15:45:27.323 [main] INFO  org.springframework.data.repository.config.RepositoryConfigurationDelegate-Finished Spring Data repository scanning in 48ms. Found 0 Redis repository interfaces.
2022-01-14 15:45:27.799 [main] INFO  org.springframework.cloud.context.scope.GenericScope-BeanFactory id=64e57aa0-bcda-3380-ae89-bfba2f75215a
2022-01-14 15:45:33.150 [main] INFO  com.netflix.config.sources.URLConfigurationSource-To enable URLs as dynamic configuration sources, define System property archaius.configurationSource.additionalUrls or make config.properties available on classpath.
2022-01-14 15:45:33.167 [main] INFO  com.netflix.config.sources.URLConfigurationSource-To enable URLs as dynamic configuration sources, define System property archaius.configurationSource.additionalUrls or make config.properties available on classpath.
2022-01-14 15:45:34.028 [main] INFO  org.springframework.scheduling.concurrent.ThreadPoolTaskExecutor-Initializing ExecutorService 'applicationTaskExecutor'
2022-01-14 15:45:35.581 [main] INFO  org.springframework.scheduling.concurrent.ThreadPoolTaskScheduler-Initializing ExecutorService 'Nacos-Watch-Task-Scheduler'
2022-01-14 15:45:39.509 [main] INFO  RedisTest-Started RedisTest in 22.273 seconds (JVM running for 26.684)
2022-01-14 15:45:41.670 [SpringContextShutdownHook] INFO  org.springframework.scheduling.concurrent.ThreadPoolTaskScheduler-Shutting down ExecutorService 'Nacos-Watch-Task-Scheduler'
2022-01-14 15:45:42.447 [SpringContextShutdownHook] INFO  org.springframework.scheduling.concurrent.ThreadPoolTaskExecutor-Shutting down ExecutorService 'applicationTaskExecutor'
2022-01-14 15:51:24.876 [background-preinit] INFO  org.hibernate.validator.internal.util.Version-HV000001: Hibernate Validator 6.1.7.Final
2022-01-14 15:51:28.238 [main] INFO  org.reflections.Reflections-Reflections took 128 ms to scan 1 urls, producing 3 keys and 6 values 
2022-01-14 15:51:28.349 [main] INFO  org.reflections.Reflections-Reflections took 52 ms to scan 1 urls, producing 4 keys and 9 values 
2022-01-14 15:51:28.394 [main] INFO  org.reflections.Reflections-Reflections took 39 ms to scan 1 urls, producing 3 keys and 10 values 
2022-01-14 15:51:28.922 [main] INFO  org.reflections.Reflections-Reflections took 519 ms to scan 231 urls, producing 0 keys and 0 values 
2022-01-14 15:51:28.949 [main] INFO  org.reflections.Reflections-Reflections took 26 ms to scan 1 urls, producing 1 keys and 5 values 
2022-01-14 15:51:28.998 [main] INFO  org.reflections.Reflections-Reflections took 41 ms to scan 1 urls, producing 1 keys and 7 values 
2022-01-14 15:51:29.034 [main] INFO  org.reflections.Reflections-Reflections took 26 ms to scan 1 urls, producing 2 keys and 8 values 
2022-01-14 15:51:29.433 [main] INFO  org.reflections.Reflections-Reflections took 390 ms to scan 231 urls, producing 0 keys and 0 values 
2022-01-14 15:51:32.433 [main] INFO  org.springframework.cloud.bootstrap.config.PropertySourceBootstrapConfiguration-Located property source: [BootstrapPropertySource {name='bootstrapProperties-service-edu-dev.properties,DEFAULT_GROUP'}, BootstrapPropertySource {name='bootstrapProperties-service-edu.properties,DEFAULT_GROUP'}, BootstrapPropertySource {name='bootstrapProperties-service-edu,DEFAULT_GROUP'}]
2022-01-14 15:51:32.460 [main] INFO  RedisTest-The following profiles are active: dev
2022-01-14 15:51:33.926 [main] INFO  org.springframework.data.repository.config.RepositoryConfigurationDelegate-Multiple Spring Data modules found, entering strict repository configuration mode!
2022-01-14 15:51:33.937 [main] INFO  org.springframework.data.repository.config.RepositoryConfigurationDelegate-Bootstrapping Spring Data Redis repositories in DEFAULT mode.
2022-01-14 15:51:34.042 [main] INFO  org.springframework.data.repository.config.RepositoryConfigurationDelegate-Finished Spring Data repository scanning in 69ms. Found 0 Redis repository interfaces.
2022-01-14 15:51:35.115 [main] INFO  org.springframework.cloud.context.scope.GenericScope-BeanFactory id=64e57aa0-bcda-3380-ae89-bfba2f75215a
2022-01-14 15:51:41.155 [main] INFO  com.netflix.config.sources.URLConfigurationSource-To enable URLs as dynamic configuration sources, define System property archaius.configurationSource.additionalUrls or make config.properties available on classpath.
2022-01-14 15:51:41.185 [main] INFO  com.netflix.config.sources.URLConfigurationSource-To enable URLs as dynamic configuration sources, define System property archaius.configurationSource.additionalUrls or make config.properties available on classpath.
2022-01-14 15:51:42.851 [main] INFO  org.springframework.scheduling.concurrent.ThreadPoolTaskExecutor-Initializing ExecutorService 'applicationTaskExecutor'
2022-01-14 15:51:45.088 [main] INFO  org.springframework.scheduling.concurrent.ThreadPoolTaskScheduler-Initializing ExecutorService 'Nacos-Watch-Task-Scheduler'
2022-01-14 15:51:49.680 [main] INFO  RedisTest-Started RedisTest in 26.703 seconds (JVM running for 31.293)
2022-01-14 15:52:43.163 [SpringContextShutdownHook] INFO  org.springframework.scheduling.concurrent.ThreadPoolTaskScheduler-Shutting down ExecutorService 'Nacos-Watch-Task-Scheduler'
2022-01-14 15:52:43.843 [SpringContextShutdownHook] INFO  org.springframework.scheduling.concurrent.ThreadPoolTaskExecutor-Shutting down ExecutorService 'applicationTaskExecutor'
