2022-02-12 11:48:31,210 INFO raft peers changed: [Member{ip='192.168.31.136', port=8848, state=UP, extendInfo={raftPort=7848}}]

2022-02-12 11:48:31,235 INFO initializing Raft sub-system

2022-02-12 11:48:31,235 INFO finish loading all datums, size: 0 cost 0 ms.

2022-02-12 11:48:31,238 INFO cache loaded, datum count: 0, current term: 0

2022-02-12 11:48:31,238 INFO finish to load data from disk, cost: 3 ms.

2022-02-12 11:48:31,240 INFO timer started: leader timeout ms: 15000, heart-beat timeout ms: 5000

2022-02-12 11:48:31,346 INFO add listener: com.alibaba.nacos.naming.domains.meta.

2022-02-12 11:48:31,737 INFO add listener: com.alibaba.nacos.naming.domains.meta.00-00---000-NACOS_SWITCH_DOMAIN-000---00-00

2022-02-12 11:48:33,880 INFO raft peers changed: [Member{ip='192.168.31.136', port=8848, state=UP, extendInfo={lastRefreshTime=1644637713879, raftMetaData=com.alibaba.nacos.consistency.ProtocolMetaData@6ac175a2, raftPort=7848, version=2.0.0}}]

2022-02-12 11:48:35,259 INFO leader timeout, start voting,leader: {"ip":"192.168.31.136:8848","term":0,"leaderDueMs":18550,"heartbeatDueMs":5000,"state":"FOLLOWER"}, term: 0

2022-02-12 11:48:36,241 WARN start to close old raft protocol!!!

2022-02-12 11:48:36,241 WARN stop old raft protocol task for notifier

2022-02-12 11:48:36,241 WARN stop old raft protocol task for master task

2022-02-12 11:48:36,241 WARN stop old raft protocol task for heartbeat task

2022-02-12 11:48:36,241 WARN clean old cache datum for old raft

2022-02-12 11:48:36,241 WARN start to close old raft protocol!!!

2022-02-12 11:48:36,241 WARN stop old raft protocol task for notifier

2022-02-12 11:48:36,241 WARN stop old raft protocol task for master task

2022-02-12 11:48:36,241 WARN stop old raft protocol task for heartbeat task

2022-02-12 11:48:36,241 WARN clean old cache datum for old raft

2022-02-12 11:48:36,241 WARN start to move old raft protocol metadata

2022-02-12 11:48:36,242 WARN start to move old raft protocol metadata

