2022-02-12 11:48:31,777 INFO Register tps control,pointName=CONFIG_PUSH_COUNT, point=com.alibaba.nacos.core.remote.control.TpsMonitorPoint@7cab1508 

2022-02-12 11:48:31,778 INFO Load rule from local,pointName=CONFIG_PUSH_COUNT, ruleContent= 

2022-02-12 11:48:31,778 INFO Apply tps control rule parse start,pointName=[CONFIG_PUSH_COUNT]  

2022-02-12 11:48:31,778 INFO Clear point  control rule ,pointName=[CONFIG_PUSH_COUNT]  

2022-02-12 11:48:31,778 INFO Clear point  control rule for monitorKeys, pointName=[CONFIG_PUSH_COUNT]  

2022-02-12 11:48:31,778 INFO Register tps control,pointName=CONFIG_PUSH_SUCCESS, point=com.alibaba.nacos.core.remote.control.TpsMonitorPoint@6a84bc3f 

2022-02-12 11:48:31,778 INFO Load rule from local,pointName=CONFIG_PUSH_SUCCESS, ruleContent= 

2022-02-12 11:48:31,779 INFO Apply tps control rule parse start,pointName=[CONFIG_PUSH_SUCCESS]  

2022-02-12 11:48:31,779 INFO Clear point  control rule ,pointName=[CONFIG_PUSH_SUCCESS]  

2022-02-12 11:48:31,779 INFO Clear point  control rule for monitorKeys, pointName=[CONFIG_PUSH_SUCCESS]  

2022-02-12 11:48:31,779 INFO Register tps control,pointName=CONFIG_PUSH_FAIL, point=com.alibaba.nacos.core.remote.control.TpsMonitorPoint@258ee7de 

2022-02-12 11:48:31,779 INFO Load rule from local,pointName=CONFIG_PUSH_FAIL, ruleContent= 

2022-02-12 11:48:31,779 INFO Apply tps control rule parse start,pointName=[CONFIG_PUSH_FAIL]  

2022-02-12 11:48:31,779 INFO Clear point  control rule ,pointName=[CONFIG_PUSH_FAIL]  

2022-02-12 11:48:31,779 INFO Clear point  control rule for monitorKeys, pointName=[CONFIG_PUSH_FAIL]  

2022-02-12 11:48:35,780 INFO Register tps control,pointName=ConfigQuery, point=com.alibaba.nacos.core.remote.control.TpsMonitorPoint@3727f0ee 

2022-02-12 11:48:35,780 INFO Load rule from local,pointName=ConfigQuery, ruleContent= 

2022-02-12 11:48:35,780 INFO Apply tps control rule parse start,pointName=[ConfigQuery]  

2022-02-12 11:48:35,781 INFO Clear point  control rule ,pointName=[ConfigQuery]  

2022-02-12 11:48:35,781 INFO Clear point  control rule for monitorKeys, pointName=[ConfigQuery]  

2022-02-12 11:48:35,781 INFO Register tps control,pointName=ClusterConfigChangeNotify, point=com.alibaba.nacos.core.remote.control.TpsMonitorPoint@5c448433 

2022-02-12 11:48:35,781 INFO Load rule from local,pointName=ClusterConfigChangeNotify, ruleContent= 

2022-02-12 11:48:35,781 INFO Apply tps control rule parse start,pointName=[ClusterConfigChangeNotify]  

2022-02-12 11:48:35,781 INFO Clear point  control rule ,pointName=[ClusterConfigChangeNotify]  

2022-02-12 11:48:35,781 INFO Clear point  control rule for monitorKeys, pointName=[ClusterConfigChangeNotify]  

2022-02-12 11:48:35,781 INFO Register tps control,pointName=ConfigListen, point=com.alibaba.nacos.core.remote.control.TpsMonitorPoint@fb713e7 

2022-02-12 11:48:35,781 INFO Load rule from local,pointName=ConfigListen, ruleContent= 

2022-02-12 11:48:35,781 INFO Apply tps control rule parse start,pointName=[ConfigListen]  

2022-02-12 11:48:35,781 INFO Clear point  control rule ,pointName=[ConfigListen]  

2022-02-12 11:48:35,781 INFO Clear point  control rule for monitorKeys, pointName=[ConfigListen]  

2022-02-12 11:48:35,781 INFO Register tps control,pointName=ConfigRemove, point=com.alibaba.nacos.core.remote.control.TpsMonitorPoint@1b5c3e5f 

2022-02-12 11:48:35,781 INFO Load rule from local,pointName=ConfigRemove, ruleContent= 

2022-02-12 11:48:35,781 INFO Apply tps control rule parse start,pointName=[ConfigRemove]  

2022-02-12 11:48:35,781 INFO Clear point  control rule ,pointName=[ConfigRemove]  

2022-02-12 11:48:35,781 INFO Clear point  control rule for monitorKeys, pointName=[ConfigRemove]  

2022-02-12 11:48:35,782 INFO Register tps control,pointName=ConfigPublish, point=com.alibaba.nacos.core.remote.control.TpsMonitorPoint@13741d5a 

2022-02-12 11:48:35,782 INFO Load rule from local,pointName=ConfigPublish, ruleContent= 

2022-02-12 11:48:35,782 INFO Apply tps control rule parse start,pointName=[ConfigPublish]  

2022-02-12 11:48:35,782 INFO Clear point  control rule ,pointName=[ConfigPublish]  

2022-02-12 11:48:35,782 INFO Clear point  control rule for monitorKeys, pointName=[ConfigPublish]  

2022-02-12 11:48:35,782 INFO Register tps control,pointName=HealthCheck, point=com.alibaba.nacos.core.remote.control.TpsMonitorPoint@6b69761b 

2022-02-12 11:48:35,782 INFO Load rule from local,pointName=HealthCheck, ruleContent= 

2022-02-12 11:48:35,782 INFO Apply tps control rule parse start,pointName=[HealthCheck]  

2022-02-12 11:48:35,782 INFO Clear point  control rule ,pointName=[HealthCheck]  

2022-02-12 11:48:35,782 INFO Clear point  control rule for monitorKeys, pointName=[HealthCheck]  

2022-02-12 11:49:59,115 INFO Register tps control,pointName=NAMING_RPC_PUSH, point=com.alibaba.nacos.core.remote.control.TpsMonitorPoint@11bebeab 

2022-02-12 11:49:59,116 INFO Load rule from local,pointName=NAMING_RPC_PUSH, ruleContent= 

2022-02-12 11:49:59,116 INFO Apply tps control rule parse start,pointName=[NAMING_RPC_PUSH]  

2022-02-12 11:49:59,116 INFO Clear point  control rule ,pointName=[NAMING_RPC_PUSH]  

2022-02-12 11:49:59,116 INFO Clear point  control rule for monitorKeys, pointName=[NAMING_RPC_PUSH]  

2022-02-12 11:49:59,116 INFO Register tps control,pointName=NAMING_RPC_PUSH_SUCCESS, point=com.alibaba.nacos.core.remote.control.TpsMonitorPoint@43a57002 

2022-02-12 11:49:59,116 INFO Load rule from local,pointName=NAMING_RPC_PUSH_SUCCESS, ruleContent= 

2022-02-12 11:49:59,116 INFO Apply tps control rule parse start,pointName=[NAMING_RPC_PUSH_SUCCESS]  

2022-02-12 11:49:59,116 INFO Clear point  control rule ,pointName=[NAMING_RPC_PUSH_SUCCESS]  

2022-02-12 11:49:59,116 INFO Clear point  control rule for monitorKeys, pointName=[NAMING_RPC_PUSH_SUCCESS]  

2022-02-12 11:49:59,116 INFO Register tps control,pointName=NAMING_RPC_PUSH_FAIL, point=com.alibaba.nacos.core.remote.control.TpsMonitorPoint@14569b35 

2022-02-12 11:49:59,116 INFO Load rule from local,pointName=NAMING_RPC_PUSH_FAIL, ruleContent= 

2022-02-12 11:49:59,116 INFO Apply tps control rule parse start,pointName=[NAMING_RPC_PUSH_FAIL]  

2022-02-12 11:49:59,116 INFO Clear point  control rule ,pointName=[NAMING_RPC_PUSH_FAIL]  

2022-02-12 11:49:59,116 INFO Clear point  control rule for monitorKeys, pointName=[NAMING_RPC_PUSH_FAIL]  

2022-02-12 11:49:59,116 INFO Register tps control,pointName=NAMING_UDP_PUSH, point=com.alibaba.nacos.core.remote.control.TpsMonitorPoint@6def92ff 

2022-02-12 11:49:59,125 INFO Load rule from local,pointName=NAMING_UDP_PUSH, ruleContent= 

2022-02-12 11:49:59,125 INFO Apply tps control rule parse start,pointName=[NAMING_UDP_PUSH]  

2022-02-12 11:49:59,125 INFO Clear point  control rule ,pointName=[NAMING_UDP_PUSH]  

2022-02-12 11:49:59,125 INFO Clear point  control rule for monitorKeys, pointName=[NAMING_UDP_PUSH]  

2022-02-12 11:49:59,125 INFO Register tps control,pointName=NAMING_UDP_PUSH_SUCCESS, point=com.alibaba.nacos.core.remote.control.TpsMonitorPoint@940320f 

2022-02-12 11:49:59,125 INFO Load rule from local,pointName=NAMING_UDP_PUSH_SUCCESS, ruleContent= 

2022-02-12 11:49:59,125 INFO Apply tps control rule parse start,pointName=[NAMING_UDP_PUSH_SUCCESS]  

2022-02-12 11:49:59,125 INFO Clear point  control rule ,pointName=[NAMING_UDP_PUSH_SUCCESS]  

2022-02-12 11:49:59,125 INFO Clear point  control rule for monitorKeys, pointName=[NAMING_UDP_PUSH_SUCCESS]  

2022-02-12 11:49:59,125 INFO Register tps control,pointName=NAMING_UDP_PUSH_FAIL, point=com.alibaba.nacos.core.remote.control.TpsMonitorPoint@610d6645 

2022-02-12 11:49:59,125 INFO Load rule from local,pointName=NAMING_UDP_PUSH_FAIL, ruleContent= 

2022-02-12 11:49:59,125 INFO Apply tps control rule parse start,pointName=[NAMING_UDP_PUSH_FAIL]  

2022-02-12 11:49:59,125 INFO Clear point  control rule ,pointName=[NAMING_UDP_PUSH_FAIL]  

2022-02-12 11:49:59,125 INFO Clear point  control rule for monitorKeys, pointName=[NAMING_UDP_PUSH_FAIL]  

